C51 COMPILER V9.01   MAIN                                                                  05/29/2015 17:43:43 PAGE 1   


C51 COMPILER V9.01, COMPILATION OF MODULE MAIN
OBJECT MODULE PLACED IN main.OBJ
COMPILER INVOKED BY: C:\Keil\C51\BIN\C51.EXE main.c BROWSE DEBUG OBJECTEXTEND

line level    source

   1          /**************************************************************************************************
   2                          Platform: Fire Bird V P89V51RD2
   3                          IO Operations Buzzer Beep
   4                          Written by: Omkar Pradhan, NEX Robotics Pvt. Ltd.
   5                          Edited By: Sachitanand Malewar, NEX Robotics Pvt. Ltd.
   6                          Last Modification: 2009-12-08
   7                          This program turns the buzzer ON and OFF with a finite delay in between
   8                          Compiled with: uVision3 V3.90; C Compiler: C51.Exe, V8.18
   9          **************************************************************************************************/
  10          
  11          /********************************************************************************
  12          
  13             Copyright (c) 2010, NEX Robotics Pvt. Ltd.                       -*- c -*-
  14             All rights reserved.
  15          
  16             Redistribution and use in source and binary forms, with or without
  17             modification, are permitted provided that the following conditions are met:
  18          
  19             * Redistributions of source code must retain the above copyright
  20               notice, this list of conditions and the following disclaimer.
  21          
  22             * Redistributions in binary form must reproduce the above copyright
  23               notice, this list of conditions and the following disclaimer in
  24               the documentation and/or other materials provided with the
  25               distribution.
  26          
  27             * Neither the name of the copyright holders nor the names of
  28               contributors may be used to endorse or promote products derived
  29               from this software without specific prior written permission.
  30          
  31             * Source code can be used for academic purpose. 
  32                   For commercial use permission form the author needs to be taken.
  33          
  34            THIS SOFTWARE IS PROVIDED BY THE COPYRIGHT HOLDERS AND CONTRIBUTORS "AS IS"
  35            AND ANY EXPRESS OR IMPLIED WARRANTIES, INCLUDING, BUT NOT LIMITED TO, THE
  36            IMPLIED WARRANTIES OF MERCHANTABILITY AND FITNESS FOR A PARTICULAR PURPOSE
  37            ARE DISCLAIMED. IN NO EVENT SHALL THE COPYRIGHT OWNER OR CONTRIBUTORS BE
  38            LIABLE FOR ANY DIRECT, INDIRECT, INCIDENTAL, SPECIAL, EXEMPLARY, OR
  39            CONSEQUENTIAL DAMAGES (INCLUDING, BUT NOT LIMITED TO, PROCUREMENT OF
  40            SUBSTITUTE GOODS OR SERVICES; LOSS OF USE, DATA, OR PROFITS; OR BUSINESS
  41            INTERRUPTION) HOWEVER CAUSED AND ON ANY THEORY OF LIABILITY, WHETHER IN
  42            CONTRACT, STRICT LIABILITY, OR TORT (INCLUDING NEGLIGENCE OR OTHERWISE)
  43            ARISING IN ANY WAY OUT OF THE USE OF THIS SOFTWARE, EVEN IF ADVISED OF THE
  44            POSSIBILITY OF SUCH DAMAGE. 
  45          
  46            Software released under Creative Commence cc by-nc-sa licence.
  47            For legal information refer to: 
  48            http://creativecommons.org/licenses/by-nc-sa/3.0/legalcode
  49          
  50          ********************************************************************************/
  51          
  52          #include <intrins.h>
  53          #include "p89v51rx2.h"
  54          
  55          sbit buzzer=P2^7;  //buzzer = 1; buzzer off, buzzer = 0; buzzer on,
C51 COMPILER V9.01   MAIN                                                                  05/29/2015 17:43:43 PAGE 2   

  56          
  57          // function for giving a delay of ms milliseconds
  58          void delay_ms(unsigned int ms)
  59          {
  60   1      unsigned int i,j;
  61   1      
  62   1      for(i=0;i<ms;i++)
  63   1      for(j=0;j<53;j++);
  64   1      
  65   1      }
  66          
  67          void main (void)
  68          {
  69   1      
  70   1      while(1)
  71   1      {
  72   2      buzzer=0;               //switch ON the buzzer
  73   2      delay_ms(100);  //give delay of 100 milliseconds
  74   2      buzzer=1;               //switch off the buzzer
  75   2      delay_ms(100);
  76   2      }
  77   1      }


MODULE INFORMATION:   STATIC OVERLAYABLE
   CODE SIZE        =     48    ----
   CONSTANT SIZE    =   ----    ----
   XDATA SIZE       =   ----    ----
   PDATA SIZE       =   ----    ----
   DATA SIZE        =   ----    ----
   IDATA SIZE       =   ----    ----
   BIT SIZE         =   ----    ----
END OF MODULE INFORMATION.


C51 COMPILATION COMPLETE.  0 WARNING(S),  0 ERROR(S)
