<html>
<body>
<pre>
<h1>µVision Build Log</h1>
<h2>Project:</h2>
C:\Users\Rahul\Documents\Internship\PROJECT_ARM7\ARM7 based modules\White Line following\white_line_follower.uvproj
Project File Date:  06/26/2015

<h2>Output:</h2>
Build target 'Target 1'
assembling Startup.s...
linking...
white_line_follower.axf: Warning: L6665W: Neither Lib$$Request$$armlib Lib$$Request$$cpplib defined, not searching ARM libraries.
white_line_follower.axf: Error: L6411W: No compatible library exists with a definition of startup symbol __main.
Target not created
Build target 'Target 1'
compiling white_line_follower.c...
white_line_follower.c(223): warning:  #1-D: last line of file ends without a newline
linking...
Program Size: Code=2000 RO-data=16 RW-data=0 ZI-data=1256  
FromELF: creating hex file...
"white_line_follower.axf" - 0 Error(s), 1 Warning(s).
Build target 'Target 1'
compiling white_line_follower.c...
linking...
Program Size: Code=2000 RO-data=16 RW-data=0 ZI-data=1256  
FromELF: creating hex file...
"white_line_follower.axf" - 0 Error(s), 0 Warning(s).
Build target 'Target 1'
compiling white_line_follower.c...
linking...
Program Size: Code=3412 RO-data=16 RW-data=0 ZI-data=1256  
FromELF: creating hex file...
"white_line_follower.axf" - 0 Error(s), 0 Warning(s).
Build target 'Target 1'
compiling white_line_follower.c...
linking...
Program Size: Code=3832 RO-data=16 RW-data=0 ZI-data=1256  
FromELF: creating hex file...
"white_line_follower.axf" - 0 Error(s), 0 Warning(s).
Build target 'Target 1'
compiling white_line_follower.c...
white_line_follower.c(347): warning:  #223-D: function "AD1_conversion" declared implicitly
white_line_follower.c(348): warning:  #223-D: function "AD0_conversion" declared implicitly
white_line_follower.c(351): warning:  #223-D: function "lcd_print" declared implicitly
linking...
white_line_follower.axf: Error: L6218E: Undefined symbol AD0_conversion (referred from white_line_follower.o).
white_line_follower.axf: Error: L6218E: Undefined symbol AD1_conversion (referred from white_line_follower.o).
white_line_follower.axf: Error: L6218E: Undefined symbol lcd_print (referred from white_line_follower.o).
Target not created
Build target 'Target 1'
compiling white_line_follower.c...
white_line_follower.c(347): warning:  #223-D: function "AD1_conversion" declared implicitly
white_line_follower.c(348): warning:  #223-D: function "AD0_conversion" declared implicitly
linking...
white_line_follower.axf: Error: L6218E: Undefined symbol AD0_conversion (referred from white_line_follower.o).
white_line_follower.axf: Error: L6218E: Undefined symbol AD1_conversion (referred from white_line_follower.o).
Target not created
Build target 'Target 1'
compiling white_line_follower.c...
linking...
Program Size: Code=4352 RO-data=32 RW-data=16 ZI-data=1256  
FromELF: creating hex file...
"white_line_follower.axf" - 0 Error(s), 0 Warning(s).
Build target 'Target 1'
compiling white_line_follower.c...
linking...
Program Size: Code=4276 RO-data=32 RW-data=16 ZI-data=1256  
FromELF: creating hex file...
"white_line_follower.axf" - 0 Error(s), 0 Warning(s).
Build target 'Target 1'
compiling white_line_follower.c...
linking...
Program Size: Code=4276 RO-data=32 RW-data=16 ZI-data=1256  
FromELF: creating hex file...
"white_line_follower.axf" - 0 Error(s), 0 Warning(s).
Build target 'Target 1'
compiling white_line_follower.c...
linking...
Program Size: Code=4276 RO-data=32 RW-data=16 ZI-data=1256  
FromELF: creating hex file...
"white_line_follower.axf" - 0 Error(s), 0 Warning(s).
Build target 'Target 1'
compiling white_line_follower.c...
linking...
Program Size: Code=4276 RO-data=32 RW-data=16 ZI-data=1256  
FromELF: creating hex file...
"white_line_follower.axf" - 0 Error(s), 0 Warning(s).
