<!doctype html public "-//w3c//dtd html 4.0 transitional//en">
<html><head>
<title>Static Call Graph - [C:\Users\Rahul\Documents\Internship\PROJECT_ARM7\ARM7 based modules\Timer_interrupt\buzzer_beep_using_timer_interrupt.axf]</title></head>
<body><HR>
<H1>Static Call Graph for image C:\Users\Rahul\Documents\Internship\PROJECT_ARM7\ARM7 based modules\Timer_interrupt\buzzer_beep_using_timer_interrupt.axf</H1><HR>
<BR><P>#&#060CALLGRAPH&#062# ARM Linker, RVCT4.0 [Build 728]: Last Updated: Thu Jun 25 11:05:26 2015
<BR><P>
<H3>Maximum Stack Usage =         12 bytes + Unknown(Functions without stacksize, Cycles, Untraceable Function Pointers)</H3><H3>
Call chain for Maximum Stack Depth:</H3>
main &rArr; Init_Peripherals &rArr; Init_Ports
<P>
<H3>
Functions with no stack information
</H3><UL>
 <LI><a href="#[21ef568]">Reset_Handler</a>
 <LI><a href="#[21ef5a4]">__user_initial_stackheap</a>
 <LI><a href="#[21ef7c0]">Undef_Handler</a>
 <LI><a href="#[21ef784]">SWI_Handler</a>
 <LI><a href="#[21ef748]">PAbt_Handler</a>
 <LI><a href="#[21ef70c]">DAbt_Handler</a>
 <LI><a href="#[21ef6d0]">IRQ_Handler</a>
 <LI><a href="#[21ef694]">FIQ_Handler</a>
</UL>
</UL>
<P>
<H3>
Mutually Recursive functions
</H3> <LI><a href="#[21ef7c0]">Undef_Handler</a>&nbsp;&nbsp;&nbsp;&rArr;&nbsp;&nbsp;&nbsp;<a href="#[21ef7c0]">Undef_Handler</a><BR>
 <LI><a href="#[21ef784]">SWI_Handler</a>&nbsp;&nbsp;&nbsp;&rArr;&nbsp;&nbsp;&nbsp;<a href="#[21ef784]">SWI_Handler</a><BR>
 <LI><a href="#[21ef748]">PAbt_Handler</a>&nbsp;&nbsp;&nbsp;&rArr;&nbsp;&nbsp;&nbsp;<a href="#[21ef748]">PAbt_Handler</a><BR>
 <LI><a href="#[21ef70c]">DAbt_Handler</a>&nbsp;&nbsp;&nbsp;&rArr;&nbsp;&nbsp;&nbsp;<a href="#[21ef70c]">DAbt_Handler</a><BR>
 <LI><a href="#[21ef6d0]">IRQ_Handler</a>&nbsp;&nbsp;&nbsp;&rArr;&nbsp;&nbsp;&nbsp;<a href="#[21ef6d0]">IRQ_Handler</a><BR>
 <LI><a href="#[21ef694]">FIQ_Handler</a>&nbsp;&nbsp;&nbsp;&rArr;&nbsp;&nbsp;&nbsp;<a href="#[21ef694]">FIQ_Handler</a><BR>
</UL>
<P>
<H3>
Function Pointers
</H3><UL>
 <LI><a href="#[21ef568]">Reset_Handler</a>
 <LI><a href="#[21ef7c0]">Undef_Handler</a>
 <LI><a href="#[21ef784]">SWI_Handler</a>
 <LI><a href="#[21ef748]">PAbt_Handler</a>
 <LI><a href="#[21ef70c]">DAbt_Handler</a>
 <LI><a href="#[21ef6d0]">IRQ_Handler</a>
 <LI><a href="#[21ef694]">FIQ_Handler</a>
 <LI><a href="#[21ee9b0]">__main</a>
 <LI><a href="#[21eedac]">main</a>
 <LI><a href="#[21ea84c]">__I$use$semihosting</a>
</UL>
<P>
<H3>
Global Symbols
</H3>
<P><STRONG><a name="[21ef568]"></a>Reset_Handler</STRONG> (ARM, 0 bytes, Stack size unknown bytes, startup.o(RESET))
<BR>[Address Reference Count : 1]<UL><LI> startup.o(RESET)
</UL>
<P><STRONG><a name="[21ee9b0]"></a>__main</STRONG> (ARM, 8 bytes, Stack size 0 bytes, __main.o(!!!main))
<BR><BR>[Calls]<UL><LI><a href="#[21e8218]">&gt;&gt;</a>&nbsp;&nbsp;&nbsp;__scatterload
<LI><a href="#[21ee884]">&gt;&gt;</a>&nbsp;&nbsp;&nbsp;__rt_entry
</UL>

<P><STRONG><a name="[21e8218]"></a>__scatterload</STRONG> (ARM, 0 bytes, Stack size unknown bytes, __scatter.o(!!!scatter))
<BR><BR>[Called By]<UL><LI><a href="#[21ee9b0]">&gt;&gt;</a>&nbsp;&nbsp;&nbsp;__main
</UL>

<P><STRONG><a name="[21e81dc]"></a>__scatterload_rt2</STRONG> (ARM, 52 bytes, Stack size unknown bytes, __scatter.o(!!!scatter), UNUSED)
<BR><BR>[Calls]<UL><LI><a href="#[21ee884]">&gt;&gt;</a>&nbsp;&nbsp;&nbsp;__rt_entry
</UL>

<P><STRONG><a name="[21e81a0]"></a>__scatterload_null</STRONG> (ARM, 0 bytes, Stack size unknown bytes, __scatter.o(!!!scatter), UNUSED)

<P><STRONG><a name="[21e7ffc]"></a>__scatterload_copy</STRONG> (ARM, 40 bytes, Stack size unknown bytes, __scatter_copy.o(!!handler_copy), UNUSED)
<BR><BR>[Calls]<UL><LI><a href="#[21e7ffc]">&gt;&gt;</a>&nbsp;&nbsp;&nbsp;__scatterload_copy
</UL>
<BR>[Called By]<UL><LI><a href="#[21e7ffc]">&gt;&gt;</a>&nbsp;&nbsp;&nbsp;__scatterload_copy
</UL>

<P><STRONG><a name="[21e7f0c]"></a>__scatterload_zeroinit</STRONG> (ARM, 44 bytes, Stack size unknown bytes, __scatter_zi.o(!!handler_zi), UNUSED)

<P><STRONG><a name="[21eda74]"></a>__rt_lib_init</STRONG> (Thumb, 0 bytes, Stack size unknown bytes, libinit.o(.ARM.Collect$$libinit$$00000000))
<BR><BR>[Stack]<UL><LI>Max Depth = 8 + Unknown Stack Size
<LI>Call Chain = __rt_lib_init &rArr; _fp_init
</UL>
<BR>[Calls]<UL><LI><a href="#[21eb8b4]">&gt;&gt;</a>&nbsp;&nbsp;&nbsp;_fp_init (via Veneer)
</UL>
<BR>[Called By]<UL><LI><a href="#[21ee3d4]">&gt;&gt;</a>&nbsp;&nbsp;&nbsp;__rt_entry_li (via Veneer)
</UL>

<P><STRONG><a name="[21ebf44]"></a>__rt_lib_init_alloca_1</STRONG> (Thumb, 0 bytes, Stack size unknown bytes, libinit2.o(.ARM.Collect$$libinit$$0000002A))

<P><STRONG><a name="[21ebfbc]"></a>__rt_lib_init_argv_1</STRONG> (Thumb, 0 bytes, Stack size unknown bytes, libinit2.o(.ARM.Collect$$libinit$$00000028))

<P><STRONG><a name="[21ec37c]"></a>__rt_lib_init_atexit_1</STRONG> (Thumb, 0 bytes, Stack size unknown bytes, libinit2.o(.ARM.Collect$$libinit$$00000017))

<P><STRONG><a name="[21ec214]"></a>__rt_lib_init_clock_1</STRONG> (Thumb, 0 bytes, Stack size unknown bytes, libinit2.o(.ARM.Collect$$libinit$$0000001D))

<P><STRONG><a name="[21ebe54]"></a>__rt_lib_init_cpp_1</STRONG> (Thumb, 0 bytes, Stack size unknown bytes, libinit2.o(.ARM.Collect$$libinit$$0000002E))

<P><STRONG><a name="[21ebecc]"></a>__rt_lib_init_exceptions_1</STRONG> (Thumb, 0 bytes, Stack size unknown bytes, libinit2.o(.ARM.Collect$$libinit$$0000002C))

<P><STRONG><a name="[21ec28c]"></a>__rt_lib_init_fp_trap_1</STRONG> (Thumb, 0 bytes, Stack size unknown bytes, libinit2.o(.ARM.Collect$$libinit$$0000001B))

<P><STRONG><a name="[21ec19c]"></a>__rt_lib_init_getenv_1</STRONG> (Thumb, 0 bytes, Stack size unknown bytes, libinit2.o(.ARM.Collect$$libinit$$0000001F))

<P><STRONG><a name="[21ec778]"></a>__rt_lib_init_heap_1</STRONG> (Thumb, 0 bytes, Stack size unknown bytes, libinit2.o(.ARM.Collect$$libinit$$00000006))

<P><STRONG><a name="[21ec5d4]"></a>__rt_lib_init_lc_collate_1</STRONG> (Thumb, 0 bytes, Stack size unknown bytes, libinit2.o(.ARM.Collect$$libinit$$0000000D))

<P><STRONG><a name="[21ec55c]"></a>__rt_lib_init_lc_ctype_1</STRONG> (Thumb, 0 bytes, Stack size unknown bytes, libinit2.o(.ARM.Collect$$libinit$$0000000F))

<P><STRONG><a name="[21ec4e4]"></a>__rt_lib_init_lc_monetary_1</STRONG> (Thumb, 0 bytes, Stack size unknown bytes, libinit2.o(.ARM.Collect$$libinit$$00000011))

<P><STRONG><a name="[21ec46c]"></a>__rt_lib_init_lc_numeric_1</STRONG> (Thumb, 0 bytes, Stack size unknown bytes, libinit2.o(.ARM.Collect$$libinit$$00000013))

<P><STRONG><a name="[21ec3f4]"></a>__rt_lib_init_lc_time_1</STRONG> (Thumb, 0 bytes, Stack size unknown bytes, libinit2.o(.ARM.Collect$$libinit$$00000015))

<P><STRONG><a name="[21ec688]"></a>__rt_lib_init_rand_1</STRONG> (Thumb, 0 bytes, Stack size unknown bytes, libinit2.o(.ARM.Collect$$libinit$$0000000A))

<P><STRONG><a name="[21ebe18]"></a>__rt_lib_init_return</STRONG> (Thumb, 0 bytes, Stack size unknown bytes, libinit2.o(.ARM.Collect$$libinit$$0000002F))

<P><STRONG><a name="[21ec304]"></a>__rt_lib_init_signal_1</STRONG> (Thumb, 0 bytes, Stack size unknown bytes, libinit2.o(.ARM.Collect$$libinit$$00000019))

<P><STRONG><a name="[21ec124]"></a>__rt_lib_init_stdio_1</STRONG> (Thumb, 0 bytes, Stack size unknown bytes, libinit2.o(.ARM.Collect$$libinit$$00000021))

<P><STRONG><a name="[21ec700]"></a>__rt_lib_init_user_alloc_1</STRONG> (Thumb, 0 bytes, Stack size unknown bytes, libinit2.o(.ARM.Collect$$libinit$$00000008))

<P><STRONG><a name="[21eab94]"></a>__rt_lib_shutdown</STRONG> (Thumb, 0 bytes, Stack size unknown bytes, libshutdown.o(.ARM.Collect$$libshutdown$$00000000))
<BR><BR>[Called By]<UL><LI><a href="#[21eb65c]">&gt;&gt;</a>&nbsp;&nbsp;&nbsp;__rt_exit_ls (via Veneer)
</UL>

<P><STRONG><a name="[21e9f28]"></a>__rt_lib_shutdown_fp_trap_1</STRONG> (Thumb, 0 bytes, Stack size unknown bytes, libshutdown2.o(.ARM.Collect$$libshutdown$$00000006))

<P><STRONG><a name="[21e9d48]"></a>__rt_lib_shutdown_heap_1</STRONG> (Thumb, 0 bytes, Stack size unknown bytes, libshutdown2.o(.ARM.Collect$$libshutdown$$0000000E))

<P><STRONG><a name="[21e9d0c]"></a>__rt_lib_shutdown_return</STRONG> (Thumb, 0 bytes, Stack size unknown bytes, libshutdown2.o(.ARM.Collect$$libshutdown$$0000000F))

<P><STRONG><a name="[21e9e74]"></a>__rt_lib_shutdown_signal_1</STRONG> (Thumb, 0 bytes, Stack size unknown bytes, libshutdown2.o(.ARM.Collect$$libshutdown$$00000009))

<P><STRONG><a name="[21e9fdc]"></a>__rt_lib_shutdown_stdio_1</STRONG> (Thumb, 0 bytes, Stack size unknown bytes, libshutdown2.o(.ARM.Collect$$libshutdown$$00000003))

<P><STRONG><a name="[21e9dfc]"></a>__rt_lib_shutdown_user_alloc_1</STRONG> (Thumb, 0 bytes, Stack size unknown bytes, libshutdown2.o(.ARM.Collect$$libshutdown$$0000000B))

<P><STRONG><a name="[21ee884]"></a>__rt_entry</STRONG> (ARM, 0 bytes, Stack size unknown bytes, rtentry.o(.ARM.Collect$$rtentry$$00000000))
<BR><BR>[Called By]<UL><LI><a href="#[21e81dc]">&gt;&gt;</a>&nbsp;&nbsp;&nbsp;__scatterload_rt2
<LI><a href="#[21ee9b0]">&gt;&gt;</a>&nbsp;&nbsp;&nbsp;__main
</UL>

<P><STRONG><a name="[21ee488]"></a>__rt_entry_presh_1</STRONG> (ARM, 0 bytes, Stack size unknown bytes, rtentry2.o(.ARM.Collect$$rtentry$$00000002))

<P><STRONG><a name="[21ee104]"></a>__rt_entry_sh</STRONG> (ARM, 0 bytes, Stack size unknown bytes, rtentry4.o(.ARM.Collect$$rtentry$$00000004))
<BR><BR>[Stack]<UL><LI>Max Depth = 8 + Unknown Stack Size
<LI>Call Chain = __rt_entry_sh &rArr; __user_setup_stackheap
</UL>
<BR>[Calls]<UL><LI><a href="#[21edfd8]">&gt;&gt;</a>&nbsp;&nbsp;&nbsp;__user_setup_stackheap
</UL>

<P><STRONG><a name="[21ee3d4]"></a>__rt_entry_li</STRONG> (ARM, 0 bytes, Stack size unknown bytes, rtentry2.o(.ARM.Collect$$rtentry$$0000000A))
<BR><BR>[Stack]<UL><LI>Max Depth = 8 + Unknown Stack Size
<LI>Call Chain = __rt_entry_li &rArr; __rt_lib_init &rArr; _fp_init
</UL>
<BR>[Calls]<UL><LI><a href="#[21eda74]">&gt;&gt;</a>&nbsp;&nbsp;&nbsp;__rt_lib_init (via Veneer)
</UL>

<P><STRONG><a name="[21ee410]"></a>__rt_entry_postsh_1</STRONG> (ARM, 0 bytes, Stack size unknown bytes, rtentry2.o(.ARM.Collect$$rtentry$$00000009))

<P><STRONG><a name="[21ee320]"></a>__rt_entry_main</STRONG> (ARM, 0 bytes, Stack size unknown bytes, rtentry2.o(.ARM.Collect$$rtentry$$0000000D))
<BR><BR>[Calls]<UL><LI><a href="#[21ede70]">&gt;&gt;</a>&nbsp;&nbsp;&nbsp;exit (via BX)
</UL>

<P><STRONG><a name="[21ee35c]"></a>__rt_entry_postli_1</STRONG> (ARM, 0 bytes, Stack size unknown bytes, rtentry2.o(.ARM.Collect$$rtentry$$0000000C))

<P><STRONG><a name="[21ed2f4]"></a>__rt_exit</STRONG> (ARM, 0 bytes, Stack size unknown bytes, rtexit.o(.ARM.Collect$$rtexit$$00000000))
<BR><BR>[Called By]<UL><LI><a href="#[21ede70]">&gt;&gt;</a>&nbsp;&nbsp;&nbsp;exit (via Veneer)
</UL>

<P><STRONG><a name="[21eb65c]"></a>__rt_exit_ls</STRONG> (ARM, 0 bytes, Stack size unknown bytes, rtexit2.o(.ARM.Collect$$rtexit$$00000003))
<BR><BR>[Calls]<UL><LI><a href="#[21eab94]">&gt;&gt;</a>&nbsp;&nbsp;&nbsp;__rt_lib_shutdown (via Veneer)
</UL>

<P><STRONG><a name="[21eb698]"></a>__rt_exit_prels_1</STRONG> (ARM, 0 bytes, Stack size unknown bytes, rtexit2.o(.ARM.Collect$$rtexit$$00000002))

<P><STRONG><a name="[21eb620]"></a>__rt_exit_exit</STRONG> (ARM, 0 bytes, Stack size unknown bytes, rtexit2.o(.ARM.Collect$$rtexit$$00000004))
<BR><BR>[Calls]<UL><LI><a href="#[21eb080]">&gt;&gt;</a>&nbsp;&nbsp;&nbsp;_sys_exit
</UL>

<P><STRONG><a name="[21ef5a4]"></a>__user_initial_stackheap</STRONG> (ARM, 0 bytes, Stack size unknown bytes, startup.o(.text))
<BR><BR>[Called By]<UL><LI><a href="#[21edfd8]">&gt;&gt;</a>&nbsp;&nbsp;&nbsp;__user_setup_stackheap
</UL>

<P><STRONG><a name="[21eeed8]"></a>Init_Buzzer_Pin</STRONG> (ARM, 52 bytes, Stack size 0 bytes, buzzer_beep_using_timer_interrupt.o(.text))
<BR><BR>[Called By]<UL><LI><a href="#[21eee24]">&gt;&gt;</a>&nbsp;&nbsp;&nbsp;Init_Ports
</UL>

<P><STRONG><a name="[21eee9c]"></a>IRQ_Timer0</STRONG> (ARM, 136 bytes, Stack size 8 bytes, buzzer_beep_using_timer_interrupt.o(.text), UNUSED)

<P><STRONG><a name="[21eee60]"></a>Timer0_Init</STRONG> (ARM, 108 bytes, Stack size 0 bytes, buzzer_beep_using_timer_interrupt.o(.text))
<BR><BR>[Called By]<UL><LI><a href="#[21eede8]">&gt;&gt;</a>&nbsp;&nbsp;&nbsp;Init_Peripherals
</UL>

<P><STRONG><a name="[21eee24]"></a>Init_Ports</STRONG> (ARM, 16 bytes, Stack size 4 bytes, buzzer_beep_using_timer_interrupt.o(.text))
<BR><BR>[Stack]<UL><LI>Max Depth = 4<LI>Call Chain = Init_Ports
</UL>
<BR>[Calls]<UL><LI><a href="#[21eeed8]">&gt;&gt;</a>&nbsp;&nbsp;&nbsp;Init_Buzzer_Pin
</UL>
<BR>[Called By]<UL><LI><a href="#[21eede8]">&gt;&gt;</a>&nbsp;&nbsp;&nbsp;Init_Peripherals
</UL>

<P><STRONG><a name="[21eede8]"></a>Init_Peripherals</STRONG> (ARM, 20 bytes, Stack size 4 bytes, buzzer_beep_using_timer_interrupt.o(.text))
<BR><BR>[Stack]<UL><LI>Max Depth = 8<LI>Call Chain = Init_Peripherals &rArr; Init_Ports
</UL>
<BR>[Calls]<UL><LI><a href="#[21eee24]">&gt;&gt;</a>&nbsp;&nbsp;&nbsp;Init_Ports
<LI><a href="#[21eee60]">&gt;&gt;</a>&nbsp;&nbsp;&nbsp;Timer0_Init
</UL>
<BR>[Called By]<UL><LI><a href="#[21eedac]">&gt;&gt;</a>&nbsp;&nbsp;&nbsp;main
</UL>

<P><STRONG><a name="[21eedac]"></a>main</STRONG> (ARM, 36 bytes, Stack size 4 bytes, buzzer_beep_using_timer_interrupt.o(.text))
<BR><BR>[Stack]<UL><LI>Max Depth = 12<LI>Call Chain = main &rArr; Init_Peripherals &rArr; Init_Ports
</UL>
<BR>[Calls]<UL><LI><a href="#[21eede8]">&gt;&gt;</a>&nbsp;&nbsp;&nbsp;Init_Peripherals
</UL>
<BR>[Address Reference Count : 1]<UL><LI> rtentry2.o(.ARM.Collect$$rtentry$$0000000D)
</UL>
<P><STRONG><a name="[21eeb18]"></a>__use_two_region_memory</STRONG> (Thumb, 2 bytes, Stack size 0 bytes, heapauxi.o(.text), UNUSED)

<P><STRONG><a name="[21eeadc]"></a>__rt_heap_escrow$2region</STRONG> (Thumb, 2 bytes, Stack size 0 bytes, heapauxi.o(.text), UNUSED)

<P><STRONG><a name="[21eeaa0]"></a>__rt_heap_expand$2region</STRONG> (Thumb, 2 bytes, Stack size 0 bytes, heapauxi.o(.text), UNUSED)

<P><STRONG><a name="[21edfd8]"></a>__user_setup_stackheap</STRONG> (ARM, 96 bytes, Stack size 8 bytes, sys_stackheap_outer.o(.text))
<BR><BR>[Stack]<UL><LI>Max Depth = 8 + Unknown Stack Size
<LI>Call Chain = __user_setup_stackheap
</UL>
<BR>[Calls]<UL><LI><a href="#[21ed3e4]">&gt;&gt;</a>&nbsp;&nbsp;&nbsp;__user_perproc_libspace
<LI><a href="#[21ef5a4]">&gt;&gt;</a>&nbsp;&nbsp;&nbsp;__user_initial_stackheap
</UL>
<BR>[Called By]<UL><LI><a href="#[21ee104]">&gt;&gt;</a>&nbsp;&nbsp;&nbsp;__rt_entry_sh
</UL>

<P><STRONG><a name="[21ede70]"></a>exit</STRONG> (Thumb, 12 bytes, Stack size 0 bytes, exit.o(.text))
<BR><BR>[Calls]<UL><LI><a href="#[21ed2f4]">&gt;&gt;</a>&nbsp;&nbsp;&nbsp;__rt_exit (via Veneer)
<LI><a href="#[21eddf8]">&gt;&gt;</a>&nbsp;&nbsp;&nbsp;_call_atexit_fns (Weak Reference)
</UL>
<BR>[Called By]<UL><LI><a href="#[21ee320]">&gt;&gt;</a>&nbsp;&nbsp;&nbsp;__rt_entry_main
</UL>

<P><STRONG><a name="[21ed420]"></a>__user_libspace</STRONG> (ARM, 12 bytes, Stack size 0 bytes, libspace.o(.text), UNUSED)

<P><STRONG><a name="[21ed3e4]"></a>__user_perproc_libspace</STRONG> (ARM, 0 bytes, Stack size 0 bytes, libspace.o(.text))
<BR><BR>[Called By]<UL><LI><a href="#[21edfd8]">&gt;&gt;</a>&nbsp;&nbsp;&nbsp;__user_setup_stackheap
</UL>

<P><STRONG><a name="[21ed3a8]"></a>__user_perthread_libspace</STRONG> (ARM, 0 bytes, Stack size 0 bytes, libspace.o(.text), UNUSED)

<P><STRONG><a name="[21eb314]"></a>__rt_fp_status_addr</STRONG> (ARM, 16 bytes, Stack size 0 bytes, rt_fp_status_addr_intlibspace.o(.text))
<BR><BR>[Called By]<UL><LI><a href="#[21eb8b4]">&gt;&gt;</a>&nbsp;&nbsp;&nbsp;_fp_init
</UL>

<P><STRONG><a name="[21eb080]"></a>_sys_exit</STRONG> (ARM, 20 bytes, Stack size 0 bytes, sys_exit.o(.text))
<BR><BR>[Called By]<UL><LI><a href="#[21eb620]">&gt;&gt;</a>&nbsp;&nbsp;&nbsp;__rt_exit_exit
</UL>

<P><STRONG><a name="[21ea84c]"></a>__I$use$semihosting</STRONG> (ARM, 0 bytes, Stack size 0 bytes, use_no_semi.o(.text))
<BR>[Address Reference Count : 1]<UL><LI> sys_exit.o(.text)
</UL>
<P><STRONG><a name="[21ea810]"></a>__use_no_semihosting_swi</STRONG> (ARM, 4 bytes, Stack size 0 bytes, use_no_semi.o(.text), UNUSED)

<P><STRONG><a name="[21eb8b4]"></a>_fp_init</STRONG> (ARM, 24 bytes, Stack size 8 bytes, fpinit.o(x$fpl$fpinit))
<BR><BR>[Stack]<UL><LI>Max Depth = 8<LI>Call Chain = _fp_init
</UL>
<BR>[Calls]<UL><LI><a href="#[21eb314]">&gt;&gt;</a>&nbsp;&nbsp;&nbsp;__rt_fp_status_addr
</UL>
<BR>[Called By]<UL><LI><a href="#[21eda74]">&gt;&gt;</a>&nbsp;&nbsp;&nbsp;__rt_lib_init (via Veneer)
</UL>

<P><STRONG><a name="[21eb878]"></a>__fplib_config_pureend_doubles</STRONG> (ARM, 0 bytes, Stack size unknown bytes, fpinit.o(x$fpl$fpinit), UNUSED)
<P>
<H3>
Local Symbols
</H3>
<P><STRONG><a name="[21ef7c0]"></a>Undef_Handler</STRONG> (ARM, 4 bytes, Stack size unknown bytes, startup.o(RESET))
<BR><BR>[Calls]<UL><LI><a href="#[21ef7c0]">&gt;&gt;</a>&nbsp;&nbsp;&nbsp;Undef_Handler
</UL>
<BR>[Called By]<UL><LI><a href="#[21ef7c0]">&gt;&gt;</a>&nbsp;&nbsp;&nbsp;Undef_Handler
</UL>
<BR>[Address Reference Count : 1]<UL><LI> startup.o(RESET)
</UL>
<P><STRONG><a name="[21ef784]"></a>SWI_Handler</STRONG> (ARM, 4 bytes, Stack size unknown bytes, startup.o(RESET))
<BR><BR>[Calls]<UL><LI><a href="#[21ef784]">&gt;&gt;</a>&nbsp;&nbsp;&nbsp;SWI_Handler
</UL>
<BR>[Called By]<UL><LI><a href="#[21ef784]">&gt;&gt;</a>&nbsp;&nbsp;&nbsp;SWI_Handler
</UL>
<BR>[Address Reference Count : 1]<UL><LI> startup.o(RESET)
</UL>
<P><STRONG><a name="[21ef748]"></a>PAbt_Handler</STRONG> (ARM, 4 bytes, Stack size unknown bytes, startup.o(RESET))
<BR><BR>[Calls]<UL><LI><a href="#[21ef748]">&gt;&gt;</a>&nbsp;&nbsp;&nbsp;PAbt_Handler
</UL>
<BR>[Called By]<UL><LI><a href="#[21ef748]">&gt;&gt;</a>&nbsp;&nbsp;&nbsp;PAbt_Handler
</UL>
<BR>[Address Reference Count : 1]<UL><LI> startup.o(RESET)
</UL>
<P><STRONG><a name="[21ef70c]"></a>DAbt_Handler</STRONG> (ARM, 4 bytes, Stack size unknown bytes, startup.o(RESET))
<BR><BR>[Calls]<UL><LI><a href="#[21ef70c]">&gt;&gt;</a>&nbsp;&nbsp;&nbsp;DAbt_Handler
</UL>
<BR>[Called By]<UL><LI><a href="#[21ef70c]">&gt;&gt;</a>&nbsp;&nbsp;&nbsp;DAbt_Handler
</UL>
<BR>[Address Reference Count : 1]<UL><LI> startup.o(RESET)
</UL>
<P><STRONG><a name="[21ef6d0]"></a>IRQ_Handler</STRONG> (ARM, 4 bytes, Stack size unknown bytes, startup.o(RESET))
<BR><BR>[Calls]<UL><LI><a href="#[21ef6d0]">&gt;&gt;</a>&nbsp;&nbsp;&nbsp;IRQ_Handler
</UL>
<BR>[Called By]<UL><LI><a href="#[21ef6d0]">&gt;&gt;</a>&nbsp;&nbsp;&nbsp;IRQ_Handler
</UL>
<BR>[Address Reference Count : 1]<UL><LI> startup.o(RESET)
</UL>
<P><STRONG><a name="[21ef694]"></a>FIQ_Handler</STRONG> (ARM, 4 bytes, Stack size unknown bytes, startup.o(RESET))
<BR><BR>[Calls]<UL><LI><a href="#[21ef694]">&gt;&gt;</a>&nbsp;&nbsp;&nbsp;FIQ_Handler
</UL>
<BR>[Called By]<UL><LI><a href="#[21ef694]">&gt;&gt;</a>&nbsp;&nbsp;&nbsp;FIQ_Handler
</UL>
<BR>[Address Reference Count : 1]<UL><LI> startup.o(RESET)
</UL><P>
<H3>
Undefined Global Symbols
</H3>
<P><STRONG><a name="[21eddf8]"></a>_call_atexit_fns</STRONG> (ARM, 0 bytes, Stack size 0 bytes, UNDEFINED)
<BR><BR>[Called By]<UL><LI><a href="#[21ede70]">&gt;&gt;</a>&nbsp;&nbsp;&nbsp;exit
</UL>
<HR></body></html>
