<html>
<body>
<pre>
<h1>µVision Build Log</h1>
<h2>Project:</h2>
C:\Users\Rahul\Documents\Internship\PROJECT_ARM7\ARM7 based modules\Timer_interrupt\buzzer_beep_using_timer_interrupt.uvproj
Project File Date:  06/24/2015

<h2>Output:</h2>
Build target 'Target 1'
compiling buzzer_beep_using_timer_interrupt.c...
linking...
Program Size: Code=1168 RO-data=32 RW-data=4 ZI-data=1260  
FromELF: creating hex file...
"buzzer_beep_using_timer_interrupt.axf" - 0 Error(s), 0 Warning(s).
Build target 'Target 1'
compiling buzzer_beep_using_timer_interrupt.c...
linking...
Program Size: Code=1168 RO-data=32 RW-data=4 ZI-data=1260  
FromELF: creating hex file...
"buzzer_beep_using_timer_interrupt.axf" - 0 Error(s), 0 Warning(s).
Build target 'Target 1'
compiling buzzer_beep_using_timer_interrupt.c...
linking...
Program Size: Code=1168 RO-data=32 RW-data=4 ZI-data=1260  
FromELF: creating hex file...
"buzzer_beep_using_timer_interrupt.axf" - 0 Error(s), 0 Warning(s).
