<html>
<body>
<pre>
<h1>µVision Build Log</h1>
<h2>Project:</h2>
C:\Users\Dinesh\Documents\Internship\ARM7\Pos_encoder\Pos_encoder2\Pos_encoder2.uvproj
Project File Date:  06/23/2015

<h2>Output:</h2>
Build target 'Target 1'
assembling Startup.s...
compiling Pos_encoder2.c...
Pos_encoder2.c(458): error:  #268: declaration may not appear after executable statement in block
Pos_encoder2.c(472): error:  #65: expected a ";"
Target not created
Build target 'Target 1'
compiling Pos_encoder2.c...
Pos_encoder2.c(458): error:  #268: declaration may not appear after executable statement in block
Target not created
Build target 'Target 1'
compiling Pos_encoder2.c...
linking...
Program Size: Code=4680 RO-data=32 RW-data=8 ZI-data=1256  
FromELF: creating hex file...
"Pos_encoder2.axf" - 0 Error(s), 0 Warning(s).
Build target 'Target 1'
compiling Pos_encoder2.c...
linking...
Program Size: Code=4676 RO-data=32 RW-data=8 ZI-data=1256  
FromELF: creating hex file...
"Pos_encoder2.axf" - 0 Error(s), 0 Warning(s).
