<html>
<body>
<pre>
<h1>µVision Build Log</h1>
<h2>Project:</h2>
C:\Users\Dinesh\Documents\Internship\ARM7\Pos_encoder\Pos_encoder3\Pos_encoder3.uvproj
Project File Date:  06/23/2015

<h2>Output:</h2>
Build target 'Target 1'
assembling Startup.s...
linking...
Pos_encoder3.axf: Warning: L6665W: Neither Lib$$Request$$armlib Lib$$Request$$cpplib defined, not searching ARM libraries.
Pos_encoder3.axf: Error: L6411W: No compatible library exists with a definition of startup symbol __main.
Target not created
Build target 'Target 1'
compiling pos_encoder3.c...
linking...
Program Size: Code=4652 RO-data=32 RW-data=8 ZI-data=1256  
FromELF: creating hex file...
"Pos_encoder3.axf" - 0 Error(s), 0 Warning(s).
Build target 'Target 1'
compiling pos_encoder3.c...
linking...
Program Size: Code=4692 RO-data=32 RW-data=8 ZI-data=1256  
FromELF: creating hex file...
"Pos_encoder3.axf" - 0 Error(s), 0 Warning(s).
Build target 'Target 1'
compiling pos_encoder3.c...
linking...
Program Size: Code=4696 RO-data=32 RW-data=8 ZI-data=1256  
FromELF: creating hex file...
"Pos_encoder3.axf" - 0 Error(s), 0 Warning(s).
