ARM Linker, RVCT4.0 [Build 728] [Evaluation]

==============================================================================

Section Cross References

    startup.o(STACK) refers (Special) to heapauxi.o(.text) for __use_two_region_memory
    startup.o(HEAP) refers (Special) to heapauxi.o(.text) for __use_two_region_memory
    startup.o(RESET) refers (Special) to heapauxi.o(.text) for __use_two_region_memory
    startup.o(RESET) refers to startup.o(STACK) for Stack_Top
    startup.o(RESET) refers to __main.o(!!!main) for __main
    startup.o(.text) refers (Special) to heapauxi.o(.text) for __use_two_region_memory
    startup.o(.text) refers to startup.o(HEAP) for Heap_Mem
    startup.o(.text) refers to startup.o(STACK) for Stack_Mem
    theme.o(.text) refers to fflt_noclz.o(x$fpl$ffltu) for __aeabi_ui2f
    theme.o(.text) refers to f2d.o(x$fpl$f2d) for __aeabi_f2d
    theme.o(.text) refers to ddiv.o(x$fpl$ddiv) for __aeabi_ddiv
    theme.o(.text) refers to d2f.o(x$fpl$d2f) for __aeabi_d2f
    theme.o(.text) refers to ffixu.o(x$fpl$ffixu) for __aeabi_f2uiz
    theme.o(.text) refers to dflt_noclz.o(x$fpl$dfltu) for __aeabi_ui2d
    theme.o(.text) refers to theme.o(.data) for Left_Shaft_Count
    theme.o(.text) refers to aeabi_sdiv.o(.text_udiv) for __aeabi_uidivmod
    aeabi_sdiv.o(.text_udiv) refers to aeabi_sdiv.o(.text) for __arm_div4
    aeabi_sdiv_div0.o(.text_udiv) refers to aeabi_sdiv_div0.o(.text) for __arm_div4
    __main.o(!!!main) refers to rtentry.o(.ARM.Collect$$rtentry$$00000000) for __rt_entry
    d2f.o(x$fpl$d2f) refers (Special) to usenofp.o(x$fpl$usenofp) for __I$use$fp
    d2f.o(x$fpl$d2f) refers (Special) to funder.o(x$fpl$funder) for __funder
    d2f.o(x$fpl$d2f) refers to dcheck1.o(x$fpl$dcheck1) for __fpl_dcheck_NaN1
    ddiv.o(x$fpl$drdiv) refers (Special) to usenofp.o(x$fpl$usenofp) for __I$use$fp
    ddiv.o(x$fpl$drdiv) refers (Special) to dunder.o(x$fpl$dunder) for __dunder
    ddiv.o(x$fpl$drdiv) refers to ddiv.o(x$fpl$ddiv) for ddiv_entry
    ddiv.o(x$fpl$ddiv) refers (Special) to usenofp.o(x$fpl$usenofp) for __I$use$fp
    ddiv.o(x$fpl$ddiv) refers (Special) to dunder.o(x$fpl$dunder) for __dunder
    ddiv.o(x$fpl$ddiv) refers to dcheck.o(x$fpl$dcheck) for __fpl_dcheck_NaN2
    dflt_noclz.o(x$fpl$dfltu) refers (Special) to usenofp.o(x$fpl$usenofp) for __I$use$fp
    dflt_noclz.o(x$fpl$dfltu) refers to dflt_noclz.o(x$fpl$dflt) for __dflt_normalise
    dflt_noclz.o(x$fpl$dflt) refers (Special) to usenofp.o(x$fpl$usenofp) for __I$use$fp
    f2d.o(x$fpl$f2d) refers (Special) to usenofp.o(x$fpl$usenofp) for __I$use$fp
    f2d.o(x$fpl$f2d) refers (Special) to dflt_noclz.o(x$fpl$dflt) for __dflt_normalise
    f2d.o(x$fpl$f2d) refers to fcheck1.o(x$fpl$fcheck1) for __fpl_fcheck_NaN1
    ffixu.o(x$fpl$ffixu) refers (Special) to usenofp.o(x$fpl$usenofp) for __I$use$fp
    ffixu.o(x$fpl$ffixu) refers to fcheck1.o(x$fpl$fcheck1) for __fpl_fcheck_NaN1
    ffixu.o(x$fpl$ffixur) refers (Special) to usenofp.o(x$fpl$usenofp) for __I$use$fp
    ffixu.o(x$fpl$ffixur) refers to fcheck1.o(x$fpl$fcheck1) for __fpl_fcheck_NaN1
    fflt_noclz.o(x$fpl$ffltu) refers (Special) to usenofp.o(x$fpl$usenofp) for __I$use$fp
    fflt_noclz.o(x$fpl$ffltu) refers to fflt_noclz.o(x$fpl$fflt) for __fflt_normalise
    fflt_noclz.o(x$fpl$fflt) refers (Special) to usenofp.o(x$fpl$usenofp) for __I$use$fp
    rtentry.o(.ARM.Collect$$rtentry$$00000000) refers (Special) to rtentry2.o(.ARM.Collect$$rtentry$$0000000A) for __rt_entry_li
    rtentry.o(.ARM.Collect$$rtentry$$00000000) refers (Special) to rtentry2.o(.ARM.Collect$$rtentry$$0000000D) for __rt_entry_main
    rtentry.o(.ARM.Collect$$rtentry$$00000000) refers (Special) to rtentry2.o(.ARM.Collect$$rtentry$$0000000C) for __rt_entry_postli_1
    rtentry.o(.ARM.Collect$$rtentry$$00000000) refers (Special) to rtentry2.o(.ARM.Collect$$rtentry$$00000009) for __rt_entry_postsh_1
    rtentry.o(.ARM.Collect$$rtentry$$00000000) refers (Special) to rtentry2.o(.ARM.Collect$$rtentry$$00000002) for __rt_entry_presh_1
    rtentry.o(.ARM.Collect$$rtentry$$00000000) refers (Special) to rtentry4.o(.ARM.Collect$$rtentry$$00000004) for __rt_entry_sh
    rtentry.o(.ARM.exidx) refers (Special) to rtentry2.o(.ARM.Collect$$rtentry$$0000000A) for __rt_entry_li
    rtentry.o(.ARM.exidx) refers (Special) to rtentry2.o(.ARM.Collect$$rtentry$$0000000D) for __rt_entry_main
    rtentry.o(.ARM.exidx) refers (Special) to rtentry2.o(.ARM.Collect$$rtentry$$0000000C) for __rt_entry_postli_1
    rtentry.o(.ARM.exidx) refers (Special) to rtentry2.o(.ARM.Collect$$rtentry$$00000009) for __rt_entry_postsh_1
    rtentry.o(.ARM.exidx) refers (Special) to rtentry2.o(.ARM.Collect$$rtentry$$00000002) for __rt_entry_presh_1
    rtentry.o(.ARM.exidx) refers (Special) to rtentry4.o(.ARM.Collect$$rtentry$$00000004) for __rt_entry_sh
    rtentry.o(.ARM.exidx) refers to rtentry.o(.ARM.Collect$$rtentry$$00000000) for .ARM.Collect$$rtentry$$00000000
    aeabi_idiv0_sigfpe.o(.text) refers to rt_div0.o(.text) for __rt_div0
    dcheck.o(x$fpl$dcheck) refers (Special) to usenofp.o(x$fpl$usenofp) for __I$use$fp
    dcheck.o(x$fpl$dcheck) refers to retnan.o(x$fpl$retnan) for __fpl_return_NaN
    dcheck1.o(x$fpl$dcheck1) refers (Special) to usenofp.o(x$fpl$usenofp) for __I$use$fp
    dcheck1.o(x$fpl$dcheck1) refers to retnan.o(x$fpl$retnan) for __fpl_return_NaN
    dunder.o(x$fpl$dunder) refers (Special) to usenofp.o(x$fpl$usenofp) for __I$use$fp
    fcheck1.o(x$fpl$fcheck1) refers (Special) to usenofp.o(x$fpl$usenofp) for __I$use$fp
    fcheck1.o(x$fpl$fcheck1) refers to retnan.o(x$fpl$retnan) for __fpl_return_NaN
    funder.o(x$fpl$funder) refers (Special) to usenofp.o(x$fpl$usenofp) for __I$use$fp
    rtentry2.o(.ARM.Collect$$rtentry$$00000008) refers to boardinit2.o(.text) for _platform_post_stackheap_init
    rtentry2.o(.ARM.Collect$$rtentry$$0000000A) refers to libinit.o(.ARM.Collect$$libinit$$00000000) for __rt_lib_init
    rtentry2.o(.ARM.Collect$$rtentry$$0000000B) refers to boardinit3.o(.text) for _platform_post_lib_init
    rtentry2.o(.ARM.Collect$$rtentry$$0000000D) refers to exit.o(.text) for exit
    rtentry2.o(.ARM.Collect$$rtentry$$0000000D) refers to theme.o(.text) for main
    rtentry2.o(.ARM.exidx) refers to rtentry2.o(.ARM.Collect$$rtentry$$00000001) for .ARM.Collect$$rtentry$$00000001
    rtentry2.o(.ARM.exidx) refers to rtentry2.o(.ARM.Collect$$rtentry$$00000002) for .ARM.Collect$$rtentry$$00000002
    rtentry2.o(.ARM.exidx) refers to rtentry2.o(.ARM.Collect$$rtentry$$00000008) for .ARM.Collect$$rtentry$$00000008
    rtentry2.o(.ARM.exidx) refers to rtentry2.o(.ARM.Collect$$rtentry$$00000009) for .ARM.Collect$$rtentry$$00000009
    rtentry2.o(.ARM.exidx) refers to rtentry2.o(.ARM.Collect$$rtentry$$0000000A) for .ARM.Collect$$rtentry$$0000000A
    rtentry2.o(.ARM.exidx) refers to rtentry2.o(.ARM.Collect$$rtentry$$0000000B) for .ARM.Collect$$rtentry$$0000000B
    rtentry2.o(.ARM.exidx) refers to rtentry2.o(.ARM.Collect$$rtentry$$0000000C) for .ARM.Collect$$rtentry$$0000000C
    rtentry2.o(.ARM.exidx) refers to rtentry2.o(.ARM.Collect$$rtentry$$0000000D) for .ARM.Collect$$rtentry$$0000000D
    rtentry4.o(.ARM.Collect$$rtentry$$00000004) refers to sys_stackheap_outer.o(.text) for __user_setup_stackheap
    rtentry4.o(.ARM.exidx) refers to rtentry4.o(.ARM.Collect$$rtentry$$00000004) for .ARM.Collect$$rtentry$$00000004
    rt_div0.o(.text) refers to defsig_fpe_outer.o(.text) for __rt_SIGFPE
    retnan.o(x$fpl$retnan) refers (Special) to usenofp.o(x$fpl$usenofp) for __I$use$fp
    retnan.o(x$fpl$retnan) refers to trapv.o(x$fpl$trapveneer) for __fpl_cmpreturn
    sys_stackheap_outer.o(.text) refers to libspace.o(.text) for __user_perproc_libspace
    sys_stackheap_outer.o(.text) refers to startup.o(.text) for __user_initial_stackheap
    exit.o(.text) refers to rtexit.o(.ARM.Collect$$rtexit$$00000000) for __rt_exit
    defsig_fpe_outer.o(.text) refers to defsig_fpe_inner.o(.text) for __rt_SIGFPE_inner
    defsig_fpe_outer.o(.text) refers to defsig_exit.o(.text) for __sig_exit
    defsig_fpe_formal.o(.text) refers to rt_raise.o(.text) for __rt_raise
    libinit.o(.ARM.Collect$$libinit$$00000000) refers (Special) to libinit2.o(.ARM.Collect$$libinit$$0000002A) for __rt_lib_init_alloca_1
    libinit.o(.ARM.Collect$$libinit$$00000000) refers (Special) to libinit2.o(.ARM.Collect$$libinit$$00000028) for __rt_lib_init_argv_1
    libinit.o(.ARM.Collect$$libinit$$00000000) refers (Special) to libinit2.o(.ARM.Collect$$libinit$$00000017) for __rt_lib_init_atexit_1
    libinit.o(.ARM.Collect$$libinit$$00000000) refers (Special) to libinit2.o(.ARM.Collect$$libinit$$0000001D) for __rt_lib_init_clock_1
    libinit.o(.ARM.Collect$$libinit$$00000000) refers (Special) to libinit2.o(.ARM.Collect$$libinit$$0000002E) for __rt_lib_init_cpp_1
    libinit.o(.ARM.Collect$$libinit$$00000000) refers (Special) to libinit2.o(.ARM.Collect$$libinit$$0000002C) for __rt_lib_init_exceptions_1
    libinit.o(.ARM.Collect$$libinit$$00000000) refers (Special) to libinit2.o(.ARM.Collect$$libinit$$0000001B) for __rt_lib_init_fp_trap_1
    libinit.o(.ARM.Collect$$libinit$$00000000) refers (Special) to libinit2.o(.ARM.Collect$$libinit$$0000001F) for __rt_lib_init_getenv_1
    libinit.o(.ARM.Collect$$libinit$$00000000) refers (Special) to libinit2.o(.ARM.Collect$$libinit$$00000006) for __rt_lib_init_heap_1
    libinit.o(.ARM.Collect$$libinit$$00000000) refers (Special) to libinit2.o(.ARM.Collect$$libinit$$0000000D) for __rt_lib_init_lc_collate_1
    libinit.o(.ARM.Collect$$libinit$$00000000) refers (Special) to libinit2.o(.ARM.Collect$$libinit$$0000000F) for __rt_lib_init_lc_ctype_1
    libinit.o(.ARM.Collect$$libinit$$00000000) refers (Special) to libinit2.o(.ARM.Collect$$libinit$$00000011) for __rt_lib_init_lc_monetary_1
    libinit.o(.ARM.Collect$$libinit$$00000000) refers (Special) to libinit2.o(.ARM.Collect$$libinit$$00000013) for __rt_lib_init_lc_numeric_1
    libinit.o(.ARM.Collect$$libinit$$00000000) refers (Special) to libinit2.o(.ARM.Collect$$libinit$$00000015) for __rt_lib_init_lc_time_1
    libinit.o(.ARM.Collect$$libinit$$00000000) refers (Special) to libinit2.o(.ARM.Collect$$libinit$$0000000A) for __rt_lib_init_rand_1
    libinit.o(.ARM.Collect$$libinit$$00000000) refers (Special) to libinit2.o(.ARM.Collect$$libinit$$0000002F) for __rt_lib_init_return
    libinit.o(.ARM.Collect$$libinit$$00000000) refers (Special) to libinit2.o(.ARM.Collect$$libinit$$00000019) for __rt_lib_init_signal_1
    libinit.o(.ARM.Collect$$libinit$$00000000) refers (Special) to libinit2.o(.ARM.Collect$$libinit$$00000021) for __rt_lib_init_stdio_1
    libinit.o(.ARM.Collect$$libinit$$00000000) refers (Special) to libinit2.o(.ARM.Collect$$libinit$$00000008) for __rt_lib_init_user_alloc_1
    libinit.o(.ARM.Collect$$libinit$$00000000) refers to fpinit.o(x$fpl$fpinit) for _fp_init
    trapv.o(x$fpl$trapveneer) refers (Special) to usenofp.o(x$fpl$usenofp) for __I$use$fp
    libspace.o(.text) refers to libspace.o(.bss) for __libspace_start
    rtexit.o(.ARM.Collect$$rtexit$$00000000) refers (Special) to rtexit2.o(.ARM.Collect$$rtexit$$00000004) for __rt_exit_exit
    rtexit.o(.ARM.Collect$$rtexit$$00000000) refers (Special) to rtexit2.o(.ARM.Collect$$rtexit$$00000003) for __rt_exit_ls
    rtexit.o(.ARM.Collect$$rtexit$$00000000) refers (Special) to rtexit2.o(.ARM.Collect$$rtexit$$00000002) for __rt_exit_prels_1
    rtexit.o(.ARM.exidx) refers (Special) to rtexit2.o(.ARM.Collect$$rtexit$$00000004) for __rt_exit_exit
    rtexit.o(.ARM.exidx) refers (Special) to rtexit2.o(.ARM.Collect$$rtexit$$00000003) for __rt_exit_ls
    rtexit.o(.ARM.exidx) refers (Special) to rtexit2.o(.ARM.Collect$$rtexit$$00000002) for __rt_exit_prels_1
    rtexit.o(.ARM.exidx) refers to rtexit.o(.ARM.Collect$$rtexit$$00000000) for .ARM.Collect$$rtexit$$00000000
    rt_raise.o(.text) refers to __raise.o(.text) for __raise
    rt_raise.o(.text) refers to sys_exit.o(.text) for _sys_exit
    defsig_exit.o(.text) refers to sys_exit.o(.text) for _sys_exit
    defsig_fpe_inner.o(.text) refers to defsig_general.o(.text) for __default_signal_display
    libinit2.o(.ARM.Collect$$libinit$$0000000C) refers to libinit2.o(.ARM.Collect$$libinit$$0000000B) for .ARM.Collect$$libinit$$0000000B
    libinit2.o(.ARM.Collect$$libinit$$0000000E) refers to libinit2.o(.ARM.Collect$$libinit$$0000000B) for .ARM.Collect$$libinit$$0000000B
    libinit2.o(.ARM.Collect$$libinit$$00000010) refers to libinit2.o(.ARM.Collect$$libinit$$0000000B) for .ARM.Collect$$libinit$$0000000B
    libinit2.o(.ARM.Collect$$libinit$$00000012) refers to libinit2.o(.ARM.Collect$$libinit$$0000000B) for .ARM.Collect$$libinit$$0000000B
    libinit2.o(.ARM.Collect$$libinit$$00000014) refers to libinit2.o(.ARM.Collect$$libinit$$0000000B) for .ARM.Collect$$libinit$$0000000B
    libinit2.o(.ARM.Collect$$libinit$$00000022) refers to argv_veneer.o(.emb_text) for __ARM_argv_veneer
    libinit2.o(.ARM.Collect$$libinit$$00000023) refers to argv_veneer.o(.emb_text) for __ARM_argv_veneer
    fpinit.o(x$fpl$fpinit) refers to rt_fp_status_addr_intlibspace.o(.text) for __rt_fp_status_addr
    sys_exit.o(.text) refers to use_no_semi.o(.text) for __I$use$semihosting
    rtexit2.o(.ARM.Collect$$rtexit$$00000003) refers to libshutdown.o(.ARM.Collect$$libshutdown$$00000000) for __rt_lib_shutdown
    rtexit2.o(.ARM.Collect$$rtexit$$00000004) refers to sys_exit.o(.text) for _sys_exit
    rtexit2.o(.ARM.exidx) refers to rtexit2.o(.ARM.Collect$$rtexit$$00000001) for .ARM.Collect$$rtexit$$00000001
    rtexit2.o(.ARM.exidx) refers to rtexit2.o(.ARM.Collect$$rtexit$$00000002) for .ARM.Collect$$rtexit$$00000002
    rtexit2.o(.ARM.exidx) refers to rtexit2.o(.ARM.Collect$$rtexit$$00000003) for .ARM.Collect$$rtexit$$00000003
    rtexit2.o(.ARM.exidx) refers to rtexit2.o(.ARM.Collect$$rtexit$$00000004) for .ARM.Collect$$rtexit$$00000004
    rt_fp_status_addr.o(.text) refers to rt_fp_status_addr.o(.bss) for __rt_fp_status_addr_data
    rt_fp_status_addr_intlibspace.o(.text) refers to libspace.o(.bss) for __libspace_start
    __raise.o(.text) refers to defsig.o(CL$$defsig) for __default_signal_handler
    __raise.o(.text) refers to __raise.o(i.__ARM_common_call_via_r2) for __ARM_common_call_via_r2
    defsig_general.o(.text) refers to sys_wrch.o(.text) for _ttywrch
    argv_veneer.o(.emb_text) refers to no_argv.o(.text) for __ARM_get_argv
    sys_wrch.o(.text) refers (Special) to use_no_semi.o(.text) for __I$use$semihosting
    defsig.o(CL$$defsig) refers to defsig_fpe_inner.o(.text) for __rt_SIGFPE_inner
    defsig.o(CL$$defsig) refers to defsig_rtmem_inner.o(.text) for __rt_SIGRTMEM_inner
    _get_argv_nomalloc.o(.text) refers (Special) to hrguard.o(.text) for __heap_region$guard
    _get_argv_nomalloc.o(.text) refers to defsig_rtmem_outer.o(.text) for __rt_SIGRTMEM
    _get_argv_nomalloc.o(.text) refers to sys_command.o(.text) for _sys_command_string
    libshutdown.o(.ARM.Collect$$libshutdown$$00000000) refers (Special) to libshutdown2.o(.ARM.Collect$$libshutdown$$00000006) for __rt_lib_shutdown_fp_trap_1
    libshutdown.o(.ARM.Collect$$libshutdown$$00000000) refers (Special) to libshutdown2.o(.ARM.Collect$$libshutdown$$0000000E) for __rt_lib_shutdown_heap_1
    libshutdown.o(.ARM.Collect$$libshutdown$$00000000) refers (Special) to libshutdown2.o(.ARM.Collect$$libshutdown$$0000000F) for __rt_lib_shutdown_return
    libshutdown.o(.ARM.Collect$$libshutdown$$00000000) refers (Special) to libshutdown2.o(.ARM.Collect$$libshutdown$$00000009) for __rt_lib_shutdown_signal_1
    libshutdown.o(.ARM.Collect$$libshutdown$$00000000) refers (Special) to libshutdown2.o(.ARM.Collect$$libshutdown$$00000003) for __rt_lib_shutdown_stdio_1
    libshutdown.o(.ARM.Collect$$libshutdown$$00000000) refers (Special) to libshutdown2.o(.ARM.Collect$$libshutdown$$0000000B) for __rt_lib_shutdown_user_alloc_1
    sys_command.o(.text) refers (Special) to use_no_semi.o(.text) for __I$use$semihosting
    defsig_abrt_inner.o(.text) refers to defsig_general.o(.text) for __default_signal_display
    defsig_rtred_inner.o(.text) refers to defsig_general.o(.text) for __default_signal_display
    defsig_rtmem_inner.o(.text) refers to defsig_general.o(.text) for __default_signal_display
    defsig_rtmem_outer.o(.text) refers to defsig_rtmem_inner.o(.text) for __rt_SIGRTMEM_inner
    defsig_rtmem_outer.o(.text) refers to defsig_exit.o(.text) for __sig_exit
    defsig_rtmem_formal.o(.text) refers to rt_raise.o(.text) for __rt_raise
    defsig_stak_inner.o(.text) refers to defsig_general.o(.text) for __default_signal_display
    defsig_pvfn_inner.o(.text) refers to defsig_general.o(.text) for __default_signal_display
    defsig_cppl_inner.o(.text) refers to defsig_general.o(.text) for __default_signal_display
    defsig_segv_inner.o(.text) refers to defsig_general.o(.text) for __default_signal_display
    defsig_other.o(.text) refers to defsig_general.o(.text) for __default_signal_display


==============================================================================

Adding Veneers to the image

    Adding AT veneer (8 bytes, Inline) for call to '__rt_lib_init' from rtentry2.o(.ARM.Collect$$rtentry$$0000000A).
    Adding AT veneer (8 bytes, Inline) for call to '__rt_lib_shutdown' from rtexit2.o(.ARM.Collect$$rtexit$$00000003).
    Adding TA veneer (4 bytes, Inline) for call to '__rt_exit' from exit.o(.text).
    Adding TA veneer (4 bytes, Inline) for call to '_fp_init' from libinit.o(.ARM.Collect$$libinit$$00000000).

4 Veneer(s) (total 24 bytes) added to the image.

==============================================================================

Image Symbol Table

    Local Symbols

    Symbol Name                              Value     Ov Type        Size  Object(Section)

    RESET                                    0x00000000   Section      272  startup.o(RESET)
    ../../angel/boardlib.s                   0x00000000   Number         0  boardinit2.o ABSOLUTE
    ../../angel/boardlib.s                   0x00000000   Number         0  boardinit1.o ABSOLUTE
    ../../angel/boardlib.s                   0x00000000   Number         0  boardinit3.o ABSOLUTE
    ../../angel/boardlib.s                   0x00000000   Number         0  boardshut.o ABSOLUTE
    ../../angel/handlers.s                   0x00000000   Number         0  __scatter_zi.o ABSOLUTE
    ../../angel/handlers.s                   0x00000000   Number         0  __scatter_copy.o ABSOLUTE
    ../../angel/kernel.s                     0x00000000   Number         0  rtexit2.o ABSOLUTE
    ../../angel/kernel.s                     0x00000000   Number         0  rtexit.o ABSOLUTE
    ../../angel/kernel.s                     0x00000000   Number         0  rtentry2.o ABSOLUTE
    ../../angel/kernel.s                     0x00000000   Number         0  rtentry4.o ABSOLUTE
    ../../angel/kernel.s                     0x00000000   Number         0  rtentry.o ABSOLUTE
    ../../angel/rt.s                         0x00000000   Number         0  rt_fp_status_addr.o ABSOLUTE
    ../../angel/rt.s                         0x00000000   Number         0  rt_div0.o ABSOLUTE
    ../../angel/rt.s                         0x00000000   Number         0  rt_raise.o ABSOLUTE
    ../../angel/rt.s                         0x00000000   Number         0  rt_fp_status_addr_intlibspace.o ABSOLUTE
    ../../angel/rt.s                         0x00000000   Number         0  aeabi_idiv0.o ABSOLUTE
    ../../angel/rt.s                         0x00000000   Number         0  aeabi_idiv0_sigfpe.o ABSOLUTE
    ../../angel/scatter.s                    0x00000000   Number         0  __scatter.o ABSOLUTE
    ../../angel/startup.s                    0x00000000   Number         0  __main.o ABSOLUTE
    ../../angel/sys.s                        0x00000000   Number         0  sys_stackheap_outer.o ABSOLUTE
    ../../angel/sys.s                        0x00000000   Number         0  libspace.o ABSOLUTE
    ../../angel/sys.s                        0x00000000   Number         0  sys_exit.o ABSOLUTE
    ../../angel/sys.s                        0x00000000   Number         0  use_no_semi.o ABSOLUTE
    ../../angel/sysapp.c                     0x00000000   Number         0  sys_command.o ABSOLUTE
    ../../angel/sysapp.c                     0x00000000   Number         0  sys_wrch.o ABSOLUTE
    ../../armsys.c                           0x00000000   Number         0  argv_veneer.o ABSOLUTE
    ../../armsys.c                           0x00000000   Number         0  argv_veneer.o ABSOLUTE
    ../../armsys.c                           0x00000000   Number         0  no_argv.o ABSOLUTE
    ../../armsys.c                           0x00000000   Number         0  _get_argv_nomalloc.o ABSOLUTE
    ../../d2f.s                              0x00000000   Number         0  d2f.o ABSOLUTE
    ../../dcheck.s                           0x00000000   Number         0  dcheck.o ABSOLUTE
    ../../dcheck1.s                          0x00000000   Number         0  dcheck1.o ABSOLUTE
    ../../ddiv.s                             0x00000000   Number         0  ddiv.o ABSOLUTE
    ../../dflt.s                             0x00000000   Number         0  dflt_noclz.o ABSOLUTE
    ../../division.s                         0x00000000   Number         0  aeabi_sdiv.o ABSOLUTE
    ../../division.s                         0x00000000   Number         0  aeabi_sdiv_div0.o ABSOLUTE
    ../../divrt.s                            0x00000000   Number         0  divrt_7tdmi_div0.o ABSOLUTE
    ../../divrt.s                            0x00000000   Number         0  divrt_7tdmi.o ABSOLUTE
    ../../dunder.s                           0x00000000   Number         0  dunder.o ABSOLUTE
    ../../f2d.s                              0x00000000   Number         0  f2d.o ABSOLUTE
    ../../fcheck1.s                          0x00000000   Number         0  fcheck1.o ABSOLUTE
    ../../ffixu.s                            0x00000000   Number         0  ffixu.o ABSOLUTE
    ../../fflt.s                             0x00000000   Number         0  fflt_noclz.o ABSOLUTE
    ../../fpinit.s                           0x00000000   Number         0  fpinit.o ABSOLUTE
    ../../funder.s                           0x00000000   Number         0  funder.o ABSOLUTE
    ../../heapalloc.c                        0x00000000   Number         0  hrguard.o ABSOLUTE
    ../../heapaux.c                          0x00000000   Number         0  heapauxi.o ABSOLUTE
    ../../libinit.s                          0x00000000   Number         0  libshutdown.o ABSOLUTE
    ../../libinit.s                          0x00000000   Number         0  libinit2.o ABSOLUTE
    ../../libinit.s                          0x00000000   Number         0  libshutdown2.o ABSOLUTE
    ../../libinit.s                          0x00000000   Number         0  libinit.o ABSOLUTE
    ../../retnan.s                           0x00000000   Number         0  retnan.o ABSOLUTE
    ../../signal.c                           0x00000000   Number         0  defsig_general.o ABSOLUTE
    ../../signal.c                           0x00000000   Number         0  defsig_rtmem_inner.o ABSOLUTE
    ../../signal.c                           0x00000000   Number         0  __raise.o ABSOLUTE
    ../../signal.c                           0x00000000   Number         0  defsig_stak_inner.o ABSOLUTE
    ../../signal.c                           0x00000000   Number         0  defsig_fpe_outer.o ABSOLUTE
    ../../signal.c                           0x00000000   Number         0  defsig_fpe_formal.o ABSOLUTE
    ../../signal.c                           0x00000000   Number         0  defsig_fpe_inner.o ABSOLUTE
    ../../signal.c                           0x00000000   Number         0  defsig_exit.o ABSOLUTE
    ../../signal.c                           0x00000000   Number         0  defsig_pvfn_inner.o ABSOLUTE
    ../../signal.c                           0x00000000   Number         0  defsig_cppl_inner.o ABSOLUTE
    ../../signal.c                           0x00000000   Number         0  defsig_segv_inner.o ABSOLUTE
    ../../signal.c                           0x00000000   Number         0  defsig_other.o ABSOLUTE
    ../../signal.c                           0x00000000   Number         0  defsig_rtmem_formal.o ABSOLUTE
    ../../signal.c                           0x00000000   Number         0  defsig_rtmem_outer.o ABSOLUTE
    ../../signal.c                           0x00000000   Number         0  defsig_rtred_inner.o ABSOLUTE
    ../../signal.c                           0x00000000   Number         0  defsig_abrt_inner.o ABSOLUTE
    ../../signal.s                           0x00000000   Number         0  defsig.o ABSOLUTE
    ../../stdlib.c                           0x00000000   Number         0  exit.o ABSOLUTE
    ../../trapv.s                            0x00000000   Number         0  trapv.o ABSOLUTE
    ../../usenofp.s                          0x00000000   Number         0  usenofp.o ABSOLUTE
    Startup.s                                0x00000000   Number         0  startup.o ABSOLUTE
    Theme.c                                  0x00000000   Number         0  theme.o ABSOLUTE
    dc.s                                     0x00000000   Number         0  dc.o ABSOLUTE
    Undef_Handler                            0x00000040   ARM Code       4  startup.o(RESET)
    SWI_Handler                              0x00000044   ARM Code       4  startup.o(RESET)
    PAbt_Handler                             0x00000048   ARM Code       4  startup.o(RESET)
    DAbt_Handler                             0x0000004c   ARM Code       4  startup.o(RESET)
    IRQ_Handler                              0x00000050   ARM Code       4  startup.o(RESET)
    FIQ_Handler                              0x00000054   ARM Code       4  startup.o(RESET)
    !!!main                                  0x00000110   Section        8  __main.o(!!!main)
    !!!scatter                               0x00000118   Section       60  __scatter.o(!!!scatter)
    !!handler_copy                           0x00000154   Section       40  __scatter_copy.o(!!handler_copy)
    !!handler_zi                             0x0000017c   Section       44  __scatter_zi.o(!!handler_zi)
    .ARM.Collect$$libinit$$00000000          0x000001b0   Section        6  libinit.o(.ARM.Collect$$libinit$$00000000)
    .ARM.Collect$$libinit$$00000006          0x000001b6   Section        0  libinit2.o(.ARM.Collect$$libinit$$00000006)
    .ARM.Collect$$libinit$$00000008          0x000001b6   Section        0  libinit2.o(.ARM.Collect$$libinit$$00000008)
    .ARM.Collect$$libinit$$0000000A          0x000001b6   Section        0  libinit2.o(.ARM.Collect$$libinit$$0000000A)
    .ARM.Collect$$libinit$$0000000D          0x000001b6   Section        0  libinit2.o(.ARM.Collect$$libinit$$0000000D)
    .ARM.Collect$$libinit$$0000000F          0x000001b6   Section        0  libinit2.o(.ARM.Collect$$libinit$$0000000F)
    .ARM.Collect$$libinit$$00000011          0x000001b6   Section        0  libinit2.o(.ARM.Collect$$libinit$$00000011)
    .ARM.Collect$$libinit$$00000013          0x000001b6   Section        0  libinit2.o(.ARM.Collect$$libinit$$00000013)
    .ARM.Collect$$libinit$$00000015          0x000001b6   Section        0  libinit2.o(.ARM.Collect$$libinit$$00000015)
    .ARM.Collect$$libinit$$00000017          0x000001b6   Section        0  libinit2.o(.ARM.Collect$$libinit$$00000017)
    .ARM.Collect$$libinit$$00000019          0x000001b6   Section        0  libinit2.o(.ARM.Collect$$libinit$$00000019)
    .ARM.Collect$$libinit$$0000001B          0x000001b6   Section        0  libinit2.o(.ARM.Collect$$libinit$$0000001B)
    .ARM.Collect$$libinit$$0000001D          0x000001b6   Section        0  libinit2.o(.ARM.Collect$$libinit$$0000001D)
    .ARM.Collect$$libinit$$0000001F          0x000001b6   Section        0  libinit2.o(.ARM.Collect$$libinit$$0000001F)
    .ARM.Collect$$libinit$$00000021          0x000001b6   Section        0  libinit2.o(.ARM.Collect$$libinit$$00000021)
    .ARM.Collect$$libinit$$00000028          0x000001b6   Section        0  libinit2.o(.ARM.Collect$$libinit$$00000028)
    .ARM.Collect$$libinit$$0000002A          0x000001b6   Section        0  libinit2.o(.ARM.Collect$$libinit$$0000002A)
    .ARM.Collect$$libinit$$0000002C          0x000001b6   Section        0  libinit2.o(.ARM.Collect$$libinit$$0000002C)
    .ARM.Collect$$libinit$$0000002E          0x000001b6   Section        0  libinit2.o(.ARM.Collect$$libinit$$0000002E)
    .ARM.Collect$$libinit$$0000002F          0x000001b6   Section       12  libinit2.o(.ARM.Collect$$libinit$$0000002F)
    .ARM.Collect$$libshutdown$$00000000      0x000001cc   Section        4  libshutdown.o(.ARM.Collect$$libshutdown$$00000000)
    .ARM.Collect$$libshutdown$$00000003      0x000001d0   Section        0  libshutdown2.o(.ARM.Collect$$libshutdown$$00000003)
    .ARM.Collect$$libshutdown$$00000006      0x000001d0   Section        0  libshutdown2.o(.ARM.Collect$$libshutdown$$00000006)
    .ARM.Collect$$libshutdown$$00000009      0x000001d0   Section        0  libshutdown2.o(.ARM.Collect$$libshutdown$$00000009)
    .ARM.Collect$$libshutdown$$0000000B      0x000001d0   Section        0  libshutdown2.o(.ARM.Collect$$libshutdown$$0000000B)
    .ARM.Collect$$libshutdown$$0000000E      0x000001d0   Section        0  libshutdown2.o(.ARM.Collect$$libshutdown$$0000000E)
    .ARM.Collect$$libshutdown$$0000000F      0x000001d0   Section        6  libshutdown2.o(.ARM.Collect$$libshutdown$$0000000F)
    .ARM.Collect$$rtentry$$00000000          0x000001d8   Section        0  rtentry.o(.ARM.Collect$$rtentry$$00000000)
    .ARM.Collect$$rtentry$$00000002          0x000001d8   Section        0  rtentry2.o(.ARM.Collect$$rtentry$$00000002)
    .ARM.Collect$$rtentry$$00000004          0x000001d8   Section        8  rtentry4.o(.ARM.Collect$$rtentry$$00000004)
    .ARM.Collect$$rtentry$$00000009          0x000001e0   Section        0  rtentry2.o(.ARM.Collect$$rtentry$$00000009)
    .ARM.Collect$$rtentry$$0000000A          0x000001e0   Section        4  rtentry2.o(.ARM.Collect$$rtentry$$0000000A)
    .ARM.Collect$$rtentry$$0000000C          0x000001e4   Section        0  rtentry2.o(.ARM.Collect$$rtentry$$0000000C)
    .ARM.Collect$$rtentry$$0000000D          0x000001e4   Section       40  rtentry2.o(.ARM.Collect$$rtentry$$0000000D)
    .ARM.Collect$$rtexit$$00000000           0x00000210   Section        4  rtexit.o(.ARM.Collect$$rtexit$$00000000)
    .ARM.Collect$$rtexit$$00000002           0x00000214   Section        0  rtexit2.o(.ARM.Collect$$rtexit$$00000002)
    .ARM.Collect$$rtexit$$00000003           0x00000214   Section        4  rtexit2.o(.ARM.Collect$$rtexit$$00000003)
    .ARM.Collect$$rtexit$$00000004           0x00000218   Section        8  rtexit2.o(.ARM.Collect$$rtexit$$00000004)
    .text                                    0x00000220   Section       32  startup.o(.text)
    .text                                    0x00000240   Section        0  theme.o(.text)
    .text                                    0x000020fc   Section      384  aeabi_sdiv.o(.text)
    __arm_div8                               0x00002128   ARM Code       0  aeabi_sdiv.o(.text)
    __arm_div4                               0x00002158   ARM Code       0  aeabi_sdiv.o(.text)
    __arm_div_large                          0x000021ac   ARM Code       0  aeabi_sdiv.o(.text)
    .text                                    0x0000227c   Section        0  heapauxi.o(.text)
    .text                                    0x00002284   Section       96  sys_stackheap_outer.o(.text)
    .text                                    0x000022e4   Section        0  exit.o(.text)
    .text                                    0x000022f0   Section       12  libspace.o(.text)
    .text                                    0x000022fc   Section       24  sys_exit.o(.text)
    .text                                    0x00002314   Section       16  rt_fp_status_addr_intlibspace.o(.text)
    .text                                    0x00002324   Section        4  use_no_semi.o(.text)
    .text_udiv                               0x00002328   Section       28  aeabi_sdiv.o(.text_udiv)
    x$fpl$d2f                                0x00002344   Section      172  d2f.o(x$fpl$d2f)
    x$fpl$dcheck                             0x000023f0   Section       16  dcheck.o(x$fpl$dcheck)
    x$fpl$dcheck1                            0x00002400   Section       16  dcheck1.o(x$fpl$dcheck1)
    x$fpl$ddiv                               0x00002410   Section     1116  ddiv.o(x$fpl$ddiv)
    ddiv_entry                               0x00002414   ARM Code       0  ddiv.o(x$fpl$ddiv)
    x$fpl$dflt                               0x0000286c   Section       88  dflt_noclz.o(x$fpl$dflt)
    x$fpl$dfltu                              0x000028c4   Section       12  dflt_noclz.o(x$fpl$dfltu)
    x$fpl$dunder                             0x000028d0   Section      280  dunder.o(x$fpl$dunder)
    x$fpl$f2d                                0x000029e8   Section      100  f2d.o(x$fpl$f2d)
    x$fpl$fcheck1                            0x00002a4c   Section       12  fcheck1.o(x$fpl$fcheck1)
    x$fpl$ffixu                              0x00002a58   Section       96  ffixu.o(x$fpl$ffixu)
    x$fpl$fflt                               0x00002ab8   Section       92  fflt_noclz.o(x$fpl$fflt)
    x$fpl$ffltu                              0x00002b14   Section        8  fflt_noclz.o(x$fpl$ffltu)
    x$fpl$fpinit                             0x00002b20   Section       24  fpinit.o(x$fpl$fpinit)
    x$fpl$funder                             0x00002b38   Section      148  funder.o(x$fpl$funder)
    x$fpl$retnan                             0x00002bcc   Section      116  retnan.o(x$fpl$retnan)
    x$fpl$trapveneer                         0x00002c40   Section       60  trapv.o(x$fpl$trapveneer)
    x$fpl$usenofp                            0x00002c7c   Section        0  usenofp.o(x$fpl$usenofp)
    .data                                    0x40000000   Section       52  theme.o(.data)
    .bss                                     0x40000034   Section       96  libspace.o(.bss)
    HEAP                                     0x40000098   Section        0  startup.o(HEAP)
    STACK                                    0x40000098   Section     1160  startup.o(STACK)
    Heap_Mem                                 0x40000098   Data           0  startup.o(HEAP)
    Stack_Mem                                0x40000098   Data        1024  startup.o(STACK)
    Stack_Top                                0x40000520   Data           0  startup.o(STACK)

    Global Symbols

    Symbol Name                              Value     Ov Type        Size  Object(Section)

    BuildAttributes$$THM_ISAv1$ARM_ISAv4$S$PE$A:L22$X:L11$S22$IEEE1$IW$USESV6$~STKCKD$USESV7$~SHL$OSPACE$ROPI$EBA8$UX$STANDARDLIB$REQ8$PRES8$EABIv2 0x00000000   Number         0  anon$$obj.o ABSOLUTE
    __ARM_use_no_argv                        0x00000000   Number         0  theme.o ABSOLUTE
    __ARM_exceptions_init                     - Undefined Weak Reference
    __alloca_initialize                       - Undefined Weak Reference
    __cpp_initialize__aeabi_                  - Undefined Weak Reference
    __cxa_finalize                            - Undefined Weak Reference
    __fpl_infinity                            - Undefined Weak Reference
    __rt_locale                               - Undefined Weak Reference
    __sigvec_lookup                           - Undefined Weak Reference
    _atexit_init                              - Undefined Weak Reference
    _call_atexit_fns                          - Undefined Weak Reference
    _clock_init                               - Undefined Weak Reference
    _fp_trap_init                             - Undefined Weak Reference
    _fp_trap_shutdown                         - Undefined Weak Reference
    _get_lc_collate                           - Undefined Weak Reference
    _get_lc_ctype                             - Undefined Weak Reference
    _get_lc_monetary                          - Undefined Weak Reference
    _get_lc_numeric                           - Undefined Weak Reference
    _get_lc_time                              - Undefined Weak Reference
    _getenv_init                              - Undefined Weak Reference
    _handle_redirection                       - Undefined Weak Reference
    _init_alloc                               - Undefined Weak Reference
    _init_user_alloc                          - Undefined Weak Reference
    _initio                                   - Undefined Weak Reference
    _rand_init                                - Undefined Weak Reference
    _signal_finish                            - Undefined Weak Reference
    _signal_init                              - Undefined Weak Reference
    _terminate_alloc                          - Undefined Weak Reference
    _terminate_user_alloc                     - Undefined Weak Reference
    _terminateio                              - Undefined Weak Reference
    Reset_Handler                            0x00000058   ARM Code       0  startup.o(RESET)
    __main                                   0x00000110   ARM Code       8  __main.o(!!!main)
    __scatterload                            0x00000118   ARM Code       0  __scatter.o(!!!scatter)
    __scatterload_rt2                        0x00000118   ARM Code      52  __scatter.o(!!!scatter)
    __scatterload_null                       0x0000012c   ARM Code       0  __scatter.o(!!!scatter)
    __scatterload_copy                       0x00000154   ARM Code      40  __scatter_copy.o(!!handler_copy)
    __scatterload_zeroinit                   0x0000017c   ARM Code      44  __scatter_zi.o(!!handler_zi)
    Inline ARM to Thumb Veneer to __rt_lib_init 0x000001a8   ARM Code       8  libinit.o(.ARM.Collect$$libinit$$00000000)
    __rt_lib_init                            0x000001b1   Thumb Code     0  libinit.o(.ARM.Collect$$libinit$$00000000)
    __rt_lib_init_alloca_1                   0x000001b7   Thumb Code     0  libinit2.o(.ARM.Collect$$libinit$$0000002A)
    __rt_lib_init_argv_1                     0x000001b7   Thumb Code     0  libinit2.o(.ARM.Collect$$libinit$$00000028)
    __rt_lib_init_atexit_1                   0x000001b7   Thumb Code     0  libinit2.o(.ARM.Collect$$libinit$$00000017)
    __rt_lib_init_clock_1                    0x000001b7   Thumb Code     0  libinit2.o(.ARM.Collect$$libinit$$0000001D)
    __rt_lib_init_cpp_1                      0x000001b7   Thumb Code     0  libinit2.o(.ARM.Collect$$libinit$$0000002E)
    __rt_lib_init_exceptions_1               0x000001b7   Thumb Code     0  libinit2.o(.ARM.Collect$$libinit$$0000002C)
    __rt_lib_init_fp_trap_1                  0x000001b7   Thumb Code     0  libinit2.o(.ARM.Collect$$libinit$$0000001B)
    __rt_lib_init_getenv_1                   0x000001b7   Thumb Code     0  libinit2.o(.ARM.Collect$$libinit$$0000001F)
    __rt_lib_init_heap_1                     0x000001b7   Thumb Code     0  libinit2.o(.ARM.Collect$$libinit$$00000006)
    __rt_lib_init_lc_collate_1               0x000001b7   Thumb Code     0  libinit2.o(.ARM.Collect$$libinit$$0000000D)
    __rt_lib_init_lc_ctype_1                 0x000001b7   Thumb Code     0  libinit2.o(.ARM.Collect$$libinit$$0000000F)
    __rt_lib_init_lc_monetary_1              0x000001b7   Thumb Code     0  libinit2.o(.ARM.Collect$$libinit$$00000011)
    __rt_lib_init_lc_numeric_1               0x000001b7   Thumb Code     0  libinit2.o(.ARM.Collect$$libinit$$00000013)
    __rt_lib_init_lc_time_1                  0x000001b7   Thumb Code     0  libinit2.o(.ARM.Collect$$libinit$$00000015)
    __rt_lib_init_rand_1                     0x000001b7   Thumb Code     0  libinit2.o(.ARM.Collect$$libinit$$0000000A)
    __rt_lib_init_return                     0x000001b7   Thumb Code     0  libinit2.o(.ARM.Collect$$libinit$$0000002F)
    __rt_lib_init_signal_1                   0x000001b7   Thumb Code     0  libinit2.o(.ARM.Collect$$libinit$$00000019)
    __rt_lib_init_stdio_1                    0x000001b7   Thumb Code     0  libinit2.o(.ARM.Collect$$libinit$$00000021)
    __rt_lib_init_user_alloc_1               0x000001b7   Thumb Code     0  libinit2.o(.ARM.Collect$$libinit$$00000008)
    Inline ARM to Thumb Veneer to __rt_lib_shutdown 0x000001c4   ARM Code       8  libshutdown.o(.ARM.Collect$$libshutdown$$00000000)
    __rt_lib_shutdown                        0x000001cd   Thumb Code     0  libshutdown.o(.ARM.Collect$$libshutdown$$00000000)
    __rt_lib_shutdown_fp_trap_1              0x000001d1   Thumb Code     0  libshutdown2.o(.ARM.Collect$$libshutdown$$00000006)
    __rt_lib_shutdown_heap_1                 0x000001d1   Thumb Code     0  libshutdown2.o(.ARM.Collect$$libshutdown$$0000000E)
    __rt_lib_shutdown_return                 0x000001d1   Thumb Code     0  libshutdown2.o(.ARM.Collect$$libshutdown$$0000000F)
    __rt_lib_shutdown_signal_1               0x000001d1   Thumb Code     0  libshutdown2.o(.ARM.Collect$$libshutdown$$00000009)
    __rt_lib_shutdown_stdio_1                0x000001d1   Thumb Code     0  libshutdown2.o(.ARM.Collect$$libshutdown$$00000003)
    __rt_lib_shutdown_user_alloc_1           0x000001d1   Thumb Code     0  libshutdown2.o(.ARM.Collect$$libshutdown$$0000000B)
    __rt_entry                               0x000001d8   ARM Code       0  rtentry.o(.ARM.Collect$$rtentry$$00000000)
    __rt_entry_presh_1                       0x000001d8   ARM Code       0  rtentry2.o(.ARM.Collect$$rtentry$$00000002)
    __rt_entry_sh                            0x000001d8   ARM Code       0  rtentry4.o(.ARM.Collect$$rtentry$$00000004)
    __rt_entry_li                            0x000001e0   ARM Code       0  rtentry2.o(.ARM.Collect$$rtentry$$0000000A)
    __rt_entry_postsh_1                      0x000001e0   ARM Code       0  rtentry2.o(.ARM.Collect$$rtentry$$00000009)
    __rt_entry_main                          0x000001e4   ARM Code       0  rtentry2.o(.ARM.Collect$$rtentry$$0000000D)
    __rt_entry_postli_1                      0x000001e4   ARM Code       0  rtentry2.o(.ARM.Collect$$rtentry$$0000000C)
    Inline Thumb to ARM Veneer to __rt_exit  0x0000020d   Thumb Code     4  rtexit.o(.ARM.Collect$$rtexit$$00000000)
    __rt_exit                                0x00000210   ARM Code       0  rtexit.o(.ARM.Collect$$rtexit$$00000000)
    __rt_exit_ls                             0x00000214   ARM Code       0  rtexit2.o(.ARM.Collect$$rtexit$$00000003)
    __rt_exit_prels_1                        0x00000214   ARM Code       0  rtexit2.o(.ARM.Collect$$rtexit$$00000002)
    __rt_exit_exit                           0x00000218   ARM Code       0  rtexit2.o(.ARM.Collect$$rtexit$$00000004)
    __user_initial_stackheap                 0x00000220   ARM Code       0  startup.o(.text)
    stop                                     0x00000240   ARM Code      44  theme.o(.text)
    Init_Motion_Pin                          0x0000026c   ARM Code     156  theme.o(.text)
    forward                                  0x00000308   ARM Code      60  theme.o(.text)
    backward                                 0x00000344   ARM Code      60  theme.o(.text)
    right                                    0x00000380   ARM Code      72  theme.o(.text)
    left                                     0x000003c8   ARM Code      72  theme.o(.text)
    soft_right                               0x00000410   ARM Code      36  theme.o(.text)
    soft_left                                0x00000434   ARM Code      36  theme.o(.text)
    Init_PWM                                 0x00000458   ARM Code     148  theme.o(.text)
    UpdateLeftPWM                            0x000004ec   ARM Code      24  theme.o(.text)
    UpdateRightPWM                           0x00000504   ARM Code      24  theme.o(.text)
    Angle_Rotate                             0x0000051c   ARM Code     192  theme.o(.text)
    Linear_Distance_mm                       0x000005dc   ARM Code     128  theme.o(.text)
    Forward_mm                               0x0000065c   ARM Code      28  theme.o(.text)
    Back_mm                                  0x00000678   ARM Code      28  theme.o(.text)
    Left_Degrees                             0x00000694   ARM Code      28  theme.o(.text)
    Right_Degrees                            0x000006b0   ARM Code      28  theme.o(.text)
    Soft_Left_Degrees                        0x000006cc   ARM Code      32  theme.o(.text)
    Soft_Right_Degrees                       0x000006ec   ARM Code      32  theme.o(.text)
    IRQ_Eint0                                0x0000070c   ARM Code      92  theme.o(.text)
    IRQ_Eint3                                0x00000768   ARM Code      52  theme.o(.text)
    Ext_INT_Setup                            0x0000079c   ARM Code     124  theme.o(.text)
    Init_LCD_Pin                             0x00000818   ARM Code      48  theme.o(.text)
    DelaymSec                                0x00000848   ARM Code      44  theme.o(.text)
    LCD_Command                              0x00000874   ARM Code     188  theme.o(.text)
    LCD_4Bit_Mode                            0x00000930   ARM Code     376  theme.o(.text)
    LCD_Data                                 0x00000aa8   ARM Code     188  theme.o(.text)
    LCD_Init                                 0x00000b64   ARM Code      40  theme.o(.text)
    LCD_Clear                                0x00000b8c   ARM Code      20  theme.o(.text)
    LCD_String                               0x00000ba0   ARM Code      52  theme.o(.text)
    LCD_Home                                 0x00000bd4   ARM Code      20  theme.o(.text)
    LCD_Cursor                               0x00000be8   ARM Code      84  theme.o(.text)
    LCD_Print                                0x00000c3c   ARM Code     364  theme.o(.text)
    Init_ADC_Pin                             0x00000da8   ARM Code      80  theme.o(.text)
    Init_ADC0                                0x00000df8   ARM Code      16  theme.o(.text)
    Init_ADC1                                0x00000e08   ARM Code      16  theme.o(.text)
    AD0_Conversion                           0x00000e18   ARM Code     128  theme.o(.text)
    AD1_Conversion                           0x00000e98   ARM Code     128  theme.o(.text)
    SPI0_Init                                0x00000f18   ARM Code     100  theme.o(.text)
    SPI0_Send                                0x00000f7c   ARM Code      80  theme.o(.text)
    SPI0_ReceiveByte                         0x00000fcc   ARM Code      48  theme.o(.text)
    SPI0_Receive                             0x00000ffc   ARM Code      52  theme.o(.text)
    SPI1_Init                                0x00001030   ARM Code     152  theme.o(.text)
    SPI1_SendByte                            0x000010c8   ARM Code      44  theme.o(.text)
    SPI1_ReceiveByte                         0x000010f4   ARM Code      48  theme.o(.text)
    delay_ms                                 0x00001124   ARM Code      72  theme.o(.text)
    Init_Buzzer_Pin                          0x0000116c   ARM Code      80  theme.o(.text)
    Init_Led_Pin                             0x000011bc   ARM Code      72  theme.o(.text)
    Led                                      0x00001204   ARM Code      48  theme.o(.text)
    IRQ_UART1                                0x00001234   ARM Code    1080  theme.o(.text)
    Init_UART1                               0x0000166c   ARM Code     124  theme.o(.text)
    UART1_SendByte                           0x000016e8   ARM Code      32  theme.o(.text)
    UART1_SendStr                            0x00001708   ARM Code      52  theme.o(.text)
    velocity                                 0x0000173c   ARM Code      40  theme.o(.text)
    Init_Ports                               0x00001764   ARM Code      40  theme.o(.text)
    Init_Sensor_Switch_Pin                   0x0000178c   ARM Code      48  theme.o(.text)
    MEGA8_ADCRead                            0x000017bc   ARM Code     124  theme.o(.text)
    Init_Peripherals                         0x00001838   ARM Code      36  theme.o(.text)
    node                                     0x0000185c   ARM Code     512  theme.o(.text)
    right_turn                               0x00001a5c   ARM Code     268  theme.o(.text)
    left_turn                                0x00001b68   ARM Code     268  theme.o(.text)
    buzz                                     0x00001c74   ARM Code      44  theme.o(.text)
    reach                                    0x00001ca0   ARM Code      52  theme.o(.text)
    detect                                   0x00001cd4   ARM Code     584  theme.o(.text)
    park                                     0x00001f1c   ARM Code     188  theme.o(.text)
    main                                     0x00001fd8   ARM Code     224  theme.o(.text)
    __aeabi_idiv                             0x000020fc   ARM Code       0  aeabi_sdiv.o(.text)
    __aeabi_idivmod                          0x000020fc   ARM Code     384  aeabi_sdiv.o(.text)
    __use_two_region_memory                  0x0000227d   Thumb Code     2  heapauxi.o(.text)
    __rt_heap_escrow$2region                 0x0000227f   Thumb Code     2  heapauxi.o(.text)
    __rt_heap_expand$2region                 0x00002281   Thumb Code     2  heapauxi.o(.text)
    __user_setup_stackheap                   0x00002284   ARM Code      96  sys_stackheap_outer.o(.text)
    exit                                     0x000022e5   Thumb Code    12  exit.o(.text)
    __user_libspace                          0x000022f0   ARM Code      12  libspace.o(.text)
    __user_perproc_libspace                  0x000022f0   ARM Code       0  libspace.o(.text)
    __user_perthread_libspace                0x000022f0   ARM Code       0  libspace.o(.text)
    _sys_exit                                0x000022fc   ARM Code      20  sys_exit.o(.text)
    __rt_fp_status_addr                      0x00002314   ARM Code      16  rt_fp_status_addr_intlibspace.o(.text)
    __I$use$semihosting                      0x00002324   ARM Code       0  use_no_semi.o(.text)
    __use_no_semihosting_swi                 0x00002324   ARM Code       4  use_no_semi.o(.text)
    __aeabi_uidiv                            0x00002328   ARM Code       0  aeabi_sdiv.o(.text_udiv)
    __aeabi_uidivmod                         0x00002328   ARM Code      28  aeabi_sdiv.o(.text_udiv)
    __aeabi_d2f                              0x00002344   ARM Code       0  d2f.o(x$fpl$d2f)
    _d2f                                     0x00002344   ARM Code     168  d2f.o(x$fpl$d2f)
    __fpl_inf_d2f                            0x000023e4   ARM Code       0  d2f.o(x$fpl$d2f)
    __fpl_dcheck_NaN2                        0x000023f0   ARM Code      12  dcheck.o(x$fpl$dcheck)
    __fpl_dcheck_NaN1                        0x00002400   ARM Code      12  dcheck1.o(x$fpl$dcheck1)
    __aeabi_ddiv                             0x00002410   ARM Code       0  ddiv.o(x$fpl$ddiv)
    _ddiv                                    0x00002410   ARM Code     464  ddiv.o(x$fpl$ddiv)
    __fpl_inf_ddiv                           0x0000259c   ARM Code       0  ddiv.o(x$fpl$ddiv)
    _ddiv_mantissas                          0x000025e0   ARM Code     380  ddiv.o(x$fpl$ddiv)
    __aeabi_i2d                              0x0000286c   ARM Code       0  dflt_noclz.o(x$fpl$dflt)
    _dflt                                    0x0000286c   ARM Code      88  dflt_noclz.o(x$fpl$dflt)
    __dflt_normalise                         0x0000287c   ARM Code       0  dflt_noclz.o(x$fpl$dflt)
    __aeabi_ui2d                             0x000028c4   ARM Code       0  dflt_noclz.o(x$fpl$dfltu)
    _dfltu                                   0x000028c4   ARM Code      12  dflt_noclz.o(x$fpl$dfltu)
    __dunder                                 0x000028d0   ARM Code     276  dunder.o(x$fpl$dunder)
    __dunder_d                               0x000029e4   ARM Code       4  dunder.o(x$fpl$dunder)
    __aeabi_f2d                              0x000029e8   ARM Code       0  f2d.o(x$fpl$f2d)
    _f2d                                     0x000029e8   ARM Code      96  f2d.o(x$fpl$f2d)
    __fpl_inf_f2d                            0x00002a3c   ARM Code       0  f2d.o(x$fpl$f2d)
    __fpl_fcheck_NaN1                        0x00002a4c   ARM Code       8  fcheck1.o(x$fpl$fcheck1)
    __aeabi_f2uiz                            0x00002a58   ARM Code       0  ffixu.o(x$fpl$ffixu)
    _ffixu                                   0x00002a58   ARM Code      92  ffixu.o(x$fpl$ffixu)
    __fpl_inf_ffixu                          0x00002aac   ARM Code       0  ffixu.o(x$fpl$ffixu)
    __aeabi_i2f                              0x00002ab8   ARM Code       0  fflt_noclz.o(x$fpl$fflt)
    _fflt                                    0x00002ab8   ARM Code      92  fflt_noclz.o(x$fpl$fflt)
    __fflt_normalise                         0x00002ac4   ARM Code       0  fflt_noclz.o(x$fpl$fflt)
    __aeabi_ui2f                             0x00002b14   ARM Code       0  fflt_noclz.o(x$fpl$ffltu)
    _ffltu                                   0x00002b14   ARM Code       8  fflt_noclz.o(x$fpl$ffltu)
    Inline Thumb to ARM Veneer to _fp_init   0x00002b1d   Thumb Code     4  fpinit.o(x$fpl$fpinit)
    _fp_init                                 0x00002b20   ARM Code      24  fpinit.o(x$fpl$fpinit)
    __fplib_config_pureend_doubles           0x00002b30   ARM Code       0  fpinit.o(x$fpl$fpinit)
    __funder                                 0x00002b38   ARM Code     144  funder.o(x$fpl$funder)
    __funder_d                               0x00002bc8   ARM Code       4  funder.o(x$fpl$funder)
    __fpl_return_NaN                         0x00002bcc   ARM Code     116  retnan.o(x$fpl$retnan)
    __fpl_cmpreturn                          0x00002c40   ARM Code      60  trapv.o(x$fpl$trapveneer)
    Region$$Table$$Base                      0x00002c7c   Number         0  anon$$obj.o(Region$$Table)
    __I$use$fp                               0x00002c7c   ARM Code       0  usenofp.o(x$fpl$usenofp)
    Region$$Table$$Limit                     0x00002c9c   Number         0  anon$$obj.o(Region$$Table)
    Left_Shaft_Count                         0x40000000   Data           4  theme.o(.data)
    Right_Shaft_Count                        0x40000004   Data           4  theme.o(.data)
    Temp                                     0x40000008   Data           1  theme.o(.data)
    L                                        0x40000009   Data           1  theme.o(.data)
    R                                        0x4000000a   Data           1  theme.o(.data)
    flag                                     0x4000000b   Data           1  theme.o(.data)
    left_white_line                          0x4000000c   Data           4  theme.o(.data)
    center_white_line                        0x40000010   Data           4  theme.o(.data)
    right_white_line                         0x40000014   Data           4  theme.o(.data)
    start                                    0x40000018   Data           4  theme.o(.data)
    n                                        0x4000001c   Data           4  theme.o(.data)
    path                                     0x40000020   Data           4  theme.o(.data)
    turn                                     0x40000024   Data           4  theme.o(.data)
    slot                                     0x40000028   Data           4  theme.o(.data)
    left_sensor                              0x4000002c   Data           4  theme.o(.data)
    right_sensor                             0x40000030   Data           4  theme.o(.data)
    __libspace_start                         0x40000034   Data          96  libspace.o(.bss)
    __temporary_stack_top$libspace           0x40000094   Data           0  libspace.o(.bss)



==============================================================================

Memory Map of the image

  Image Entry point : 0x00000110

  Load Region LR_IROM1 (Base: 0x00000000, Size: 0x00002cd0, Max: 0x00080000, ABSOLUTE)

    Execution Region ER_IROM1 (Base: 0x00000000, Size: 0x00002c9c, Max: 0x00080000, ABSOLUTE)

    Base Addr    Size         Type   Attr      Idx    E Section Name        Object

    0x00000000   0x00000110   Code   RO            3    RESET               startup.o
    0x00000110   0x00000008   Code   RO           78  * !!!main             __main.o(c_t.l)
    0x00000118   0x0000003c   Code   RO          287    !!!scatter          __scatter.o(c_t.l)
    0x00000154   0x00000028   Code   RO          289    !!handler_copy      __scatter_copy.o(c_t.l)
    0x0000017c   0x0000002c   Code   RO          291    !!handler_zi        __scatter_zi.o(c_t.l)
    0x000001a8   0x00000008   Ven    RO          153    .ARM.Collect$$libinit$$00000000  libinit.o(c_t.l)
    0x000001b0   0x00000006   Code   RO          153    .ARM.Collect$$libinit$$00000000  libinit.o(c_t.l)
    0x000001b6   0x00000000   Code   RO          169    .ARM.Collect$$libinit$$00000006  libinit2.o(c_t.l)
    0x000001b6   0x00000000   Code   RO          171    .ARM.Collect$$libinit$$00000008  libinit2.o(c_t.l)
    0x000001b6   0x00000000   Code   RO          173    .ARM.Collect$$libinit$$0000000A  libinit2.o(c_t.l)
    0x000001b6   0x00000000   Code   RO          176    .ARM.Collect$$libinit$$0000000D  libinit2.o(c_t.l)
    0x000001b6   0x00000000   Code   RO          178    .ARM.Collect$$libinit$$0000000F  libinit2.o(c_t.l)
    0x000001b6   0x00000000   Code   RO          180    .ARM.Collect$$libinit$$00000011  libinit2.o(c_t.l)
    0x000001b6   0x00000000   Code   RO          182    .ARM.Collect$$libinit$$00000013  libinit2.o(c_t.l)
    0x000001b6   0x00000000   Code   RO          184    .ARM.Collect$$libinit$$00000015  libinit2.o(c_t.l)
    0x000001b6   0x00000000   Code   RO          186    .ARM.Collect$$libinit$$00000017  libinit2.o(c_t.l)
    0x000001b6   0x00000000   Code   RO          188    .ARM.Collect$$libinit$$00000019  libinit2.o(c_t.l)
    0x000001b6   0x00000000   Code   RO          190    .ARM.Collect$$libinit$$0000001B  libinit2.o(c_t.l)
    0x000001b6   0x00000000   Code   RO          192    .ARM.Collect$$libinit$$0000001D  libinit2.o(c_t.l)
    0x000001b6   0x00000000   Code   RO          194    .ARM.Collect$$libinit$$0000001F  libinit2.o(c_t.l)
    0x000001b6   0x00000000   Code   RO          196    .ARM.Collect$$libinit$$00000021  libinit2.o(c_t.l)
    0x000001b6   0x00000000   Code   RO          200    .ARM.Collect$$libinit$$00000028  libinit2.o(c_t.l)
    0x000001b6   0x00000000   Code   RO          202    .ARM.Collect$$libinit$$0000002A  libinit2.o(c_t.l)
    0x000001b6   0x00000000   Code   RO          204    .ARM.Collect$$libinit$$0000002C  libinit2.o(c_t.l)
    0x000001b6   0x00000000   Code   RO          206    .ARM.Collect$$libinit$$0000002E  libinit2.o(c_t.l)
    0x000001b6   0x0000000c   Code   RO          207    .ARM.Collect$$libinit$$0000002F  libinit2.o(c_t.l)
    0x000001c2   0x00000002   PAD
    0x000001c4   0x00000008   Ven    RO          245    .ARM.Collect$$libshutdown$$00000000  libshutdown.o(c_t.l)
    0x000001cc   0x00000004   Code   RO          245    .ARM.Collect$$libshutdown$$00000000  libshutdown.o(c_t.l)
    0x000001d0   0x00000000   Code   RO          272    .ARM.Collect$$libshutdown$$00000003  libshutdown2.o(c_t.l)
    0x000001d0   0x00000000   Code   RO          275    .ARM.Collect$$libshutdown$$00000006  libshutdown2.o(c_t.l)
    0x000001d0   0x00000000   Code   RO          278    .ARM.Collect$$libshutdown$$00000009  libshutdown2.o(c_t.l)
    0x000001d0   0x00000000   Code   RO          280    .ARM.Collect$$libshutdown$$0000000B  libshutdown2.o(c_t.l)
    0x000001d0   0x00000000   Code   RO          283    .ARM.Collect$$libshutdown$$0000000E  libshutdown2.o(c_t.l)
    0x000001d0   0x00000006   Code   RO          284    .ARM.Collect$$libshutdown$$0000000F  libshutdown2.o(c_t.l)
    0x000001d6   0x00000002   PAD
    0x000001d8   0x00000000   Code   RO          100    .ARM.Collect$$rtentry$$00000000  rtentry.o(c_t.l)
    0x000001d8   0x00000000   Code   RO          118    .ARM.Collect$$rtentry$$00000002  rtentry2.o(c_t.l)
    0x000001d8   0x00000008   Code   RO          133    .ARM.Collect$$rtentry$$00000004  rtentry4.o(c_t.l)
    0x000001e0   0x00000000   Code   RO          120    .ARM.Collect$$rtentry$$00000009  rtentry2.o(c_t.l)
    0x000001e0   0x00000004   Code   RO          121    .ARM.Collect$$rtentry$$0000000A  rtentry2.o(c_t.l)
    0x000001e4   0x00000000   Code   RO          123    .ARM.Collect$$rtentry$$0000000C  rtentry2.o(c_t.l)
    0x000001e4   0x00000028   Code   RO          124    .ARM.Collect$$rtentry$$0000000D  rtentry2.o(c_t.l)
    0x0000020c   0x00000004   Ven    RO          159    .ARM.Collect$$rtexit$$00000000  rtexit.o(c_t.l)
    0x00000210   0x00000004   Code   RO          159    .ARM.Collect$$rtexit$$00000000  rtexit.o(c_t.l)
    0x00000214   0x00000000   Code   RO          213    .ARM.Collect$$rtexit$$00000002  rtexit2.o(c_t.l)
    0x00000214   0x00000004   Code   RO          214    .ARM.Collect$$rtexit$$00000003  rtexit2.o(c_t.l)
    0x00000218   0x00000008   Code   RO          215    .ARM.Collect$$rtexit$$00000004  rtexit2.o(c_t.l)
    0x00000220   0x00000020   Code   RO            4    .text               startup.o
    0x00000240   0x00001ebc   Code   RO           11    .text               theme.o
    0x000020fc   0x00000180   Code   RO           60    .text               aeabi_sdiv.o(c_t.l)
    0x0000227c   0x00000006   Code   RO           76    .text               heapauxi.o(c_t.l)
    0x00002282   0x00000002   PAD
    0x00002284   0x00000060   Code   RO          139    .text               sys_stackheap_outer.o(c_t.l)
    0x000022e4   0x0000000c   Code   RO          141    .text               exit.o(c_t.l)
    0x000022f0   0x0000000c   Code   RO          156    .text               libspace.o(c_t.l)
    0x000022fc   0x00000018   Code   RO          210    .text               sys_exit.o(c_t.l)
    0x00002314   0x00000010   Code   RO          223    .text               rt_fp_status_addr_intlibspace.o(c_t.l)
    0x00002324   0x00000004   Code   RO          235    .text               use_no_semi.o(c_t.l)
    0x00002328   0x0000001c   Code   RO           61    .text_udiv          aeabi_sdiv.o(c_t.l)
    0x00002344   0x000000ac   Code   RO           80    x$fpl$d2f           d2f.o(fz_ts.l)
    0x000023f0   0x00000010   Code   RO          106    x$fpl$dcheck        dcheck.o(fz_ts.l)
    0x00002400   0x00000010   Code   RO          108    x$fpl$dcheck1       dcheck1.o(fz_ts.l)
    0x00002410   0x0000045c   Code   RO           83    x$fpl$ddiv          ddiv.o(fz_ts.l)
    0x0000286c   0x00000058   Code   RO           87    x$fpl$dflt          dflt_noclz.o(fz_ts.l)
    0x000028c4   0x0000000c   Code   RO           86    x$fpl$dfltu         dflt_noclz.o(fz_ts.l)
    0x000028d0   0x00000118   Code   RO          110    x$fpl$dunder        dunder.o(fz_ts.l)
    0x000029e8   0x00000064   Code   RO           90    x$fpl$f2d           f2d.o(fz_ts.l)
    0x00002a4c   0x0000000c   Code   RO          112    x$fpl$fcheck1       fcheck1.o(fz_ts.l)
    0x00002a58   0x00000060   Code   RO           92    x$fpl$ffixu         ffixu.o(fz_ts.l)
    0x00002ab8   0x0000005c   Code   RO           97    x$fpl$fflt          fflt_noclz.o(fz_ts.l)
    0x00002b14   0x00000008   Code   RO           96    x$fpl$ffltu         fflt_noclz.o(fz_ts.l)
    0x00002b1c   0x00000004   Ven    RO          208    x$fpl$fpinit        fpinit.o(fz_ts.l)
    0x00002b20   0x00000018   Code   RO          208    x$fpl$fpinit        fpinit.o(fz_ts.l)
    0x00002b38   0x00000094   Code   RO          114    x$fpl$funder        funder.o(fz_ts.l)
    0x00002bcc   0x00000074   Code   RO          137    x$fpl$retnan        retnan.o(fz_ts.l)
    0x00002c40   0x0000003c   Code   RO          154    x$fpl$trapveneer    trapv.o(fz_ts.l)
    0x00002c7c   0x00000000   Code   RO          116    x$fpl$usenofp       usenofp.o(fz_ts.l)
    0x00002c7c   0x00000020   Data   RO          285    Region$$Table       anon$$obj.o


    Execution Region RW_IRAM1 (Base: 0x40000000, Size: 0x00000520, Max: 0x00008000, ABSOLUTE)

    Base Addr    Size         Type   Attr      Idx    E Section Name        Object

    0x40000000   0x00000034   Data   RW           12    .data               theme.o
    0x40000034   0x00000060   Zero   RW          157    .bss                libspace.o(c_t.l)
    0x40000094   0x00000004   PAD
    0x40000098   0x00000000   Zero   RW            2    HEAP                startup.o
    0x40000098   0x00000488   Zero   RW            1    STACK               startup.o


==============================================================================

Image component sizes


      Code (inc. data)   RO Data    RW Data    ZI Data      Debug   Object Name

       304         60          0          0       1160        488   startup.o
      7868        160          0         52          0      15381   theme.o

    ----------------------------------------------------------------------
      8172        220         32         52       1160      15869   Object Totals
         0          0         32          0          0          0   (incl. Generated)
         0          0          0          0          0          3   (incl. Padding)

    ----------------------------------------------------------------------

      Code (inc. data)   RO Data    RW Data    ZI Data      Debug   Library Member Name

         8          0          0          0          0         68   __main.o
        60          8          0          0          0          0   __scatter.o
        40          0          0          0          0          0   __scatter_copy.o
        44          0          0          0          0          0   __scatter_zi.o
       412          0          0          0          0        148   aeabi_sdiv.o
       172          4          0          0          0         68   d2f.o
        16          4          0          0          0         68   dcheck.o
        16          4          0          0          0         68   dcheck1.o
      1116        272          0          0          0        212   ddiv.o
       100          0          0          0          0        136   dflt_noclz.o
       280          0          0          0          0         92   dunder.o
        12          0          0          0          0         60   exit.o
       100          4          0          0          0         68   f2d.o
        12          4          0          0          0         68   fcheck1.o
        96          4          0          0          0         68   ffixu.o
       100          0          0          0          0        136   fflt_noclz.o
        28          0          0          0          0         80   fpinit.o
       148          0          0          0          0         84   funder.o
         6          0          0          0          0        132   heapauxi.o
        14          0          0          0          0          0   libinit.o
        12          0          0          0          0          0   libinit2.o
        12          0          0          0          0          0   libshutdown.o
         6          0          0          0          0          0   libshutdown2.o
        12          4          0          0         96         68   libspace.o
       116          0          0          0          0         68   retnan.o
        16          4          0          0          0         68   rt_fp_status_addr_intlibspace.o
         0          0          0          0          0          0   rtentry.o
        44          4          0          0          0          0   rtentry2.o
         8          0          0          0          0          0   rtentry4.o
         8          0          0          0          0          0   rtexit.o
        12          0          0          0          0          0   rtexit2.o
        24          8          0          0          0         68   sys_exit.o
        96          0          0          0          0         80   sys_stackheap_outer.o
        60          0          0          0          0         68   trapv.o
         4          0          0          0          0         68   use_no_semi.o
         0          0          0          0          0          0   usenofp.o

    ----------------------------------------------------------------------
      3216        324          0          0        100       2044   Library Totals
         6          0          0          0          4          0   (incl. Padding)

    ----------------------------------------------------------------------

      Code (inc. data)   RO Data    RW Data    ZI Data      Debug   Library Name

       850         28          0          0         96        760   c_t.l
      2360        296          0          0          0       1284   fz_ts.l

    ----------------------------------------------------------------------
      3216        324          0          0        100       2044   Library Totals

    ----------------------------------------------------------------------

==============================================================================


      Code (inc. data)   RO Data    RW Data    ZI Data      Debug   

     11388        544         32         52       1260      16724   Grand Totals
     11388        544         32         52       1260      16724   ELF Image Totals
     11388        544         32         52          0          0   ROM Totals

==============================================================================

    Total RO  Size (Code + RO Data)                11420 (  11.15kB)
    Total RW  Size (RW Data + ZI Data)              1312 (   1.28kB)
    Total ROM Size (Code + RO Data + RW Data)      11472 (  11.20kB)

==============================================================================

