<html>
<body>
<pre>
<h1>µVision Build Log</h1>
<h2>Project:</h2>
C:\Users\Rahul\Documents\Internship\PROJECT_ARM7\ARM7 based modules\Car Parking Theme\Theme.uvproj
Project File Date:  07/01/2015

<h2>Output:</h2>
Build target 'Target 1'
compiling Theme.c...
spi.h(22): warning:  #550-D: variable "Dummy" was set but never used
spi.h(45): warning:  #550-D: variable "Dummy" was set but never used
spi.h(93): warning:  #550-D: variable "Dummy" was set but never used
linking...
Program Size: Code=11388 RO-data=32 RW-data=52 ZI-data=1260  
FromELF: creating hex file...
"Theme.axf" - 0 Error(s), 3 Warning(s).
Build target 'Target 1'
linking...
Program Size: Code=11388 RO-data=32 RW-data=52 ZI-data=1260  
FromELF: creating hex file...
"Theme.axf" - 0 Error(s), 0 Warning(s).
