<html>
<body>
<pre>
<h1>µVision Build Log</h1>
<h2>Project:</h2>
C:\Users\Rahul\Documents\Internship\PROJECT_ARM7\ARM7 based modules\Obstacle detection using sharp IR sensor\Obstacle_detection_using_sharpIR_sensor.uvproj
Project File Date:  06/26/2015

<h2>Output:</h2>
Build target 'Target 1'
assembling Startup.s...
compiling Obstacle_detection_using_sharpIR_sensor.c...
linking...
Program Size: Code=3444 RO-data=32 RW-data=4 ZI-data=1260  
FromELF: creating hex file...
"Obstacle_detection_using_sharpIR_sensor.axf" - 0 Error(s), 0 Warning(s).
Build target 'Target 1'
compiling Obstacle_detection_using_sharpIR_sensor.c...
linking...
Program Size: Code=3420 RO-data=32 RW-data=4 ZI-data=1260  
FromELF: creating hex file...
"Obstacle_detection_using_sharpIR_sensor.axf" - 0 Error(s), 0 Warning(s).
Build target 'Target 1'
compiling Obstacle_detection_using_sharpIR_sensor.c...
Obstacle_detection_using_sharpIR_sensor.c(79): warning:  #1295-D: Deprecated declaration forward - give arg types
Obstacle_detection_using_sharpIR_sensor.c(80): warning:  #1295-D: Deprecated declaration stop - give arg types
linking...
Program Size: Code=3420 RO-data=32 RW-data=4 ZI-data=1260  
FromELF: creating hex file...
"Obstacle_detection_using_sharpIR_sensor.axf" - 0 Error(s), 2 Warning(s).
Build target 'Target 1'
compiling Obstacle_detection_using_sharpIR_sensor.c...
linking...
Program Size: Code=3420 RO-data=32 RW-data=4 ZI-data=1260  
FromELF: creating hex file...
"Obstacle_detection_using_sharpIR_sensor.axf" - 0 Error(s), 0 Warning(s).
Build target 'Target 1'
compiling Obstacle_detection_using_sharpIR_sensor.c...
linking...
Program Size: Code=3420 RO-data=32 RW-data=4 ZI-data=1260  
FromELF: creating hex file...
"Obstacle_detection_using_sharpIR_sensor.axf" - 0 Error(s), 0 Warning(s).
Build target 'Target 1'
compiling Obstacle_detection_using_sharpIR_sensor.c...
linking...
Program Size: Code=3424 RO-data=32 RW-data=4 ZI-data=1260  
FromELF: creating hex file...
"Obstacle_detection_using_sharpIR_sensor.axf" - 0 Error(s), 0 Warning(s).
Build target 'Target 1'
compiling Obstacle_detection_using_sharpIR_sensor.c...
linking...
Program Size: Code=3400 RO-data=32 RW-data=4 ZI-data=1260  
FromELF: creating hex file...
"Obstacle_detection_using_sharpIR_sensor.axf" - 0 Error(s), 0 Warning(s).
Build target 'Target 1'
compiling Obstacle_detection_using_sharpIR_sensor.c...
linking...
Program Size: Code=3404 RO-data=32 RW-data=4 ZI-data=1260  
FromELF: creating hex file...
"Obstacle_detection_using_sharpIR_sensor.axf" - 0 Error(s), 0 Warning(s).
Build target 'Target 1'
compiling Obstacle_detection_using_sharpIR_sensor.c...
linking...
Program Size: Code=3400 RO-data=32 RW-data=4 ZI-data=1260  
FromELF: creating hex file...
"Obstacle_detection_using_sharpIR_sensor.axf" - 0 Error(s), 0 Warning(s).
Build target 'Target 1'
compiling Obstacle_detection_using_sharpIR_sensor.c...
linking...
Program Size: Code=3400 RO-data=32 RW-data=4 ZI-data=1260  
FromELF: creating hex file...
"Obstacle_detection_using_sharpIR_sensor.axf" - 0 Error(s), 0 Warning(s).
