<html>
<body>
<pre>
<h1>µVision Build Log</h1>
<h2>Project:</h2>
C:\Users\Rahul\Documents\Internship\PROJECT_ARM7\ARM7 based modules\IO Interfacing\led interfacing\interfacing_led.uvproj
Project File Date:  06/23/2015

<h2>Output:</h2>
Build target 'Target 1'
assembling Startup.s...
compiling interfacing_led.c...
linking...
Program Size: Code=1420 RO-data=16 RW-data=0 ZI-data=1256  
FromELF: creating hex file...
"interfacing_led.axf" - 0 Error(s), 0 Warning(s).
Build target 'Target 1'
compiling interfacing_led.c...
linking...
Program Size: Code=1412 RO-data=16 RW-data=0 ZI-data=1256  
FromELF: creating hex file...
"interfacing_led.axf" - 0 Error(s), 0 Warning(s).
Build target 'Target 1'
compiling interfacing_led.c...
linking...
Program Size: Code=1412 RO-data=16 RW-data=0 ZI-data=1256  
FromELF: creating hex file...
"interfacing_led.axf" - 0 Error(s), 0 Warning(s).
Build target 'Target 1'
linking...
Program Size: Code=1412 RO-data=16 RW-data=0 ZI-data=1256  
FromELF: creating hex file...
"interfacing_led.axf" - 0 Error(s), 0 Warning(s).
Build target 'Target 1'
compiling interfacing_led.c...
linking...
Program Size: Code=1412 RO-data=16 RW-data=0 ZI-data=1256  
FromELF: creating hex file...
"interfacing_led.axf" - 0 Error(s), 0 Warning(s).
