<html>
<body>
<pre>
<h1>µVision Build Log</h1>
<h2>Project:</h2>
C:\Users\Rahul\Documents\Internship\PROJECT_ARM7\ARM7 based modules\RTC\Real_time_clock.uvproj
Project File Date:  06/29/2015

<h2>Output:</h2>
Build target 'Target 1'
assembling Startup.s...
compiling Real_time_clock.c...
Real_time_clock.c(2): error:  #5: cannot open source input file "lpc2148.h": No such file or directory
Target not created
Build target 'Target 1'
compiling Real_time_clock.c...
Real_time_clock.c(50): warning:  #223-D: function "Init_LCD" declared implicitly
Real_time_clock.c(58): warning:  #223-D: function "lcd_command" declared implicitly
Real_time_clock.c(62): warning:  #223-D: function "lcd_data" declared implicitly
Real_time_clock.c(82): warning:  #1-D: last line of file ends without a newline
linking...
Real_time_clock.axf: Error: L6218E: Undefined symbol Init_LCD (referred from real_time_clock.o).
Real_time_clock.axf: Error: L6218E: Undefined symbol lcd_command (referred from real_time_clock.o).
Real_time_clock.axf: Error: L6218E: Undefined symbol lcd_data (referred from real_time_clock.o).
Target not created
Build target 'Target 1'
compiling Real_time_clock.c...
Real_time_clock.c(84): warning:  #1-D: last line of file ends without a newline
linking...
Program Size: Code=3004 RO-data=32 RW-data=4 ZI-data=1260  
FromELF: creating hex file...
"Real_time_clock.axf" - 0 Error(s), 1 Warning(s).
Build target 'Target 1'
compiling Real_time_clock.c...
linking...
Program Size: Code=3004 RO-data=32 RW-data=4 ZI-data=1260  
FromELF: creating hex file...
"Real_time_clock.axf" - 0 Error(s), 0 Warning(s).
Build target 'Target 1'
compiling Real_time_clock.c...
linking...
Program Size: Code=3040 RO-data=32 RW-data=4 ZI-data=1260  
FromELF: creating hex file...
"Real_time_clock.axf" - 0 Error(s), 0 Warning(s).
Build target 'Target 1'
linking...
Program Size: Code=3040 RO-data=32 RW-data=4 ZI-data=1260  
FromELF: creating hex file...
"Real_time_clock.axf" - 0 Error(s), 0 Warning(s).
Build target 'Target 1'
linking...
Program Size: Code=3040 RO-data=32 RW-data=4 ZI-data=1260  
FromELF: creating hex file...
"Real_time_clock.axf" - 0 Error(s), 0 Warning(s).
