<html>
<body>
<pre>
<h1>µVision Build Log</h1>
<h2>Project:</h2>
C:\Users\Rahul\Documents\Internship\PROJECT_ARM7\ARM7 based modules\IO Interfacing\buzzer on boot switch\buzzer_on_switch.uvproj
Project File Date:  06/18/2015

<h2>Output:</h2>
Build target 'Target 1'
assembling Startup.s...
compiling buzzer_on_switch.c...
linking...
Program Size: Code=952 RO-data=16 RW-data=0 ZI-data=1256  
FromELF: creating hex file...
"buzzer_on_switch.axf" - 0 Error(s), 0 Warning(s).
Build target 'Target 1'
compiling buzzer_on_switch.c...
linking...
Program Size: Code=952 RO-data=16 RW-data=0 ZI-data=1256  
FromELF: creating hex file...
"buzzer_on_switch.axf" - 0 Error(s), 0 Warning(s).
Build target 'Target 1'
compiling buzzer_on_switch.c...
linking...
Program Size: Code=952 RO-data=16 RW-data=0 ZI-data=1256  
FromELF: creating hex file...
"buzzer_on_switch.axf" - 0 Error(s), 0 Warning(s).
Build target 'Target 1'
compiling buzzer_on_switch.c...
linking...
Program Size: Code=952 RO-data=16 RW-data=0 ZI-data=1256  
FromELF: creating hex file...
"buzzer_on_switch.axf" - 0 Error(s), 0 Warning(s).
Build target 'Target 1'
compiling buzzer_on_switch.c...
linking...
Program Size: Code=952 RO-data=16 RW-data=0 ZI-data=1256  
FromELF: creating hex file...
"buzzer_on_switch.axf" - 0 Error(s), 0 Warning(s).
