<html>
<body>
<pre>
<h1>µVision Build Log</h1>
<h2>Project:</h2>
C:\Users\Rahul\Documents\Internship\PROJECT_ARM7\ARM7 based modules\Motor interfacing\360_degree_rotation\360_degree_rotation.uvproj
Project File Date:  06/23/2015

<h2>Output:</h2>
Build target 'Target 1'
assembling Startup.s...
compiling 360_degree_rotation.c...
360_degree_rotation.c(129): warning:  #1-D: last line of file ends without a newline
linking...
Program Size: Code=1708 RO-data=16 RW-data=0 ZI-data=1256  
FromELF: creating hex file...
"360_degree_rotation.axf" - 0 Error(s), 1 Warning(s).
Build target 'Target 1'
compiling 360_degree_rotation.c...
linking...
Program Size: Code=1708 RO-data=16 RW-data=0 ZI-data=1256  
FromELF: creating hex file...
"360_degree_rotation.axf" - 0 Error(s), 0 Warning(s).
Build target 'Target 1'
compiling 360_degree_rotation.c...
linking...
Program Size: Code=1708 RO-data=16 RW-data=0 ZI-data=1256  
FromELF: creating hex file...
"360_degree_rotation.axf" - 0 Error(s), 0 Warning(s).
Build target 'Target 1'
compiling 360_degree_rotation.c...
linking...
Program Size: Code=1516 RO-data=16 RW-data=0 ZI-data=1256  
FromELF: creating hex file...
"360_degree_rotation.axf" - 0 Error(s), 0 Warning(s).
