<html>
<body>
<pre>
<h1>µVision Build Log</h1>
<h2>Project:</h2>
C:\Users\Rahul\Documents\Internship\PROJECT_ARM7\ARM7 based modules\Motor interfacing\Square_tracing\square_tracing_experiment.uvproj
Project File Date:  06/23/2015

<h2>Output:</h2>
Build target 'Target 1'
assembling Startup.s...
compiling square_tracing_experiment.c...
linking...
Program Size: Code=1612 RO-data=16 RW-data=0 ZI-data=1256  
FromELF: creating hex file...
"square_tracing_experiment.axf" - 0 Error(s), 0 Warning(s).
Build target 'Target 1'
compiling square_tracing_experiment.c...
linking...
Program Size: Code=1608 RO-data=16 RW-data=0 ZI-data=1256  
FromELF: creating hex file...
"square_tracing_experiment.axf" - 0 Error(s), 0 Warning(s).
Build target 'Target 1'
compiling square_tracing_experiment.c...
linking...
Program Size: Code=1608 RO-data=16 RW-data=0 ZI-data=1256  
FromELF: creating hex file...
"square_tracing_experiment.axf" - 0 Error(s), 0 Warning(s).
Build target 'Target 1'
compiling square_tracing_experiment.c...
linking...
Program Size: Code=1608 RO-data=16 RW-data=0 ZI-data=1256  
FromELF: creating hex file...
"square_tracing_experiment.axf" - 0 Error(s), 0 Warning(s).
Build target 'Target 1'
compiling square_tracing_experiment.c...
linking...
Program Size: Code=1608 RO-data=16 RW-data=0 ZI-data=1256  
FromELF: creating hex file...
"square_tracing_experiment.axf" - 0 Error(s), 0 Warning(s).
Build target 'Target 1'
compiling square_tracing_experiment.c...
linking...
Program Size: Code=1608 RO-data=16 RW-data=0 ZI-data=1256  
FromELF: creating hex file...
"square_tracing_experiment.axf" - 0 Error(s), 0 Warning(s).
