<html>
<body>
<pre>
<h1>µVision Build Log</h1>
<h2>Project:</h2>
C:\Users\Rahul\Documents\Internship\PROJECT_ARM7\ARM7 based modules\Obstacle avoiding using sharp IR sensor\Obstacle_avoiding_using_sharpIR_sensor.uvproj
Project File Date:  06/26/2015

<h2>Output:</h2>
Build target 'Target 1'
assembling Startup.s...
compiling Obstacle_avoiding_using_sharpIR_sensor.c...
linking...
Program Size: Code=3400 RO-data=32 RW-data=4 ZI-data=1260  
FromELF: creating hex file...
"Obstacle_avoiding_using_sharpIR_sensor.axf" - 0 Error(s), 0 Warning(s).
Build target 'Target 1'
compiling Obstacle_avoiding_using_sharpIR_sensor.c...
linking...
Program Size: Code=3484 RO-data=32 RW-data=4 ZI-data=1260  
FromELF: creating hex file...
"Obstacle_avoiding_using_sharpIR_sensor.axf" - 0 Error(s), 0 Warning(s).
Build target 'Target 1'
compiling Obstacle_avoiding_using_sharpIR_sensor.c...
linking...
Program Size: Code=3484 RO-data=32 RW-data=4 ZI-data=1260  
FromELF: creating hex file...
"Obstacle_avoiding_using_sharpIR_sensor.axf" - 0 Error(s), 0 Warning(s).
Build target 'Target 1'
compiling Obstacle_avoiding_using_sharpIR_sensor.c...
linking...
Program Size: Code=3484 RO-data=32 RW-data=4 ZI-data=1260  
FromELF: creating hex file...
"Obstacle_avoiding_using_sharpIR_sensor.axf" - 0 Error(s), 0 Warning(s).
