<!doctype html public "-//w3c//dtd html 4.0 transitional//en">
<html><head>
<title>Static Call Graph - [C:\Users\Rahul\Documents\Internship\PROJECT_ARM7\ARM7 based modules\Obstacle avoiding using sharp IR sensor\Obstacle_avoiding_using_sharpIR_sensor.axf]</title></head>
<body><HR>
<H1>Static Call Graph for image C:\Users\Rahul\Documents\Internship\PROJECT_ARM7\ARM7 based modules\Obstacle avoiding using sharp IR sensor\Obstacle_avoiding_using_sharpIR_sensor.axf</H1><HR>
<BR><P>#&#060CALLGRAPH&#062# ARM Linker, RVCT4.0 [Build 728]: Last Updated: Fri Jun 26 11:57:52 2015
<BR><P>
<H3>Maximum Stack Usage =         76 bytes + Unknown(Functions without stacksize, Cycles, Untraceable Function Pointers)</H3><H3>
Call chain for Maximum Stack Depth:</H3>
main &rArr; LCD_Print &rArr; LCD_Cursor &rArr; LCD_Command
<P>
<H3>
Functions with no stack information
</H3><UL>
 <LI><a href="#[212f568]">Reset_Handler</a>
 <LI><a href="#[212f5a4]">__user_initial_stackheap</a>
 <LI><a href="#[212f7c0]">Undef_Handler</a>
 <LI><a href="#[212f784]">SWI_Handler</a>
 <LI><a href="#[212f748]">PAbt_Handler</a>
 <LI><a href="#[212f70c]">DAbt_Handler</a>
 <LI><a href="#[212f6d0]">IRQ_Handler</a>
 <LI><a href="#[212f694]">FIQ_Handler</a>
</UL>
</UL>
<P>
<H3>
Mutually Recursive functions
</H3> <LI><a href="#[212f7c0]">Undef_Handler</a>&nbsp;&nbsp;&nbsp;&rArr;&nbsp;&nbsp;&nbsp;<a href="#[212f7c0]">Undef_Handler</a><BR>
 <LI><a href="#[212f784]">SWI_Handler</a>&nbsp;&nbsp;&nbsp;&rArr;&nbsp;&nbsp;&nbsp;<a href="#[212f784]">SWI_Handler</a><BR>
 <LI><a href="#[212f748]">PAbt_Handler</a>&nbsp;&nbsp;&nbsp;&rArr;&nbsp;&nbsp;&nbsp;<a href="#[212f748]">PAbt_Handler</a><BR>
 <LI><a href="#[212f70c]">DAbt_Handler</a>&nbsp;&nbsp;&nbsp;&rArr;&nbsp;&nbsp;&nbsp;<a href="#[212f70c]">DAbt_Handler</a><BR>
 <LI><a href="#[212f6d0]">IRQ_Handler</a>&nbsp;&nbsp;&nbsp;&rArr;&nbsp;&nbsp;&nbsp;<a href="#[212f6d0]">IRQ_Handler</a><BR>
 <LI><a href="#[212f694]">FIQ_Handler</a>&nbsp;&nbsp;&nbsp;&rArr;&nbsp;&nbsp;&nbsp;<a href="#[212f694]">FIQ_Handler</a><BR>
</UL>
<P>
<H3>
Function Pointers
</H3><UL>
 <LI><a href="#[212f568]">Reset_Handler</a>
 <LI><a href="#[212f7c0]">Undef_Handler</a>
 <LI><a href="#[212f784]">SWI_Handler</a>
 <LI><a href="#[212f748]">PAbt_Handler</a>
 <LI><a href="#[212f70c]">DAbt_Handler</a>
 <LI><a href="#[212f6d0]">IRQ_Handler</a>
 <LI><a href="#[212f694]">FIQ_Handler</a>
 <LI><a href="#[212d948]">__main</a>
 <LI><a href="#[212e80c]">main</a>
 <LI><a href="#[2129190]">__I$use$semihosting</a>
</UL>
<P>
<H3>
Global Symbols
</H3>
<P><STRONG><a name="[212f568]"></a>Reset_Handler</STRONG> (ARM, 0 bytes, Stack size unknown bytes, startup.o(RESET))
<BR>[Address Reference Count : 1]<UL><LI> startup.o(RESET)
</UL>
<P><STRONG><a name="[212d948]"></a>__main</STRONG> (ARM, 8 bytes, Stack size 0 bytes, __main.o(!!!main))
<BR><BR>[Calls]<UL><LI><a href="#[2126c88]">&gt;&gt;</a>&nbsp;&nbsp;&nbsp;__scatterload
<LI><a href="#[212d81c]">&gt;&gt;</a>&nbsp;&nbsp;&nbsp;__rt_entry
</UL>

<P><STRONG><a name="[2126c88]"></a>__scatterload</STRONG> (ARM, 0 bytes, Stack size unknown bytes, __scatter.o(!!!scatter))
<BR><BR>[Called By]<UL><LI><a href="#[212d948]">&gt;&gt;</a>&nbsp;&nbsp;&nbsp;__main
</UL>

<P><STRONG><a name="[2126c4c]"></a>__scatterload_rt2</STRONG> (ARM, 52 bytes, Stack size unknown bytes, __scatter.o(!!!scatter), UNUSED)
<BR><BR>[Calls]<UL><LI><a href="#[212d81c]">&gt;&gt;</a>&nbsp;&nbsp;&nbsp;__rt_entry
</UL>

<P><STRONG><a name="[2126c10]"></a>__scatterload_null</STRONG> (ARM, 0 bytes, Stack size unknown bytes, __scatter.o(!!!scatter), UNUSED)

<P><STRONG><a name="[2126a6c]"></a>__scatterload_copy</STRONG> (ARM, 40 bytes, Stack size unknown bytes, __scatter_copy.o(!!handler_copy), UNUSED)
<BR><BR>[Calls]<UL><LI><a href="#[2126a6c]">&gt;&gt;</a>&nbsp;&nbsp;&nbsp;__scatterload_copy
</UL>
<BR>[Called By]<UL><LI><a href="#[2126a6c]">&gt;&gt;</a>&nbsp;&nbsp;&nbsp;__scatterload_copy
</UL>

<P><STRONG><a name="[212697c]"></a>__scatterload_zeroinit</STRONG> (ARM, 44 bytes, Stack size unknown bytes, __scatter_zi.o(!!handler_zi), UNUSED)

<P><STRONG><a name="[212c430]"></a>__rt_lib_init</STRONG> (Thumb, 0 bytes, Stack size unknown bytes, libinit.o(.ARM.Collect$$libinit$$00000000))
<BR><BR>[Stack]<UL><LI>Max Depth = 8 + Unknown Stack Size
<LI>Call Chain = __rt_lib_init &rArr; _fp_init
</UL>
<BR>[Calls]<UL><LI><a href="#[2129eec]">&gt;&gt;</a>&nbsp;&nbsp;&nbsp;_fp_init (via Veneer)
</UL>
<BR>[Called By]<UL><LI><a href="#[212d150]">&gt;&gt;</a>&nbsp;&nbsp;&nbsp;__rt_entry_li (via Veneer)
</UL>

<P><STRONG><a name="[212a57c]"></a>__rt_lib_init_alloca_1</STRONG> (Thumb, 0 bytes, Stack size unknown bytes, libinit2.o(.ARM.Collect$$libinit$$0000002A))

<P><STRONG><a name="[212a5f4]"></a>__rt_lib_init_argv_1</STRONG> (Thumb, 0 bytes, Stack size unknown bytes, libinit2.o(.ARM.Collect$$libinit$$00000028))

<P><STRONG><a name="[212a9b4]"></a>__rt_lib_init_atexit_1</STRONG> (Thumb, 0 bytes, Stack size unknown bytes, libinit2.o(.ARM.Collect$$libinit$$00000017))

<P><STRONG><a name="[212a84c]"></a>__rt_lib_init_clock_1</STRONG> (Thumb, 0 bytes, Stack size unknown bytes, libinit2.o(.ARM.Collect$$libinit$$0000001D))

<P><STRONG><a name="[212a48c]"></a>__rt_lib_init_cpp_1</STRONG> (Thumb, 0 bytes, Stack size unknown bytes, libinit2.o(.ARM.Collect$$libinit$$0000002E))

<P><STRONG><a name="[212a504]"></a>__rt_lib_init_exceptions_1</STRONG> (Thumb, 0 bytes, Stack size unknown bytes, libinit2.o(.ARM.Collect$$libinit$$0000002C))

<P><STRONG><a name="[212a8c4]"></a>__rt_lib_init_fp_trap_1</STRONG> (Thumb, 0 bytes, Stack size unknown bytes, libinit2.o(.ARM.Collect$$libinit$$0000001B))

<P><STRONG><a name="[212a7d4]"></a>__rt_lib_init_getenv_1</STRONG> (Thumb, 0 bytes, Stack size unknown bytes, libinit2.o(.ARM.Collect$$libinit$$0000001F))

<P><STRONG><a name="[212adb0]"></a>__rt_lib_init_heap_1</STRONG> (Thumb, 0 bytes, Stack size unknown bytes, libinit2.o(.ARM.Collect$$libinit$$00000006))

<P><STRONG><a name="[212ac0c]"></a>__rt_lib_init_lc_collate_1</STRONG> (Thumb, 0 bytes, Stack size unknown bytes, libinit2.o(.ARM.Collect$$libinit$$0000000D))

<P><STRONG><a name="[212ab94]"></a>__rt_lib_init_lc_ctype_1</STRONG> (Thumb, 0 bytes, Stack size unknown bytes, libinit2.o(.ARM.Collect$$libinit$$0000000F))

<P><STRONG><a name="[212ab1c]"></a>__rt_lib_init_lc_monetary_1</STRONG> (Thumb, 0 bytes, Stack size unknown bytes, libinit2.o(.ARM.Collect$$libinit$$00000011))

<P><STRONG><a name="[212aaa4]"></a>__rt_lib_init_lc_numeric_1</STRONG> (Thumb, 0 bytes, Stack size unknown bytes, libinit2.o(.ARM.Collect$$libinit$$00000013))

<P><STRONG><a name="[212aa2c]"></a>__rt_lib_init_lc_time_1</STRONG> (Thumb, 0 bytes, Stack size unknown bytes, libinit2.o(.ARM.Collect$$libinit$$00000015))

<P><STRONG><a name="[212acc0]"></a>__rt_lib_init_rand_1</STRONG> (Thumb, 0 bytes, Stack size unknown bytes, libinit2.o(.ARM.Collect$$libinit$$0000000A))

<P><STRONG><a name="[212a450]"></a>__rt_lib_init_return</STRONG> (Thumb, 0 bytes, Stack size unknown bytes, libinit2.o(.ARM.Collect$$libinit$$0000002F))

<P><STRONG><a name="[212a93c]"></a>__rt_lib_init_signal_1</STRONG> (Thumb, 0 bytes, Stack size unknown bytes, libinit2.o(.ARM.Collect$$libinit$$00000019))

<P><STRONG><a name="[212a75c]"></a>__rt_lib_init_stdio_1</STRONG> (Thumb, 0 bytes, Stack size unknown bytes, libinit2.o(.ARM.Collect$$libinit$$00000021))

<P><STRONG><a name="[212ad38]"></a>__rt_lib_init_user_alloc_1</STRONG> (Thumb, 0 bytes, Stack size unknown bytes, libinit2.o(.ARM.Collect$$libinit$$00000008))

<P><STRONG><a name="[2128560]"></a>__rt_lib_shutdown</STRONG> (Thumb, 0 bytes, Stack size unknown bytes, libshutdown.o(.ARM.Collect$$libshutdown$$00000000))
<BR><BR>[Called By]<UL><LI><a href="#[2129b68]">&gt;&gt;</a>&nbsp;&nbsp;&nbsp;__rt_exit_ls (via Veneer)
</UL>

<P><STRONG><a name="[2127228]"></a>__rt_lib_shutdown_fp_trap_1</STRONG> (Thumb, 0 bytes, Stack size unknown bytes, libshutdown2.o(.ARM.Collect$$libshutdown$$00000006))

<P><STRONG><a name="[2127048]"></a>__rt_lib_shutdown_heap_1</STRONG> (Thumb, 0 bytes, Stack size unknown bytes, libshutdown2.o(.ARM.Collect$$libshutdown$$0000000E))

<P><STRONG><a name="[212700c]"></a>__rt_lib_shutdown_return</STRONG> (Thumb, 0 bytes, Stack size unknown bytes, libshutdown2.o(.ARM.Collect$$libshutdown$$0000000F))

<P><STRONG><a name="[2127174]"></a>__rt_lib_shutdown_signal_1</STRONG> (Thumb, 0 bytes, Stack size unknown bytes, libshutdown2.o(.ARM.Collect$$libshutdown$$00000009))

<P><STRONG><a name="[21272dc]"></a>__rt_lib_shutdown_stdio_1</STRONG> (Thumb, 0 bytes, Stack size unknown bytes, libshutdown2.o(.ARM.Collect$$libshutdown$$00000003))

<P><STRONG><a name="[21270fc]"></a>__rt_lib_shutdown_user_alloc_1</STRONG> (Thumb, 0 bytes, Stack size unknown bytes, libshutdown2.o(.ARM.Collect$$libshutdown$$0000000B))

<P><STRONG><a name="[212d81c]"></a>__rt_entry</STRONG> (ARM, 0 bytes, Stack size unknown bytes, rtentry.o(.ARM.Collect$$rtentry$$00000000))
<BR><BR>[Called By]<UL><LI><a href="#[2126c4c]">&gt;&gt;</a>&nbsp;&nbsp;&nbsp;__scatterload_rt2
<LI><a href="#[212d948]">&gt;&gt;</a>&nbsp;&nbsp;&nbsp;__main
</UL>

<P><STRONG><a name="[212d204]"></a>__rt_entry_presh_1</STRONG> (ARM, 0 bytes, Stack size unknown bytes, rtentry2.o(.ARM.Collect$$rtentry$$00000002))

<P><STRONG><a name="[212ce80]"></a>__rt_entry_sh</STRONG> (ARM, 0 bytes, Stack size unknown bytes, rtentry4.o(.ARM.Collect$$rtentry$$00000004))
<BR><BR>[Stack]<UL><LI>Max Depth = 8 + Unknown Stack Size
<LI>Call Chain = __rt_entry_sh &rArr; __user_setup_stackheap
</UL>
<BR>[Calls]<UL><LI><a href="#[212cc28]">&gt;&gt;</a>&nbsp;&nbsp;&nbsp;__user_setup_stackheap
</UL>

<P><STRONG><a name="[212d150]"></a>__rt_entry_li</STRONG> (ARM, 0 bytes, Stack size unknown bytes, rtentry2.o(.ARM.Collect$$rtentry$$0000000A))
<BR><BR>[Stack]<UL><LI>Max Depth = 8 + Unknown Stack Size
<LI>Call Chain = __rt_entry_li &rArr; __rt_lib_init &rArr; _fp_init
</UL>
<BR>[Calls]<UL><LI><a href="#[212c430]">&gt;&gt;</a>&nbsp;&nbsp;&nbsp;__rt_lib_init (via Veneer)
</UL>

<P><STRONG><a name="[212d18c]"></a>__rt_entry_postsh_1</STRONG> (ARM, 0 bytes, Stack size unknown bytes, rtentry2.o(.ARM.Collect$$rtentry$$00000009))

<P><STRONG><a name="[212d09c]"></a>__rt_entry_main</STRONG> (ARM, 0 bytes, Stack size unknown bytes, rtentry2.o(.ARM.Collect$$rtentry$$0000000D))
<BR><BR>[Calls]<UL><LI><a href="#[212cac0]">&gt;&gt;</a>&nbsp;&nbsp;&nbsp;exit (via BX)
</UL>

<P><STRONG><a name="[212d0d8]"></a>__rt_entry_postli_1</STRONG> (ARM, 0 bytes, Stack size unknown bytes, rtentry2.o(.ARM.Collect$$rtentry$$0000000C))

<P><STRONG><a name="[212bcb0]"></a>__rt_exit</STRONG> (ARM, 0 bytes, Stack size unknown bytes, rtexit.o(.ARM.Collect$$rtexit$$00000000))
<BR><BR>[Called By]<UL><LI><a href="#[212cac0]">&gt;&gt;</a>&nbsp;&nbsp;&nbsp;exit (via Veneer)
</UL>

<P><STRONG><a name="[2129b68]"></a>__rt_exit_ls</STRONG> (ARM, 0 bytes, Stack size unknown bytes, rtexit2.o(.ARM.Collect$$rtexit$$00000003))
<BR><BR>[Calls]<UL><LI><a href="#[2128560]">&gt;&gt;</a>&nbsp;&nbsp;&nbsp;__rt_lib_shutdown (via Veneer)
</UL>

<P><STRONG><a name="[2129ba4]"></a>__rt_exit_prels_1</STRONG> (ARM, 0 bytes, Stack size unknown bytes, rtexit2.o(.ARM.Collect$$rtexit$$00000002))

<P><STRONG><a name="[2129b2c]"></a>__rt_exit_exit</STRONG> (ARM, 0 bytes, Stack size unknown bytes, rtexit2.o(.ARM.Collect$$rtexit$$00000004))
<BR><BR>[Calls]<UL><LI><a href="#[2129d84]">&gt;&gt;</a>&nbsp;&nbsp;&nbsp;_sys_exit
</UL>

<P><STRONG><a name="[212f5a4]"></a>__user_initial_stackheap</STRONG> (ARM, 0 bytes, Stack size unknown bytes, startup.o(.text))
<BR><BR>[Called By]<UL><LI><a href="#[212cc28]">&gt;&gt;</a>&nbsp;&nbsp;&nbsp;__user_setup_stackheap
</UL>

<P><STRONG><a name="[212ecf8]"></a>Init_LCD_Pin</STRONG> (ARM, 48 bytes, Stack size 0 bytes, obstacle_avoiding_using_sharpir_sensor.o(.text))
<BR><BR>[Called By]<UL><LI><a href="#[212e938]">&gt;&gt;</a>&nbsp;&nbsp;&nbsp;Init_Ports
</UL>

<P><STRONG><a name="[212ecbc]"></a>DelaymSec</STRONG> (ARM, 44 bytes, Stack size 0 bytes, obstacle_avoiding_using_sharpir_sensor.o(.text))
<BR><BR>[Called By]<UL><LI><a href="#[212e80c]">&gt;&gt;</a>&nbsp;&nbsp;&nbsp;main
<LI><a href="#[212ec08]">&gt;&gt;</a>&nbsp;&nbsp;&nbsp;LCD_Data
<LI><a href="#[212ec44]">&gt;&gt;</a>&nbsp;&nbsp;&nbsp;LCD_4Bit_Mode
<LI><a href="#[212ec80]">&gt;&gt;</a>&nbsp;&nbsp;&nbsp;LCD_Command
</UL>

<P><STRONG><a name="[212ec80]"></a>LCD_Command</STRONG> (ARM, 188 bytes, Stack size 8 bytes, obstacle_avoiding_using_sharpir_sensor.o(.text))
<BR><BR>[Stack]<UL><LI>Max Depth = 8<LI>Call Chain = LCD_Command
</UL>
<BR>[Calls]<UL><LI><a href="#[212ecbc]">&gt;&gt;</a>&nbsp;&nbsp;&nbsp;DelaymSec
</UL>
<BR>[Called By]<UL><LI><a href="#[212eadc]">&gt;&gt;</a>&nbsp;&nbsp;&nbsp;LCD_Cursor
<LI><a href="#[212eb18]">&gt;&gt;</a>&nbsp;&nbsp;&nbsp;LCD_Home
<LI><a href="#[212eb54]">&gt;&gt;</a>&nbsp;&nbsp;&nbsp;LCD_String
<LI><a href="#[212eb90]">&gt;&gt;</a>&nbsp;&nbsp;&nbsp;LCD_Clear
<LI><a href="#[212ebcc]">&gt;&gt;</a>&nbsp;&nbsp;&nbsp;LCD_Init
</UL>

<P><STRONG><a name="[212ec44]"></a>LCD_4Bit_Mode</STRONG> (ARM, 376 bytes, Stack size 4 bytes, obstacle_avoiding_using_sharpir_sensor.o(.text))
<BR><BR>[Stack]<UL><LI>Max Depth = 4<LI>Call Chain = LCD_4Bit_Mode
</UL>
<BR>[Calls]<UL><LI><a href="#[212ecbc]">&gt;&gt;</a>&nbsp;&nbsp;&nbsp;DelaymSec
</UL>
<BR>[Called By]<UL><LI><a href="#[212ebcc]">&gt;&gt;</a>&nbsp;&nbsp;&nbsp;LCD_Init
</UL>

<P><STRONG><a name="[212ec08]"></a>LCD_Data</STRONG> (ARM, 188 bytes, Stack size 8 bytes, obstacle_avoiding_using_sharpir_sensor.o(.text))
<BR><BR>[Stack]<UL><LI>Max Depth = 8<LI>Call Chain = LCD_Data
</UL>
<BR>[Calls]<UL><LI><a href="#[212ecbc]">&gt;&gt;</a>&nbsp;&nbsp;&nbsp;DelaymSec
</UL>
<BR>[Called By]<UL><LI><a href="#[212eaa0]">&gt;&gt;</a>&nbsp;&nbsp;&nbsp;LCD_Print
<LI><a href="#[212eb54]">&gt;&gt;</a>&nbsp;&nbsp;&nbsp;LCD_String
</UL>

<P><STRONG><a name="[212ebcc]"></a>LCD_Init</STRONG> (ARM, 40 bytes, Stack size 4 bytes, obstacle_avoiding_using_sharpir_sensor.o(.text))
<BR><BR>[Stack]<UL><LI>Max Depth = 12<LI>Call Chain = LCD_Init &rArr; LCD_Command
</UL>
<BR>[Calls]<UL><LI><a href="#[212ec44]">&gt;&gt;</a>&nbsp;&nbsp;&nbsp;LCD_4Bit_Mode
<LI><a href="#[212ec80]">&gt;&gt;</a>&nbsp;&nbsp;&nbsp;LCD_Command
</UL>
<BR>[Called By]<UL><LI><a href="#[212e80c]">&gt;&gt;</a>&nbsp;&nbsp;&nbsp;main
</UL>

<P><STRONG><a name="[212eb90]"></a>LCD_Clear</STRONG> (ARM, 20 bytes, Stack size 4 bytes, obstacle_avoiding_using_sharpir_sensor.o(.text))
<BR><BR>[Stack]<UL><LI>Max Depth = 12<LI>Call Chain = LCD_Clear &rArr; LCD_Command
</UL>
<BR>[Calls]<UL><LI><a href="#[212ec80]">&gt;&gt;</a>&nbsp;&nbsp;&nbsp;LCD_Command
</UL>
<BR>[Called By]<UL><LI><a href="#[212e80c]">&gt;&gt;</a>&nbsp;&nbsp;&nbsp;main
</UL>

<P><STRONG><a name="[212eb54]"></a>LCD_String</STRONG> (ARM, 52 bytes, Stack size 8 bytes, obstacle_avoiding_using_sharpir_sensor.o(.text), UNUSED)
<BR><BR>[Calls]<UL><LI><a href="#[212ec08]">&gt;&gt;</a>&nbsp;&nbsp;&nbsp;LCD_Data
<LI><a href="#[212ec80]">&gt;&gt;</a>&nbsp;&nbsp;&nbsp;LCD_Command
</UL>

<P><STRONG><a name="[212eb18]"></a>LCD_Home</STRONG> (ARM, 20 bytes, Stack size 4 bytes, obstacle_avoiding_using_sharpir_sensor.o(.text))
<BR><BR>[Stack]<UL><LI>Max Depth = 12<LI>Call Chain = LCD_Home &rArr; LCD_Command
</UL>
<BR>[Calls]<UL><LI><a href="#[212ec80]">&gt;&gt;</a>&nbsp;&nbsp;&nbsp;LCD_Command
</UL>
<BR>[Called By]<UL><LI><a href="#[212eaa0]">&gt;&gt;</a>&nbsp;&nbsp;&nbsp;LCD_Print
</UL>

<P><STRONG><a name="[212eadc]"></a>LCD_Cursor</STRONG> (ARM, 84 bytes, Stack size 12 bytes, obstacle_avoiding_using_sharpir_sensor.o(.text))
<BR><BR>[Stack]<UL><LI>Max Depth = 20<LI>Call Chain = LCD_Cursor &rArr; LCD_Command
</UL>
<BR>[Calls]<UL><LI><a href="#[212ec80]">&gt;&gt;</a>&nbsp;&nbsp;&nbsp;LCD_Command
</UL>
<BR>[Called By]<UL><LI><a href="#[212eaa0]">&gt;&gt;</a>&nbsp;&nbsp;&nbsp;LCD_Print
</UL>

<P><STRONG><a name="[212eaa0]"></a>LCD_Print</STRONG> (ARM, 364 bytes, Stack size 48 bytes, obstacle_avoiding_using_sharpir_sensor.o(.text))
<BR><BR>[Stack]<UL><LI>Max Depth = 68 + Unknown Stack Size
<LI>Call Chain = LCD_Print &rArr; LCD_Cursor &rArr; LCD_Command
</UL>
<BR>[Calls]<UL><LI><a href="#[212e35c]">&gt;&gt;</a>&nbsp;&nbsp;&nbsp;__aeabi_uidivmod
<LI><a href="#[212eadc]">&gt;&gt;</a>&nbsp;&nbsp;&nbsp;LCD_Cursor
<LI><a href="#[212eb18]">&gt;&gt;</a>&nbsp;&nbsp;&nbsp;LCD_Home
<LI><a href="#[212ec08]">&gt;&gt;</a>&nbsp;&nbsp;&nbsp;LCD_Data
</UL>
<BR>[Called By]<UL><LI><a href="#[212e80c]">&gt;&gt;</a>&nbsp;&nbsp;&nbsp;main
</UL>

<P><STRONG><a name="[212ea64]"></a>Init_ADC_Pin</STRONG> (ARM, 80 bytes, Stack size 0 bytes, obstacle_avoiding_using_sharpir_sensor.o(.text))
<BR><BR>[Called By]<UL><LI><a href="#[212e938]">&gt;&gt;</a>&nbsp;&nbsp;&nbsp;Init_Ports
</UL>

<P><STRONG><a name="[212ea28]"></a>Init_ADC1</STRONG> (ARM, 16 bytes, Stack size 0 bytes, obstacle_avoiding_using_sharpir_sensor.o(.text))
<BR><BR>[Called By]<UL><LI><a href="#[212e8fc]">&gt;&gt;</a>&nbsp;&nbsp;&nbsp;Init_Peripherals
</UL>

<P><STRONG><a name="[212e9ec]"></a>Init_motion_pin</STRONG> (ARM, 128 bytes, Stack size 0 bytes, obstacle_avoiding_using_sharpir_sensor.o(.text))
<BR><BR>[Called By]<UL><LI><a href="#[212e938]">&gt;&gt;</a>&nbsp;&nbsp;&nbsp;Init_Ports
</UL>

<P><STRONG><a name="[212e9b0]"></a>Init_Buzzer_Pin</STRONG> (ARM, 80 bytes, Stack size 0 bytes, obstacle_avoiding_using_sharpir_sensor.o(.text))
<BR><BR>[Called By]<UL><LI><a href="#[212e938]">&gt;&gt;</a>&nbsp;&nbsp;&nbsp;Init_Ports
</UL>

<P><STRONG><a name="[212e974]"></a>AD1_Conversion</STRONG> (ARM, 128 bytes, Stack size 0 bytes, obstacle_avoiding_using_sharpir_sensor.o(.text))
<BR><BR>[Called By]<UL><LI><a href="#[212e80c]">&gt;&gt;</a>&nbsp;&nbsp;&nbsp;main
</UL>

<P><STRONG><a name="[212e938]"></a>Init_Ports</STRONG> (ARM, 28 bytes, Stack size 4 bytes, obstacle_avoiding_using_sharpir_sensor.o(.text))
<BR><BR>[Stack]<UL><LI>Max Depth = 4<LI>Call Chain = Init_Ports
</UL>
<BR>[Calls]<UL><LI><a href="#[212e9b0]">&gt;&gt;</a>&nbsp;&nbsp;&nbsp;Init_Buzzer_Pin
<LI><a href="#[212e9ec]">&gt;&gt;</a>&nbsp;&nbsp;&nbsp;Init_motion_pin
<LI><a href="#[212ea64]">&gt;&gt;</a>&nbsp;&nbsp;&nbsp;Init_ADC_Pin
<LI><a href="#[212ecf8]">&gt;&gt;</a>&nbsp;&nbsp;&nbsp;Init_LCD_Pin
</UL>
<BR>[Called By]<UL><LI><a href="#[212e8fc]">&gt;&gt;</a>&nbsp;&nbsp;&nbsp;Init_Peripherals
</UL>

<P><STRONG><a name="[212e8fc]"></a>Init_Peripherals</STRONG> (ARM, 20 bytes, Stack size 4 bytes, obstacle_avoiding_using_sharpir_sensor.o(.text))
<BR><BR>[Stack]<UL><LI>Max Depth = 8<LI>Call Chain = Init_Peripherals &rArr; Init_Ports
</UL>
<BR>[Calls]<UL><LI><a href="#[212e938]">&gt;&gt;</a>&nbsp;&nbsp;&nbsp;Init_Ports
<LI><a href="#[212ea28]">&gt;&gt;</a>&nbsp;&nbsp;&nbsp;Init_ADC1
</UL>
<BR>[Called By]<UL><LI><a href="#[212e80c]">&gt;&gt;</a>&nbsp;&nbsp;&nbsp;main
</UL>

<P><STRONG><a name="[212e8c0]"></a>forward</STRONG> (ARM, 60 bytes, Stack size 0 bytes, obstacle_avoiding_using_sharpir_sensor.o(.text))
<BR><BR>[Called By]<UL><LI><a href="#[212e80c]">&gt;&gt;</a>&nbsp;&nbsp;&nbsp;main
</UL>

<P><STRONG><a name="[212e884]"></a>right</STRONG> (ARM, 72 bytes, Stack size 0 bytes, obstacle_avoiding_using_sharpir_sensor.o(.text))
<BR><BR>[Called By]<UL><LI><a href="#[212e80c]">&gt;&gt;</a>&nbsp;&nbsp;&nbsp;main
</UL>

<P><STRONG><a name="[212e848]"></a>stop</STRONG> (ARM, 44 bytes, Stack size 0 bytes, obstacle_avoiding_using_sharpir_sensor.o(.text))
<BR><BR>[Called By]<UL><LI><a href="#[212e80c]">&gt;&gt;</a>&nbsp;&nbsp;&nbsp;main
</UL>

<P><STRONG><a name="[212e80c]"></a>main</STRONG> (ARM, 188 bytes, Stack size 8 bytes, obstacle_avoiding_using_sharpir_sensor.o(.text))
<BR><BR>[Stack]<UL><LI>Max Depth = 76 + Unknown Stack Size
<LI>Call Chain = main &rArr; LCD_Print &rArr; LCD_Cursor &rArr; LCD_Command
</UL>
<BR>[Calls]<UL><LI><a href="#[212e848]">&gt;&gt;</a>&nbsp;&nbsp;&nbsp;stop
<LI><a href="#[212e884]">&gt;&gt;</a>&nbsp;&nbsp;&nbsp;right
<LI><a href="#[212e8c0]">&gt;&gt;</a>&nbsp;&nbsp;&nbsp;forward
<LI><a href="#[212e8fc]">&gt;&gt;</a>&nbsp;&nbsp;&nbsp;Init_Peripherals
<LI><a href="#[212e974]">&gt;&gt;</a>&nbsp;&nbsp;&nbsp;AD1_Conversion
<LI><a href="#[212eaa0]">&gt;&gt;</a>&nbsp;&nbsp;&nbsp;LCD_Print
<LI><a href="#[212eb90]">&gt;&gt;</a>&nbsp;&nbsp;&nbsp;LCD_Clear
<LI><a href="#[212ebcc]">&gt;&gt;</a>&nbsp;&nbsp;&nbsp;LCD_Init
<LI><a href="#[212ecbc]">&gt;&gt;</a>&nbsp;&nbsp;&nbsp;DelaymSec
</UL>
<BR>[Address Reference Count : 1]<UL><LI> rtentry2.o(.ARM.Collect$$rtentry$$0000000D)
</UL>
<P><STRONG><a name="[212e410]"></a>__aeabi_idiv</STRONG> (ARM, 0 bytes, Stack size 8 bytes, aeabi_sdiv.o(.text), UNUSED)

<P><STRONG><a name="[212e3d4]"></a>__aeabi_idivmod</STRONG> (ARM, 384 bytes, Stack size 8 bytes, aeabi_sdiv.o(.text), UNUSED)

<P><STRONG><a name="[212dab0]"></a>__use_two_region_memory</STRONG> (Thumb, 2 bytes, Stack size 0 bytes, heapauxi.o(.text), UNUSED)

<P><STRONG><a name="[212da74]"></a>__rt_heap_escrow$2region</STRONG> (Thumb, 2 bytes, Stack size 0 bytes, heapauxi.o(.text), UNUSED)

<P><STRONG><a name="[212da38]"></a>__rt_heap_expand$2region</STRONG> (Thumb, 2 bytes, Stack size 0 bytes, heapauxi.o(.text), UNUSED)

<P><STRONG><a name="[212cc28]"></a>__user_setup_stackheap</STRONG> (ARM, 96 bytes, Stack size 8 bytes, sys_stackheap_outer.o(.text))
<BR><BR>[Stack]<UL><LI>Max Depth = 8 + Unknown Stack Size
<LI>Call Chain = __user_setup_stackheap
</UL>
<BR>[Calls]<UL><LI><a href="#[212bda0]">&gt;&gt;</a>&nbsp;&nbsp;&nbsp;__user_perproc_libspace
<LI><a href="#[212f5a4]">&gt;&gt;</a>&nbsp;&nbsp;&nbsp;__user_initial_stackheap
</UL>
<BR>[Called By]<UL><LI><a href="#[212ce80]">&gt;&gt;</a>&nbsp;&nbsp;&nbsp;__rt_entry_sh
</UL>

<P><STRONG><a name="[212cac0]"></a>exit</STRONG> (Thumb, 12 bytes, Stack size 0 bytes, exit.o(.text))
<BR><BR>[Calls]<UL><LI><a href="#[212bcb0]">&gt;&gt;</a>&nbsp;&nbsp;&nbsp;__rt_exit (via Veneer)
<LI><a href="#[212ca48]">&gt;&gt;</a>&nbsp;&nbsp;&nbsp;_call_atexit_fns (Weak Reference)
</UL>
<BR>[Called By]<UL><LI><a href="#[212d09c]">&gt;&gt;</a>&nbsp;&nbsp;&nbsp;__rt_entry_main
</UL>

<P><STRONG><a name="[212bddc]"></a>__user_libspace</STRONG> (ARM, 12 bytes, Stack size 0 bytes, libspace.o(.text), UNUSED)

<P><STRONG><a name="[212bda0]"></a>__user_perproc_libspace</STRONG> (ARM, 0 bytes, Stack size 0 bytes, libspace.o(.text))
<BR><BR>[Called By]<UL><LI><a href="#[212cc28]">&gt;&gt;</a>&nbsp;&nbsp;&nbsp;__user_setup_stackheap
</UL>

<P><STRONG><a name="[212bd64]"></a>__user_perthread_libspace</STRONG> (ARM, 0 bytes, Stack size 0 bytes, libspace.o(.text), UNUSED)

<P><STRONG><a name="[2129d84]"></a>_sys_exit</STRONG> (ARM, 20 bytes, Stack size 0 bytes, sys_exit.o(.text))
<BR><BR>[Called By]<UL><LI><a href="#[2129b2c]">&gt;&gt;</a>&nbsp;&nbsp;&nbsp;__rt_exit_exit
</UL>

<P><STRONG><a name="[212985c]"></a>__rt_fp_status_addr</STRONG> (ARM, 16 bytes, Stack size 0 bytes, rt_fp_status_addr_intlibspace.o(.text))
<BR><BR>[Called By]<UL><LI><a href="#[2129eec]">&gt;&gt;</a>&nbsp;&nbsp;&nbsp;_fp_init
</UL>

<P><STRONG><a name="[2129190]"></a>__I$use$semihosting</STRONG> (ARM, 0 bytes, Stack size 0 bytes, use_no_semi.o(.text))
<BR>[Address Reference Count : 1]<UL><LI> sys_exit.o(.text)
</UL>
<P><STRONG><a name="[2129154]"></a>__use_no_semihosting_swi</STRONG> (ARM, 4 bytes, Stack size 0 bytes, use_no_semi.o(.text), UNUSED)

<P><STRONG><a name="[212e398]"></a>__aeabi_uidiv</STRONG> (ARM, 0 bytes, Stack size 0 bytes, aeabi_sdiv.o(.text_udiv), UNUSED)

<P><STRONG><a name="[212e35c]"></a>__aeabi_uidivmod</STRONG> (ARM, 28 bytes, Stack size 0 bytes, aeabi_sdiv.o(.text_udiv))
<BR><BR>[Calls]<UL><LI><a href="#[212e44c]">&gt;&gt;</a>&nbsp;&nbsp;&nbsp;__arm_div_large
<LI><a href="#[212e488]">&gt;&gt;</a>&nbsp;&nbsp;&nbsp;__arm_div4
<LI><a href="#[212e4c4]">&gt;&gt;</a>&nbsp;&nbsp;&nbsp;__arm_div8
</UL>
<BR>[Called By]<UL><LI><a href="#[212eaa0]">&gt;&gt;</a>&nbsp;&nbsp;&nbsp;LCD_Print
</UL>

<P><STRONG><a name="[2129eec]"></a>_fp_init</STRONG> (ARM, 24 bytes, Stack size 8 bytes, fpinit.o(x$fpl$fpinit))
<BR><BR>[Stack]<UL><LI>Max Depth = 8<LI>Call Chain = _fp_init
</UL>
<BR>[Calls]<UL><LI><a href="#[212985c]">&gt;&gt;</a>&nbsp;&nbsp;&nbsp;__rt_fp_status_addr
</UL>
<BR>[Called By]<UL><LI><a href="#[212c430]">&gt;&gt;</a>&nbsp;&nbsp;&nbsp;__rt_lib_init (via Veneer)
</UL>

<P><STRONG><a name="[2129eb0]"></a>__fplib_config_pureend_doubles</STRONG> (ARM, 0 bytes, Stack size unknown bytes, fpinit.o(x$fpl$fpinit), UNUSED)
<P>
<H3>
Local Symbols
</H3>
<P><STRONG><a name="[212f7c0]"></a>Undef_Handler</STRONG> (ARM, 4 bytes, Stack size unknown bytes, startup.o(RESET))
<BR><BR>[Calls]<UL><LI><a href="#[212f7c0]">&gt;&gt;</a>&nbsp;&nbsp;&nbsp;Undef_Handler
</UL>
<BR>[Called By]<UL><LI><a href="#[212f7c0]">&gt;&gt;</a>&nbsp;&nbsp;&nbsp;Undef_Handler
</UL>
<BR>[Address Reference Count : 1]<UL><LI> startup.o(RESET)
</UL>
<P><STRONG><a name="[212f784]"></a>SWI_Handler</STRONG> (ARM, 4 bytes, Stack size unknown bytes, startup.o(RESET))
<BR><BR>[Calls]<UL><LI><a href="#[212f784]">&gt;&gt;</a>&nbsp;&nbsp;&nbsp;SWI_Handler
</UL>
<BR>[Called By]<UL><LI><a href="#[212f784]">&gt;&gt;</a>&nbsp;&nbsp;&nbsp;SWI_Handler
</UL>
<BR>[Address Reference Count : 1]<UL><LI> startup.o(RESET)
</UL>
<P><STRONG><a name="[212f748]"></a>PAbt_Handler</STRONG> (ARM, 4 bytes, Stack size unknown bytes, startup.o(RESET))
<BR><BR>[Calls]<UL><LI><a href="#[212f748]">&gt;&gt;</a>&nbsp;&nbsp;&nbsp;PAbt_Handler
</UL>
<BR>[Called By]<UL><LI><a href="#[212f748]">&gt;&gt;</a>&nbsp;&nbsp;&nbsp;PAbt_Handler
</UL>
<BR>[Address Reference Count : 1]<UL><LI> startup.o(RESET)
</UL>
<P><STRONG><a name="[212f70c]"></a>DAbt_Handler</STRONG> (ARM, 4 bytes, Stack size unknown bytes, startup.o(RESET))
<BR><BR>[Calls]<UL><LI><a href="#[212f70c]">&gt;&gt;</a>&nbsp;&nbsp;&nbsp;DAbt_Handler
</UL>
<BR>[Called By]<UL><LI><a href="#[212f70c]">&gt;&gt;</a>&nbsp;&nbsp;&nbsp;DAbt_Handler
</UL>
<BR>[Address Reference Count : 1]<UL><LI> startup.o(RESET)
</UL>
<P><STRONG><a name="[212f6d0]"></a>IRQ_Handler</STRONG> (ARM, 4 bytes, Stack size unknown bytes, startup.o(RESET))
<BR><BR>[Calls]<UL><LI><a href="#[212f6d0]">&gt;&gt;</a>&nbsp;&nbsp;&nbsp;IRQ_Handler
</UL>
<BR>[Called By]<UL><LI><a href="#[212f6d0]">&gt;&gt;</a>&nbsp;&nbsp;&nbsp;IRQ_Handler
</UL>
<BR>[Address Reference Count : 1]<UL><LI> startup.o(RESET)
</UL>
<P><STRONG><a name="[212f694]"></a>FIQ_Handler</STRONG> (ARM, 4 bytes, Stack size unknown bytes, startup.o(RESET))
<BR><BR>[Calls]<UL><LI><a href="#[212f694]">&gt;&gt;</a>&nbsp;&nbsp;&nbsp;FIQ_Handler
</UL>
<BR>[Called By]<UL><LI><a href="#[212f694]">&gt;&gt;</a>&nbsp;&nbsp;&nbsp;FIQ_Handler
</UL>
<BR>[Address Reference Count : 1]<UL><LI> startup.o(RESET)
</UL>
<P><STRONG><a name="[212e4c4]"></a>__arm_div8</STRONG> (ARM, 0 bytes, Stack size unknown bytes, aeabi_sdiv.o(.text))
<BR><BR>[Called By]<UL><LI><a href="#[212e35c]">&gt;&gt;</a>&nbsp;&nbsp;&nbsp;__aeabi_uidivmod
</UL>

<P><STRONG><a name="[212e488]"></a>__arm_div4</STRONG> (ARM, 0 bytes, Stack size unknown bytes, aeabi_sdiv.o(.text))
<BR><BR>[Called By]<UL><LI><a href="#[212e35c]">&gt;&gt;</a>&nbsp;&nbsp;&nbsp;__aeabi_uidivmod
</UL>

<P><STRONG><a name="[212e44c]"></a>__arm_div_large</STRONG> (ARM, 0 bytes, Stack size unknown bytes, aeabi_sdiv.o(.text))
<BR><BR>[Called By]<UL><LI><a href="#[212e35c]">&gt;&gt;</a>&nbsp;&nbsp;&nbsp;__aeabi_uidivmod
</UL>
<P>
<H3>
Undefined Global Symbols
</H3>
<P><STRONG><a name="[212ca48]"></a>_call_atexit_fns</STRONG> (ARM, 0 bytes, Stack size 0 bytes, UNDEFINED)
<BR><BR>[Called By]<UL><LI><a href="#[212cac0]">&gt;&gt;</a>&nbsp;&nbsp;&nbsp;exit
</UL>
<HR></body></html>
