<!doctype html public "-//w3c//dtd html 4.0 transitional//en">
<html><head>
<title>Static Call Graph - [C:\Users\Rahul\Documents\Internship\PROJECT_ARM7\ARM7 based modules\ADC sensor value on LCD\ADC_sensor_value_on_LCD.axf]</title></head>
<body><HR>
<H1>Static Call Graph for image C:\Users\Rahul\Documents\Internship\PROJECT_ARM7\ARM7 based modules\ADC sensor value on LCD\ADC_sensor_value_on_LCD.axf</H1><HR>
<BR><P>#&#060CALLGRAPH&#062# ARM Linker, RVCT4.0 [Build 728]: Last Updated: Fri Jun 26 12:40:54 2015
<BR><P>
<H3>Maximum Stack Usage =         76 bytes + Unknown(Functions without stacksize, Cycles, Untraceable Function Pointers)</H3><H3>
Call chain for Maximum Stack Depth:</H3>
main &rArr; LCD_Print &rArr; LCD_Cursor &rArr; LCD_Command
<P>
<H3>
Functions with no stack information
</H3><UL>
 <LI><a href="#[211f568]">Reset_Handler</a>
 <LI><a href="#[211f5a4]">__user_initial_stackheap</a>
 <LI><a href="#[211f7c0]">Undef_Handler</a>
 <LI><a href="#[211f784]">SWI_Handler</a>
 <LI><a href="#[211f748]">PAbt_Handler</a>
 <LI><a href="#[211f70c]">DAbt_Handler</a>
 <LI><a href="#[211f6d0]">IRQ_Handler</a>
 <LI><a href="#[211f694]">FIQ_Handler</a>
</UL>
</UL>
<P>
<H3>
Mutually Recursive functions
</H3> <LI><a href="#[211f7c0]">Undef_Handler</a>&nbsp;&nbsp;&nbsp;&rArr;&nbsp;&nbsp;&nbsp;<a href="#[211f7c0]">Undef_Handler</a><BR>
 <LI><a href="#[211f784]">SWI_Handler</a>&nbsp;&nbsp;&nbsp;&rArr;&nbsp;&nbsp;&nbsp;<a href="#[211f784]">SWI_Handler</a><BR>
 <LI><a href="#[211f748]">PAbt_Handler</a>&nbsp;&nbsp;&nbsp;&rArr;&nbsp;&nbsp;&nbsp;<a href="#[211f748]">PAbt_Handler</a><BR>
 <LI><a href="#[211f70c]">DAbt_Handler</a>&nbsp;&nbsp;&nbsp;&rArr;&nbsp;&nbsp;&nbsp;<a href="#[211f70c]">DAbt_Handler</a><BR>
 <LI><a href="#[211f6d0]">IRQ_Handler</a>&nbsp;&nbsp;&nbsp;&rArr;&nbsp;&nbsp;&nbsp;<a href="#[211f6d0]">IRQ_Handler</a><BR>
 <LI><a href="#[211f694]">FIQ_Handler</a>&nbsp;&nbsp;&nbsp;&rArr;&nbsp;&nbsp;&nbsp;<a href="#[211f694]">FIQ_Handler</a><BR>
</UL>
<P>
<H3>
Function Pointers
</H3><UL>
 <LI><a href="#[211f568]">Reset_Handler</a>
 <LI><a href="#[211f7c0]">Undef_Handler</a>
 <LI><a href="#[211f784]">SWI_Handler</a>
 <LI><a href="#[211f748]">PAbt_Handler</a>
 <LI><a href="#[211f70c]">DAbt_Handler</a>
 <LI><a href="#[211f6d0]">IRQ_Handler</a>
 <LI><a href="#[211f694]">FIQ_Handler</a>
 <LI><a href="#[211daec]">__main</a>
 <LI><a href="#[211e9b0]">main</a>
 <LI><a href="#[2119334]">__I$use$semihosting</a>
</UL>
<P>
<H3>
Global Symbols
</H3>
<P><STRONG><a name="[211f568]"></a>Reset_Handler</STRONG> (ARM, 0 bytes, Stack size unknown bytes, startup.o(RESET))
<BR>[Address Reference Count : 1]<UL><LI> startup.o(RESET)
</UL>
<P><STRONG><a name="[211daec]"></a>__main</STRONG> (ARM, 8 bytes, Stack size 0 bytes, __main.o(!!!main))
<BR><BR>[Calls]<UL><LI><a href="#[2116e68]">&gt;&gt;</a>&nbsp;&nbsp;&nbsp;__scatterload
<LI><a href="#[211d9c0]">&gt;&gt;</a>&nbsp;&nbsp;&nbsp;__rt_entry
</UL>

<P><STRONG><a name="[2116e68]"></a>__scatterload</STRONG> (ARM, 0 bytes, Stack size unknown bytes, __scatter.o(!!!scatter))
<BR><BR>[Called By]<UL><LI><a href="#[211daec]">&gt;&gt;</a>&nbsp;&nbsp;&nbsp;__main
</UL>

<P><STRONG><a name="[2116e2c]"></a>__scatterload_rt2</STRONG> (ARM, 52 bytes, Stack size unknown bytes, __scatter.o(!!!scatter), UNUSED)
<BR><BR>[Calls]<UL><LI><a href="#[211d9c0]">&gt;&gt;</a>&nbsp;&nbsp;&nbsp;__rt_entry
</UL>

<P><STRONG><a name="[2116df0]"></a>__scatterload_null</STRONG> (ARM, 0 bytes, Stack size unknown bytes, __scatter.o(!!!scatter), UNUSED)

<P><STRONG><a name="[2116c4c]"></a>__scatterload_zeroinit</STRONG> (ARM, 44 bytes, Stack size unknown bytes, __scatter_zi.o(!!handler_zi), UNUSED)

<P><STRONG><a name="[211c5d4]"></a>__rt_lib_init</STRONG> (Thumb, 0 bytes, Stack size unknown bytes, libinit.o(.ARM.Collect$$libinit$$00000000))
<BR><BR>[Stack]<UL><LI>Max Depth = 8 + Unknown Stack Size
<LI>Call Chain = __rt_lib_init &rArr; _fp_init
</UL>
<BR>[Calls]<UL><LI><a href="#[211a090]">&gt;&gt;</a>&nbsp;&nbsp;&nbsp;_fp_init (via Veneer)
</UL>
<BR>[Called By]<UL><LI><a href="#[211d2f4]">&gt;&gt;</a>&nbsp;&nbsp;&nbsp;__rt_entry_li (via Veneer)
</UL>

<P><STRONG><a name="[211a720]"></a>__rt_lib_init_alloca_1</STRONG> (Thumb, 0 bytes, Stack size unknown bytes, libinit2.o(.ARM.Collect$$libinit$$0000002A))

<P><STRONG><a name="[211a798]"></a>__rt_lib_init_argv_1</STRONG> (Thumb, 0 bytes, Stack size unknown bytes, libinit2.o(.ARM.Collect$$libinit$$00000028))

<P><STRONG><a name="[211ab58]"></a>__rt_lib_init_atexit_1</STRONG> (Thumb, 0 bytes, Stack size unknown bytes, libinit2.o(.ARM.Collect$$libinit$$00000017))

<P><STRONG><a name="[211a9f0]"></a>__rt_lib_init_clock_1</STRONG> (Thumb, 0 bytes, Stack size unknown bytes, libinit2.o(.ARM.Collect$$libinit$$0000001D))

<P><STRONG><a name="[211a630]"></a>__rt_lib_init_cpp_1</STRONG> (Thumb, 0 bytes, Stack size unknown bytes, libinit2.o(.ARM.Collect$$libinit$$0000002E))

<P><STRONG><a name="[211a6a8]"></a>__rt_lib_init_exceptions_1</STRONG> (Thumb, 0 bytes, Stack size unknown bytes, libinit2.o(.ARM.Collect$$libinit$$0000002C))

<P><STRONG><a name="[211aa68]"></a>__rt_lib_init_fp_trap_1</STRONG> (Thumb, 0 bytes, Stack size unknown bytes, libinit2.o(.ARM.Collect$$libinit$$0000001B))

<P><STRONG><a name="[211a978]"></a>__rt_lib_init_getenv_1</STRONG> (Thumb, 0 bytes, Stack size unknown bytes, libinit2.o(.ARM.Collect$$libinit$$0000001F))

<P><STRONG><a name="[211af54]"></a>__rt_lib_init_heap_1</STRONG> (Thumb, 0 bytes, Stack size unknown bytes, libinit2.o(.ARM.Collect$$libinit$$00000006))

<P><STRONG><a name="[211adb0]"></a>__rt_lib_init_lc_collate_1</STRONG> (Thumb, 0 bytes, Stack size unknown bytes, libinit2.o(.ARM.Collect$$libinit$$0000000D))

<P><STRONG><a name="[211ad38]"></a>__rt_lib_init_lc_ctype_1</STRONG> (Thumb, 0 bytes, Stack size unknown bytes, libinit2.o(.ARM.Collect$$libinit$$0000000F))

<P><STRONG><a name="[211acc0]"></a>__rt_lib_init_lc_monetary_1</STRONG> (Thumb, 0 bytes, Stack size unknown bytes, libinit2.o(.ARM.Collect$$libinit$$00000011))

<P><STRONG><a name="[211ac48]"></a>__rt_lib_init_lc_numeric_1</STRONG> (Thumb, 0 bytes, Stack size unknown bytes, libinit2.o(.ARM.Collect$$libinit$$00000013))

<P><STRONG><a name="[211abd0]"></a>__rt_lib_init_lc_time_1</STRONG> (Thumb, 0 bytes, Stack size unknown bytes, libinit2.o(.ARM.Collect$$libinit$$00000015))

<P><STRONG><a name="[211ae64]"></a>__rt_lib_init_rand_1</STRONG> (Thumb, 0 bytes, Stack size unknown bytes, libinit2.o(.ARM.Collect$$libinit$$0000000A))

<P><STRONG><a name="[211a5f4]"></a>__rt_lib_init_return</STRONG> (Thumb, 0 bytes, Stack size unknown bytes, libinit2.o(.ARM.Collect$$libinit$$0000002F))

<P><STRONG><a name="[211aae0]"></a>__rt_lib_init_signal_1</STRONG> (Thumb, 0 bytes, Stack size unknown bytes, libinit2.o(.ARM.Collect$$libinit$$00000019))

<P><STRONG><a name="[211a900]"></a>__rt_lib_init_stdio_1</STRONG> (Thumb, 0 bytes, Stack size unknown bytes, libinit2.o(.ARM.Collect$$libinit$$00000021))

<P><STRONG><a name="[211aedc]"></a>__rt_lib_init_user_alloc_1</STRONG> (Thumb, 0 bytes, Stack size unknown bytes, libinit2.o(.ARM.Collect$$libinit$$00000008))

<P><STRONG><a name="[2118704]"></a>__rt_lib_shutdown</STRONG> (Thumb, 0 bytes, Stack size unknown bytes, libshutdown.o(.ARM.Collect$$libshutdown$$00000000))
<BR><BR>[Called By]<UL><LI><a href="#[2119d0c]">&gt;&gt;</a>&nbsp;&nbsp;&nbsp;__rt_exit_ls (via Veneer)
</UL>

<P><STRONG><a name="[21173cc]"></a>__rt_lib_shutdown_fp_trap_1</STRONG> (Thumb, 0 bytes, Stack size unknown bytes, libshutdown2.o(.ARM.Collect$$libshutdown$$00000006))

<P><STRONG><a name="[21171ec]"></a>__rt_lib_shutdown_heap_1</STRONG> (Thumb, 0 bytes, Stack size unknown bytes, libshutdown2.o(.ARM.Collect$$libshutdown$$0000000E))

<P><STRONG><a name="[21171b0]"></a>__rt_lib_shutdown_return</STRONG> (Thumb, 0 bytes, Stack size unknown bytes, libshutdown2.o(.ARM.Collect$$libshutdown$$0000000F))

<P><STRONG><a name="[2117318]"></a>__rt_lib_shutdown_signal_1</STRONG> (Thumb, 0 bytes, Stack size unknown bytes, libshutdown2.o(.ARM.Collect$$libshutdown$$00000009))

<P><STRONG><a name="[2117480]"></a>__rt_lib_shutdown_stdio_1</STRONG> (Thumb, 0 bytes, Stack size unknown bytes, libshutdown2.o(.ARM.Collect$$libshutdown$$00000003))

<P><STRONG><a name="[21172a0]"></a>__rt_lib_shutdown_user_alloc_1</STRONG> (Thumb, 0 bytes, Stack size unknown bytes, libshutdown2.o(.ARM.Collect$$libshutdown$$0000000B))

<P><STRONG><a name="[211d9c0]"></a>__rt_entry</STRONG> (ARM, 0 bytes, Stack size unknown bytes, rtentry.o(.ARM.Collect$$rtentry$$00000000))
<BR><BR>[Called By]<UL><LI><a href="#[2116e2c]">&gt;&gt;</a>&nbsp;&nbsp;&nbsp;__scatterload_rt2
<LI><a href="#[211daec]">&gt;&gt;</a>&nbsp;&nbsp;&nbsp;__main
</UL>

<P><STRONG><a name="[211d3a8]"></a>__rt_entry_presh_1</STRONG> (ARM, 0 bytes, Stack size unknown bytes, rtentry2.o(.ARM.Collect$$rtentry$$00000002))

<P><STRONG><a name="[211d024]"></a>__rt_entry_sh</STRONG> (ARM, 0 bytes, Stack size unknown bytes, rtentry4.o(.ARM.Collect$$rtentry$$00000004))
<BR><BR>[Stack]<UL><LI>Max Depth = 8 + Unknown Stack Size
<LI>Call Chain = __rt_entry_sh &rArr; __user_setup_stackheap
</UL>
<BR>[Calls]<UL><LI><a href="#[211cdcc]">&gt;&gt;</a>&nbsp;&nbsp;&nbsp;__user_setup_stackheap
</UL>

<P><STRONG><a name="[211d2f4]"></a>__rt_entry_li</STRONG> (ARM, 0 bytes, Stack size unknown bytes, rtentry2.o(.ARM.Collect$$rtentry$$0000000A))
<BR><BR>[Stack]<UL><LI>Max Depth = 8 + Unknown Stack Size
<LI>Call Chain = __rt_entry_li &rArr; __rt_lib_init &rArr; _fp_init
</UL>
<BR>[Calls]<UL><LI><a href="#[211c5d4]">&gt;&gt;</a>&nbsp;&nbsp;&nbsp;__rt_lib_init (via Veneer)
</UL>

<P><STRONG><a name="[211d330]"></a>__rt_entry_postsh_1</STRONG> (ARM, 0 bytes, Stack size unknown bytes, rtentry2.o(.ARM.Collect$$rtentry$$00000009))

<P><STRONG><a name="[211d240]"></a>__rt_entry_main</STRONG> (ARM, 0 bytes, Stack size unknown bytes, rtentry2.o(.ARM.Collect$$rtentry$$0000000D))
<BR><BR>[Calls]<UL><LI><a href="#[211cc64]">&gt;&gt;</a>&nbsp;&nbsp;&nbsp;exit (via BX)
</UL>

<P><STRONG><a name="[211d27c]"></a>__rt_entry_postli_1</STRONG> (ARM, 0 bytes, Stack size unknown bytes, rtentry2.o(.ARM.Collect$$rtentry$$0000000C))

<P><STRONG><a name="[211be54]"></a>__rt_exit</STRONG> (ARM, 0 bytes, Stack size unknown bytes, rtexit.o(.ARM.Collect$$rtexit$$00000000))
<BR><BR>[Called By]<UL><LI><a href="#[211cc64]">&gt;&gt;</a>&nbsp;&nbsp;&nbsp;exit (via Veneer)
</UL>

<P><STRONG><a name="[2119d0c]"></a>__rt_exit_ls</STRONG> (ARM, 0 bytes, Stack size unknown bytes, rtexit2.o(.ARM.Collect$$rtexit$$00000003))
<BR><BR>[Calls]<UL><LI><a href="#[2118704]">&gt;&gt;</a>&nbsp;&nbsp;&nbsp;__rt_lib_shutdown (via Veneer)
</UL>

<P><STRONG><a name="[2119d48]"></a>__rt_exit_prels_1</STRONG> (ARM, 0 bytes, Stack size unknown bytes, rtexit2.o(.ARM.Collect$$rtexit$$00000002))

<P><STRONG><a name="[2119cd0]"></a>__rt_exit_exit</STRONG> (ARM, 0 bytes, Stack size unknown bytes, rtexit2.o(.ARM.Collect$$rtexit$$00000004))
<BR><BR>[Calls]<UL><LI><a href="#[2119f28]">&gt;&gt;</a>&nbsp;&nbsp;&nbsp;_sys_exit
</UL>

<P><STRONG><a name="[211f5a4]"></a>__user_initial_stackheap</STRONG> (ARM, 0 bytes, Stack size unknown bytes, startup.o(.text))
<BR><BR>[Called By]<UL><LI><a href="#[211cdcc]">&gt;&gt;</a>&nbsp;&nbsp;&nbsp;__user_setup_stackheap
</UL>

<P><STRONG><a name="[211ede8]"></a>Init_LCD_Pin</STRONG> (ARM, 48 bytes, Stack size 0 bytes, adc_sensor_value_on_lcd.o(.text))
<BR><BR>[Called By]<UL><LI><a href="#[211ea28]">&gt;&gt;</a>&nbsp;&nbsp;&nbsp;Init_Ports
</UL>

<P><STRONG><a name="[211edac]"></a>DelaymSec</STRONG> (ARM, 44 bytes, Stack size 0 bytes, adc_sensor_value_on_lcd.o(.text))
<BR><BR>[Called By]<UL><LI><a href="#[211e9b0]">&gt;&gt;</a>&nbsp;&nbsp;&nbsp;main
<LI><a href="#[211ecf8]">&gt;&gt;</a>&nbsp;&nbsp;&nbsp;LCD_Data
<LI><a href="#[211ed34]">&gt;&gt;</a>&nbsp;&nbsp;&nbsp;LCD_4Bit_Mode
<LI><a href="#[211ed70]">&gt;&gt;</a>&nbsp;&nbsp;&nbsp;LCD_Command
</UL>

<P><STRONG><a name="[211ed70]"></a>LCD_Command</STRONG> (ARM, 188 bytes, Stack size 8 bytes, adc_sensor_value_on_lcd.o(.text))
<BR><BR>[Stack]<UL><LI>Max Depth = 8<LI>Call Chain = LCD_Command
</UL>
<BR>[Calls]<UL><LI><a href="#[211edac]">&gt;&gt;</a>&nbsp;&nbsp;&nbsp;DelaymSec
</UL>
<BR>[Called By]<UL><LI><a href="#[211ebcc]">&gt;&gt;</a>&nbsp;&nbsp;&nbsp;LCD_Cursor
<LI><a href="#[211ec08]">&gt;&gt;</a>&nbsp;&nbsp;&nbsp;LCD_Home
<LI><a href="#[211ec44]">&gt;&gt;</a>&nbsp;&nbsp;&nbsp;LCD_String
<LI><a href="#[211ec80]">&gt;&gt;</a>&nbsp;&nbsp;&nbsp;LCD_Clear
<LI><a href="#[211ecbc]">&gt;&gt;</a>&nbsp;&nbsp;&nbsp;LCD_Init
</UL>

<P><STRONG><a name="[211ed34]"></a>LCD_4Bit_Mode</STRONG> (ARM, 376 bytes, Stack size 4 bytes, adc_sensor_value_on_lcd.o(.text))
<BR><BR>[Stack]<UL><LI>Max Depth = 4<LI>Call Chain = LCD_4Bit_Mode
</UL>
<BR>[Calls]<UL><LI><a href="#[211edac]">&gt;&gt;</a>&nbsp;&nbsp;&nbsp;DelaymSec
</UL>
<BR>[Called By]<UL><LI><a href="#[211ecbc]">&gt;&gt;</a>&nbsp;&nbsp;&nbsp;LCD_Init
</UL>

<P><STRONG><a name="[211ecf8]"></a>LCD_Data</STRONG> (ARM, 188 bytes, Stack size 8 bytes, adc_sensor_value_on_lcd.o(.text))
<BR><BR>[Stack]<UL><LI>Max Depth = 8<LI>Call Chain = LCD_Data
</UL>
<BR>[Calls]<UL><LI><a href="#[211edac]">&gt;&gt;</a>&nbsp;&nbsp;&nbsp;DelaymSec
</UL>
<BR>[Called By]<UL><LI><a href="#[211eb90]">&gt;&gt;</a>&nbsp;&nbsp;&nbsp;LCD_Print
<LI><a href="#[211ec44]">&gt;&gt;</a>&nbsp;&nbsp;&nbsp;LCD_String
</UL>

<P><STRONG><a name="[211ecbc]"></a>LCD_Init</STRONG> (ARM, 40 bytes, Stack size 4 bytes, adc_sensor_value_on_lcd.o(.text))
<BR><BR>[Stack]<UL><LI>Max Depth = 12<LI>Call Chain = LCD_Init &rArr; LCD_Command
</UL>
<BR>[Calls]<UL><LI><a href="#[211ed34]">&gt;&gt;</a>&nbsp;&nbsp;&nbsp;LCD_4Bit_Mode
<LI><a href="#[211ed70]">&gt;&gt;</a>&nbsp;&nbsp;&nbsp;LCD_Command
</UL>
<BR>[Called By]<UL><LI><a href="#[211e9b0]">&gt;&gt;</a>&nbsp;&nbsp;&nbsp;main
</UL>

<P><STRONG><a name="[211ec80]"></a>LCD_Clear</STRONG> (ARM, 20 bytes, Stack size 4 bytes, adc_sensor_value_on_lcd.o(.text))
<BR><BR>[Stack]<UL><LI>Max Depth = 12<LI>Call Chain = LCD_Clear &rArr; LCD_Command
</UL>
<BR>[Calls]<UL><LI><a href="#[211ed70]">&gt;&gt;</a>&nbsp;&nbsp;&nbsp;LCD_Command
</UL>
<BR>[Called By]<UL><LI><a href="#[211e9b0]">&gt;&gt;</a>&nbsp;&nbsp;&nbsp;main
</UL>

<P><STRONG><a name="[211ec44]"></a>LCD_String</STRONG> (ARM, 52 bytes, Stack size 8 bytes, adc_sensor_value_on_lcd.o(.text), UNUSED)
<BR><BR>[Calls]<UL><LI><a href="#[211ecf8]">&gt;&gt;</a>&nbsp;&nbsp;&nbsp;LCD_Data
<LI><a href="#[211ed70]">&gt;&gt;</a>&nbsp;&nbsp;&nbsp;LCD_Command
</UL>

<P><STRONG><a name="[211ec08]"></a>LCD_Home</STRONG> (ARM, 20 bytes, Stack size 4 bytes, adc_sensor_value_on_lcd.o(.text))
<BR><BR>[Stack]<UL><LI>Max Depth = 12<LI>Call Chain = LCD_Home &rArr; LCD_Command
</UL>
<BR>[Calls]<UL><LI><a href="#[211ed70]">&gt;&gt;</a>&nbsp;&nbsp;&nbsp;LCD_Command
</UL>
<BR>[Called By]<UL><LI><a href="#[211eb90]">&gt;&gt;</a>&nbsp;&nbsp;&nbsp;LCD_Print
</UL>

<P><STRONG><a name="[211ebcc]"></a>LCD_Cursor</STRONG> (ARM, 84 bytes, Stack size 12 bytes, adc_sensor_value_on_lcd.o(.text))
<BR><BR>[Stack]<UL><LI>Max Depth = 20<LI>Call Chain = LCD_Cursor &rArr; LCD_Command
</UL>
<BR>[Calls]<UL><LI><a href="#[211ed70]">&gt;&gt;</a>&nbsp;&nbsp;&nbsp;LCD_Command
</UL>
<BR>[Called By]<UL><LI><a href="#[211eb90]">&gt;&gt;</a>&nbsp;&nbsp;&nbsp;LCD_Print
</UL>

<P><STRONG><a name="[211eb90]"></a>LCD_Print</STRONG> (ARM, 364 bytes, Stack size 48 bytes, adc_sensor_value_on_lcd.o(.text))
<BR><BR>[Stack]<UL><LI>Max Depth = 68 + Unknown Stack Size
<LI>Call Chain = LCD_Print &rArr; LCD_Cursor &rArr; LCD_Command
</UL>
<BR>[Calls]<UL><LI><a href="#[211e500]">&gt;&gt;</a>&nbsp;&nbsp;&nbsp;__aeabi_uidivmod
<LI><a href="#[211ebcc]">&gt;&gt;</a>&nbsp;&nbsp;&nbsp;LCD_Cursor
<LI><a href="#[211ec08]">&gt;&gt;</a>&nbsp;&nbsp;&nbsp;LCD_Home
<LI><a href="#[211ecf8]">&gt;&gt;</a>&nbsp;&nbsp;&nbsp;LCD_Data
</UL>
<BR>[Called By]<UL><LI><a href="#[211e9b0]">&gt;&gt;</a>&nbsp;&nbsp;&nbsp;main
</UL>

<P><STRONG><a name="[211eb54]"></a>Init_ADC_Pin</STRONG> (ARM, 80 bytes, Stack size 0 bytes, adc_sensor_value_on_lcd.o(.text))
<BR><BR>[Called By]<UL><LI><a href="#[211ea28]">&gt;&gt;</a>&nbsp;&nbsp;&nbsp;Init_Ports
</UL>

<P><STRONG><a name="[211eb18]"></a>Init_ADC0</STRONG> (ARM, 16 bytes, Stack size 0 bytes, adc_sensor_value_on_lcd.o(.text))
<BR><BR>[Called By]<UL><LI><a href="#[211e9ec]">&gt;&gt;</a>&nbsp;&nbsp;&nbsp;Init_Peripherals
</UL>

<P><STRONG><a name="[211eadc]"></a>Init_ADC1</STRONG> (ARM, 16 bytes, Stack size 0 bytes, adc_sensor_value_on_lcd.o(.text))
<BR><BR>[Called By]<UL><LI><a href="#[211e9ec]">&gt;&gt;</a>&nbsp;&nbsp;&nbsp;Init_Peripherals
</UL>

<P><STRONG><a name="[211eaa0]"></a>AD0_Conversion</STRONG> (ARM, 128 bytes, Stack size 0 bytes, adc_sensor_value_on_lcd.o(.text))
<BR><BR>[Called By]<UL><LI><a href="#[211e9b0]">&gt;&gt;</a>&nbsp;&nbsp;&nbsp;main
</UL>

<P><STRONG><a name="[211ea64]"></a>AD1_Conversion</STRONG> (ARM, 128 bytes, Stack size 0 bytes, adc_sensor_value_on_lcd.o(.text))
<BR><BR>[Called By]<UL><LI><a href="#[211e9b0]">&gt;&gt;</a>&nbsp;&nbsp;&nbsp;main
</UL>

<P><STRONG><a name="[211ea28]"></a>Init_Ports</STRONG> (ARM, 20 bytes, Stack size 4 bytes, adc_sensor_value_on_lcd.o(.text))
<BR><BR>[Stack]<UL><LI>Max Depth = 4<LI>Call Chain = Init_Ports
</UL>
<BR>[Calls]<UL><LI><a href="#[211eb54]">&gt;&gt;</a>&nbsp;&nbsp;&nbsp;Init_ADC_Pin
<LI><a href="#[211ede8]">&gt;&gt;</a>&nbsp;&nbsp;&nbsp;Init_LCD_Pin
</UL>
<BR>[Called By]<UL><LI><a href="#[211e9ec]">&gt;&gt;</a>&nbsp;&nbsp;&nbsp;Init_Peripherals
</UL>

<P><STRONG><a name="[211e9ec]"></a>Init_Peripherals</STRONG> (ARM, 24 bytes, Stack size 4 bytes, adc_sensor_value_on_lcd.o(.text))
<BR><BR>[Stack]<UL><LI>Max Depth = 8<LI>Call Chain = Init_Peripherals &rArr; Init_Ports
</UL>
<BR>[Calls]<UL><LI><a href="#[211ea28]">&gt;&gt;</a>&nbsp;&nbsp;&nbsp;Init_Ports
<LI><a href="#[211eadc]">&gt;&gt;</a>&nbsp;&nbsp;&nbsp;Init_ADC1
<LI><a href="#[211eb18]">&gt;&gt;</a>&nbsp;&nbsp;&nbsp;Init_ADC0
</UL>
<BR>[Called By]<UL><LI><a href="#[211e9b0]">&gt;&gt;</a>&nbsp;&nbsp;&nbsp;main
</UL>

<P><STRONG><a name="[211e9b0]"></a>main</STRONG> (ARM, 292 bytes, Stack size 8 bytes, adc_sensor_value_on_lcd.o(.text))
<BR><BR>[Stack]<UL><LI>Max Depth = 76 + Unknown Stack Size
<LI>Call Chain = main &rArr; LCD_Print &rArr; LCD_Cursor &rArr; LCD_Command
</UL>
<BR>[Calls]<UL><LI><a href="#[211e9ec]">&gt;&gt;</a>&nbsp;&nbsp;&nbsp;Init_Peripherals
<LI><a href="#[211ea64]">&gt;&gt;</a>&nbsp;&nbsp;&nbsp;AD1_Conversion
<LI><a href="#[211eaa0]">&gt;&gt;</a>&nbsp;&nbsp;&nbsp;AD0_Conversion
<LI><a href="#[211eb90]">&gt;&gt;</a>&nbsp;&nbsp;&nbsp;LCD_Print
<LI><a href="#[211ec80]">&gt;&gt;</a>&nbsp;&nbsp;&nbsp;LCD_Clear
<LI><a href="#[211ecbc]">&gt;&gt;</a>&nbsp;&nbsp;&nbsp;LCD_Init
<LI><a href="#[211edac]">&gt;&gt;</a>&nbsp;&nbsp;&nbsp;DelaymSec
</UL>
<BR>[Address Reference Count : 1]<UL><LI> rtentry2.o(.ARM.Collect$$rtentry$$0000000D)
</UL>
<P><STRONG><a name="[211e5b4]"></a>__aeabi_idiv</STRONG> (ARM, 0 bytes, Stack size 8 bytes, aeabi_sdiv.o(.text), UNUSED)

<P><STRONG><a name="[211e578]"></a>__aeabi_idivmod</STRONG> (ARM, 384 bytes, Stack size 8 bytes, aeabi_sdiv.o(.text), UNUSED)

<P><STRONG><a name="[211dc54]"></a>__use_two_region_memory</STRONG> (Thumb, 2 bytes, Stack size 0 bytes, heapauxi.o(.text), UNUSED)

<P><STRONG><a name="[211dc18]"></a>__rt_heap_escrow$2region</STRONG> (Thumb, 2 bytes, Stack size 0 bytes, heapauxi.o(.text), UNUSED)

<P><STRONG><a name="[211dbdc]"></a>__rt_heap_expand$2region</STRONG> (Thumb, 2 bytes, Stack size 0 bytes, heapauxi.o(.text), UNUSED)

<P><STRONG><a name="[211cdcc]"></a>__user_setup_stackheap</STRONG> (ARM, 96 bytes, Stack size 8 bytes, sys_stackheap_outer.o(.text))
<BR><BR>[Stack]<UL><LI>Max Depth = 8 + Unknown Stack Size
<LI>Call Chain = __user_setup_stackheap
</UL>
<BR>[Calls]<UL><LI><a href="#[211bf44]">&gt;&gt;</a>&nbsp;&nbsp;&nbsp;__user_perproc_libspace
<LI><a href="#[211f5a4]">&gt;&gt;</a>&nbsp;&nbsp;&nbsp;__user_initial_stackheap
</UL>
<BR>[Called By]<UL><LI><a href="#[211d024]">&gt;&gt;</a>&nbsp;&nbsp;&nbsp;__rt_entry_sh
</UL>

<P><STRONG><a name="[211cc64]"></a>exit</STRONG> (Thumb, 12 bytes, Stack size 0 bytes, exit.o(.text))
<BR><BR>[Calls]<UL><LI><a href="#[211be54]">&gt;&gt;</a>&nbsp;&nbsp;&nbsp;__rt_exit (via Veneer)
<LI><a href="#[211cbec]">&gt;&gt;</a>&nbsp;&nbsp;&nbsp;_call_atexit_fns (Weak Reference)
</UL>
<BR>[Called By]<UL><LI><a href="#[211d240]">&gt;&gt;</a>&nbsp;&nbsp;&nbsp;__rt_entry_main
</UL>

<P><STRONG><a name="[211bf80]"></a>__user_libspace</STRONG> (ARM, 12 bytes, Stack size 0 bytes, libspace.o(.text), UNUSED)

<P><STRONG><a name="[211bf44]"></a>__user_perproc_libspace</STRONG> (ARM, 0 bytes, Stack size 0 bytes, libspace.o(.text))
<BR><BR>[Called By]<UL><LI><a href="#[211cdcc]">&gt;&gt;</a>&nbsp;&nbsp;&nbsp;__user_setup_stackheap
</UL>

<P><STRONG><a name="[211bf08]"></a>__user_perthread_libspace</STRONG> (ARM, 0 bytes, Stack size 0 bytes, libspace.o(.text), UNUSED)

<P><STRONG><a name="[2119f28]"></a>_sys_exit</STRONG> (ARM, 20 bytes, Stack size 0 bytes, sys_exit.o(.text))
<BR><BR>[Called By]<UL><LI><a href="#[2119cd0]">&gt;&gt;</a>&nbsp;&nbsp;&nbsp;__rt_exit_exit
</UL>

<P><STRONG><a name="[2119a00]"></a>__rt_fp_status_addr</STRONG> (ARM, 16 bytes, Stack size 0 bytes, rt_fp_status_addr_intlibspace.o(.text))
<BR><BR>[Called By]<UL><LI><a href="#[211a090]">&gt;&gt;</a>&nbsp;&nbsp;&nbsp;_fp_init
</UL>

<P><STRONG><a name="[2119334]"></a>__I$use$semihosting</STRONG> (ARM, 0 bytes, Stack size 0 bytes, use_no_semi.o(.text))
<BR>[Address Reference Count : 1]<UL><LI> sys_exit.o(.text)
</UL>
<P><STRONG><a name="[21192f8]"></a>__use_no_semihosting_swi</STRONG> (ARM, 4 bytes, Stack size 0 bytes, use_no_semi.o(.text), UNUSED)

<P><STRONG><a name="[211e53c]"></a>__aeabi_uidiv</STRONG> (ARM, 0 bytes, Stack size 0 bytes, aeabi_sdiv.o(.text_udiv), UNUSED)

<P><STRONG><a name="[211e500]"></a>__aeabi_uidivmod</STRONG> (ARM, 28 bytes, Stack size 0 bytes, aeabi_sdiv.o(.text_udiv))
<BR><BR>[Calls]<UL><LI><a href="#[211e5f0]">&gt;&gt;</a>&nbsp;&nbsp;&nbsp;__arm_div_large
<LI><a href="#[211e62c]">&gt;&gt;</a>&nbsp;&nbsp;&nbsp;__arm_div4
<LI><a href="#[211e668]">&gt;&gt;</a>&nbsp;&nbsp;&nbsp;__arm_div8
</UL>
<BR>[Called By]<UL><LI><a href="#[211eb90]">&gt;&gt;</a>&nbsp;&nbsp;&nbsp;LCD_Print
</UL>

<P><STRONG><a name="[211a090]"></a>_fp_init</STRONG> (ARM, 24 bytes, Stack size 8 bytes, fpinit.o(x$fpl$fpinit))
<BR><BR>[Stack]<UL><LI>Max Depth = 8<LI>Call Chain = _fp_init
</UL>
<BR>[Calls]<UL><LI><a href="#[2119a00]">&gt;&gt;</a>&nbsp;&nbsp;&nbsp;__rt_fp_status_addr
</UL>
<BR>[Called By]<UL><LI><a href="#[211c5d4]">&gt;&gt;</a>&nbsp;&nbsp;&nbsp;__rt_lib_init (via Veneer)
</UL>

<P><STRONG><a name="[211a054]"></a>__fplib_config_pureend_doubles</STRONG> (ARM, 0 bytes, Stack size unknown bytes, fpinit.o(x$fpl$fpinit), UNUSED)
<P>
<H3>
Local Symbols
</H3>
<P><STRONG><a name="[211f7c0]"></a>Undef_Handler</STRONG> (ARM, 4 bytes, Stack size unknown bytes, startup.o(RESET))
<BR><BR>[Calls]<UL><LI><a href="#[211f7c0]">&gt;&gt;</a>&nbsp;&nbsp;&nbsp;Undef_Handler
</UL>
<BR>[Called By]<UL><LI><a href="#[211f7c0]">&gt;&gt;</a>&nbsp;&nbsp;&nbsp;Undef_Handler
</UL>
<BR>[Address Reference Count : 1]<UL><LI> startup.o(RESET)
</UL>
<P><STRONG><a name="[211f784]"></a>SWI_Handler</STRONG> (ARM, 4 bytes, Stack size unknown bytes, startup.o(RESET))
<BR><BR>[Calls]<UL><LI><a href="#[211f784]">&gt;&gt;</a>&nbsp;&nbsp;&nbsp;SWI_Handler
</UL>
<BR>[Called By]<UL><LI><a href="#[211f784]">&gt;&gt;</a>&nbsp;&nbsp;&nbsp;SWI_Handler
</UL>
<BR>[Address Reference Count : 1]<UL><LI> startup.o(RESET)
</UL>
<P><STRONG><a name="[211f748]"></a>PAbt_Handler</STRONG> (ARM, 4 bytes, Stack size unknown bytes, startup.o(RESET))
<BR><BR>[Calls]<UL><LI><a href="#[211f748]">&gt;&gt;</a>&nbsp;&nbsp;&nbsp;PAbt_Handler
</UL>
<BR>[Called By]<UL><LI><a href="#[211f748]">&gt;&gt;</a>&nbsp;&nbsp;&nbsp;PAbt_Handler
</UL>
<BR>[Address Reference Count : 1]<UL><LI> startup.o(RESET)
</UL>
<P><STRONG><a name="[211f70c]"></a>DAbt_Handler</STRONG> (ARM, 4 bytes, Stack size unknown bytes, startup.o(RESET))
<BR><BR>[Calls]<UL><LI><a href="#[211f70c]">&gt;&gt;</a>&nbsp;&nbsp;&nbsp;DAbt_Handler
</UL>
<BR>[Called By]<UL><LI><a href="#[211f70c]">&gt;&gt;</a>&nbsp;&nbsp;&nbsp;DAbt_Handler
</UL>
<BR>[Address Reference Count : 1]<UL><LI> startup.o(RESET)
</UL>
<P><STRONG><a name="[211f6d0]"></a>IRQ_Handler</STRONG> (ARM, 4 bytes, Stack size unknown bytes, startup.o(RESET))
<BR><BR>[Calls]<UL><LI><a href="#[211f6d0]">&gt;&gt;</a>&nbsp;&nbsp;&nbsp;IRQ_Handler
</UL>
<BR>[Called By]<UL><LI><a href="#[211f6d0]">&gt;&gt;</a>&nbsp;&nbsp;&nbsp;IRQ_Handler
</UL>
<BR>[Address Reference Count : 1]<UL><LI> startup.o(RESET)
</UL>
<P><STRONG><a name="[211f694]"></a>FIQ_Handler</STRONG> (ARM, 4 bytes, Stack size unknown bytes, startup.o(RESET))
<BR><BR>[Calls]<UL><LI><a href="#[211f694]">&gt;&gt;</a>&nbsp;&nbsp;&nbsp;FIQ_Handler
</UL>
<BR>[Called By]<UL><LI><a href="#[211f694]">&gt;&gt;</a>&nbsp;&nbsp;&nbsp;FIQ_Handler
</UL>
<BR>[Address Reference Count : 1]<UL><LI> startup.o(RESET)
</UL>
<P><STRONG><a name="[211e668]"></a>__arm_div8</STRONG> (ARM, 0 bytes, Stack size unknown bytes, aeabi_sdiv.o(.text))
<BR><BR>[Called By]<UL><LI><a href="#[211e500]">&gt;&gt;</a>&nbsp;&nbsp;&nbsp;__aeabi_uidivmod
</UL>

<P><STRONG><a name="[211e62c]"></a>__arm_div4</STRONG> (ARM, 0 bytes, Stack size unknown bytes, aeabi_sdiv.o(.text))
<BR><BR>[Called By]<UL><LI><a href="#[211e500]">&gt;&gt;</a>&nbsp;&nbsp;&nbsp;__aeabi_uidivmod
</UL>

<P><STRONG><a name="[211e5f0]"></a>__arm_div_large</STRONG> (ARM, 0 bytes, Stack size unknown bytes, aeabi_sdiv.o(.text))
<BR><BR>[Called By]<UL><LI><a href="#[211e500]">&gt;&gt;</a>&nbsp;&nbsp;&nbsp;__aeabi_uidivmod
</UL>
<P>
<H3>
Undefined Global Symbols
</H3>
<P><STRONG><a name="[211cbec]"></a>_call_atexit_fns</STRONG> (ARM, 0 bytes, Stack size 0 bytes, UNDEFINED)
<BR><BR>[Called By]<UL><LI><a href="#[211cc64]">&gt;&gt;</a>&nbsp;&nbsp;&nbsp;exit
</UL>
<HR></body></html>
